
Running 447 tests using 8 workers

  ✓    1 [firefox] › test\integration\app-functionality\app\editor.spec.js:31:3 › Application Launch › should have A4 aspect ratio on the editor element (56ms)
  ✓    2 [firefox] › test\integration\app-functionality\app\editor.spec.js:23:3 › Application Launch › should create a window (14ms)
  ✓    3 [firefox] › test\integration\app-functionality\app\editor.spec.js:55:3 › Editor Container › should have a toolbar (53ms)
  ✓    4 [firefox] › test\integration\app-functionality\app\editor.spec.js:50:3 › Editor Container › should have an editor element (55ms)
  ✓    5 [firefox] › test\integration\app-functionality\app\editor.spec.js:60:3 › Editor Container › editor should be editable (53ms)
  ✓    6 [firefox] › test\integration\app-functionality\app\editor.spec.js:95:3 › Keyboard Shortcuts › should handle Ctrl+Z for undo (128ms)
  ✓    7 [firefox] › test\integration\app-functionality\app\editor.spec.js:68:3 › Toolbar › should have formatting buttons (89ms)
  ✓    8 [firefox] › test\integration\app-functionality\app\editor.spec.js:84:3 › Text Input › should allow typing in the editor (143ms)
  ✓    9 [firefox] › test\integration\app-functionality\app\file-buttons.spec.js:39:1 › file-button group exists and contains three buttons (12ms)
  ✓   10 [firefox] › test\integration\app-functionality\app\file-buttons.spec.js:57:1 › file buttons contain SVG icons (6ms)
  ✓   11 [firefox] › test\integration\app-functionality\app\file-buttons.spec.js:85:1 › toolbar heading button activates after switching back to a tab with a heading (2.4s)
  ✓   12 [firefox] › test\integration\app-functionality\app\file-buttons.spec.js:47:1 › file buttons have correct labels (12ms)
  ✓   13 [firefox] › test\integration\app-functionality\app\file-buttons.spec.js:63:1 › file-button group is left-aligned, content toolbar is centred (20ms)
  ✓   14 [firefox] › test\integration\app-functionality\app\file-buttons.spec.js:157:1 › cursor position is preserved across tab switch with inline formatting (2.3s)
  ✓   15 [firefox] › test\integration\app-functionality\app\file-buttons.spec.js:245:1 › toolbar bold+italic buttons activate after switching back to a tab with formatted text (2.4s)
  ✓   16 [firefox] › test\integration\app-functionality\app\load-images.spec.js:13:1 › images in a loaded markdown file resolve and load successfully (3.3s)
  ✓   17 [firefox] › test\integration\app-functionality\app\page-height.spec.js:29:1 › editor page height grows when content exceeds initial min-height (3.4s)
  ✓   18 [firefox] › test\integration\app-functionality\app\page-resize.spec.js:64:1 › resize handles are visible in writing mode (36ms)
  ✓   19 [firefox] › test\integration\app-functionality\app\page-resize.spec.js:72:1 › resize handles are visible in source2 mode (59ms)
  ✓   20 [firefox] › test\integration\app-functionality\app\page-resize.spec.js:81:1 › dragging the right handle increases page width (256ms)
  ✓   21 [firefox] › test\integration\app-functionality\app\file-buttons.spec.js:108:1 › cursor position is preserved across tab switch in writing mode (3.0s)
  ✓   22 [firefox] › test\integration\app-functionality\app\page-resize.spec.js:105:1 › dragging the left handle increases page width (240ms)
  ✓   23 [firefox] › test\integration\app-functionality\app\file-buttons.spec.js:205:1 › cursor position from real click is preserved across tab switch (3.0s)
  ✓   24 [firefox] › test\integration\app-functionality\app\page-resize.spec.js:129:1 › page width is persisted to settings after drag (262ms)
  ✓   25 [firefox] › test\integration\app-functionality\app\reload.spec.js:29:1 › reload restores a saved file from disk (139ms)
  ✓   26 [firefox] › test\integration\app-functionality\app\search.spec.js:53:1 › Ctrl+F opens the search bar (73ms)
  ✓   27 [firefox] › test\integration\app-functionality\app\search.spec.js:68:1 › Escape closes the search bar (32ms)
  ✓   28 [firefox] › test\integration\app-functionality\app\search.spec.js:77:1 › Escape closes the search bar when editor is focused (35ms)
  ✓   29 [firefox] › test\integration\app-functionality\app\search.spec.js:88:1 › Ctrl+F while open selects the search text (70ms)
  ✘   30 [firefox] › test\integration\app-functionality\app\search.spec.js:104:1 › plain text search highlights matches in source view (48ms)
  ✓   31 [firefox] › test\integration\app-functionality\app\search.spec.js:145:1 › case sensitive toggle restricts matches (4.1s)
  ✓   32 [firefox] › test\integration\app-functionality\app\search.spec.js:201:1 › Enter navigates to next match (85ms)
  ✘   33 [firefox] › test\integration\app-functionality\app\search.spec.js:218:1 › Shift+Enter navigates to previous match (5.0s)
  ✘   34 [firefox] › test\integration\app-functionality\app\search.spec.js:301:1 › highlights are removed when search bar closes (91ms)
  ✓   35 [firefox] › test\integration\app-functionality\app\search.spec.js:256:1 › search works in writing view (bare text) (104ms)
  ✘   36 [firefox] › test\integration\app-functionality\app\search.spec.js:342:1 › regex can match across element boundaries (2.1s)
  ✓   37 [firefox] › test\integration\app-functionality\app\search.spec.js:272:1 › writing view search does not match markdown syntax (44ms)
  ✘   38 [firefox] › test\integration\app-functionality\app\search.spec.js:287:1 › source view search matches markdown syntax (5.0s)
  ✘   39 [firefox] › test\integration\app-functionality\app\search.spec.js:397:1 › initial match is closest to cursor position (5.0s)
  ✓   40 [firefox] › test\integration\app-functionality\app\session-save.spec.js:35:1 › flushing open files saves the current cursorPath (69ms)
  ✘   41 [firefox] › test\integration\app-functionality\app\search.spec.js:164:1 › regex search finds pattern matches (5.0s)
  ✓   42 [firefox] › test\integration\app-functionality\app\search.spec.js:320:1 › close button closes the search bar (1.1s)
  ✓   43 [firefox] › test\integration\app-functionality\app\session-save.spec.js:78:1 › flushing open files saves the active ToC heading path (75ms)
  ✘   44 [firefox] › test\integration\app-functionality\app\search.spec.js:127:1 › plain text search is case insensitive by default (113ms)
  ✓   45 [firefox] › test\integration\app-functionality\app\search.spec.js:329:1 › shows "No results" for unmatched query (40ms)
  ✘   46 [firefox] › test\integration\app-functionality\app\session-save.spec.js:151:1 › reopening the app restores cursor position and ToC heading (5.0s)
  ✓   47 [firefox] › test\integration\app-functionality\app\search.spec.js:237:1 › next/prev buttons navigate matches (4.1s)
  ✓   48 [firefox] › test\integration\app-functionality\app\search.spec.js:363:1 › plain text search requires at least 2 characters (115ms)
  ✓   49 …tegration\app-functionality\document\code-block-trailing-paragraph.spec.js:37:1 › loading a document that ends in a code block appends a phantom paragraph in the DOM (75ms)
  ✘   50 [firefox] › test\integration\app-functionality\app\search.spec.js:380:1 › regex search still works with single character (5.0s)
  ✓   51 [firefox] › test\integration\app-functionality\document\code-block-trailing-paragraph.spec.js:54:1 › typing in the phantom paragraph promotes it to a real tree node (592ms)
  ✓   52 …irefox] › test\integration\app-functionality\document\details-trailing-paragraph.spec.js:40:1 › loading a document that ends in </details> appends an empty paragraph (62ms)
  ✓   53 …fox] › test\integration\app-functionality\document\details-trailing-paragraph.spec.js:57:1 › deleting all content after </details> re-creates the trailing paragraph (710ms)
  ✓   54 …irefox] › test\integration\app-functionality\document\details-collapse-toggle.spec.js:35:1 › clicking the disclosure triangle collapses and expands the details body (683ms)
  ✓   55 [firefox] › test\integration\app-functionality\app\search.spec.js:185:1 › invalid regex shows no results instead of error (4.1s)
  ✓   56 [firefox] › test\integration\app-functionality\document\details-trailing-paragraph.spec.js:87:1 › user can type in the auto-created trailing paragraph (567ms)
  ✓   57 [firefox] › test\integration\app-functionality\document\html-block.spec.js:35:1 › ToC includes heading nested inside an HTML block (12ms)
  ✓   58 [firefox] › test\integration\app-functionality\document\html-block.spec.js:48:1 › toolbar flags heading inside HTML block as h2 (229ms)
  ✓   59 [firefox] › test\integration\app-functionality\document\html-image.spec.js:33:1 › HTML img tag is parsed as an image node in writing mode (42ms)
  ✓   60 [firefox] › test\integration\app-functionality\document\html-image.spec.js:45:1 › clicking HTML img in writing mode opens edit modal with style field (4.1s)
  ✓   61 [firefox] › test\integration\app-functionality\document\html-block.spec.js:62:1 › toolbar flags heading after HTML block as h2 (240ms)
  ✓   62 [firefox] › test\integration\app-functionality\document\html-image.spec.js:81:1 › editing style via modal updates the parse tree (2.1s)
  ✓   63 [firefox] › test\integration\app-functionality\document\html-image.spec.js:108:1 › clearing style converts HTML img to markdown syntax (2.1s)
  ✓   64 [firefox] › test\integration\app-functionality\document\iframe.spec.js:17:1 › iframe elements render in the editor (2.2s)
  ✓   65 [firefox] › test\integration\app-functionality\document\html-image.spec.js:135:1 › markdown image without style does not show style in modal (4.1s)
  ✓   66 [firefox] › test\integration\app-functionality\document\inline-html.spec.js:51:1 › <sub> renders as subscript when unfocused (483ms)
  ✓   67 [firefox] › test\integration\app-functionality\document\inline-html.spec.js:82:1 › <mark> renders as highlighted text when unfocused (477ms)
  ✓   68 [firefox] › test\integration\app-functionality\document\inline-html.spec.js:112:1 › <s> renders as strikethrough when unfocused (481ms)
  ✓   69 [firefox] › test\integration\app-functionality\document\inline-html.spec.js:142:1 › HTML <em> renders like markdown italic when unfocused (468ms)
  ✓   70 [firefox] › test\integration\app-functionality\document\inline-html.spec.js:67:1 › <sup> renders as superscript when unfocused (457ms)
  ✓   71 [firefox] › test\integration\app-functionality\document\inline-html.spec.js:97:1 › <u> renders as underlined text when unfocused (446ms)
  ✓   72 [firefox] › test\integration\app-functionality\document\inline-html.spec.js:127:1 › HTML <strong> renders like markdown bold when unfocused (438ms)
  ✓   73 [firefox] › test\integration\app-functionality\document\inline-html.spec.js:157:1 › HTML <del> renders like markdown strikethrough when unfocused (465ms)
  ✓   74 [firefox] › test\integration\app-functionality\document\inline-html.spec.js:172:1 › <b> and <i> render correctly when unfocused (512ms)
  ✓   75 [firefox] › test\integration\app-functionality\document\inline-html.spec.js:207:1 › focused line renders inline HTML as WYSIWYG elements (482ms)
  ✓   76 [firefox] › test\integration\app-functionality\document\inline-html.spec.js:258:1 › clicking <em> text does not destroy the content (1.6s)
  ✓   77 [firefox] › test\integration\app-functionality\document\inline-html.spec.js:306:1 › cursor offset is correct after view-mode switch with inline HTML (623ms)
  ✓   78 [firefox] › test\integration\app-functionality\document\source-view-v2-style.spec.js:41:1 › source2 textarea exists when in source2 mode (77ms)
  ✓   79 [firefox] › test\integration\app-functionality\document\source-view-v2-style.spec.js:57:1 › source2 textarea has no visible border (77ms)
  ✓   80 [firefox] › test\integration\app-functionality\document\source-view-v2-style.spec.js:86:1 › source2 textarea is not resizable (67ms)
  ✓   81 [firefox] › test\integration\app-functionality\document\inline-html.spec.js:225:1 › clicking <strong> text does not destroy the content (1.1s)
  ✓   82 [firefox] › test\integration\app-functionality\document\inline-html.spec.js:190:1 › nested markdown inside HTML tag renders correctly (459ms)
  ✓   83 [firefox] › test\integration\app-functionality\document\source-view-v2-style.spec.js:95:1 › source2 textarea fills the editor width (31ms)
  ✓   84 [firefox] › test\integration\app-functionality\document\source-view-v2-style.spec.js:75:1 › source2 textarea has no outline when focused (36ms)
  ✓   85 [firefox] › test\integration\app-functionality\document\source-view-v2-style.spec.js:48:1 › source2 textarea uses monospace font (30ms)
  ✓   86 [firefox] › test\integration\app-functionality\document\inline-html.spec.js:287:1 › mixed markdown and HTML inline tags render correctly (459ms)
  ✓   87 [firefox] › test\integration\app-functionality\document\source-view-v2-style.spec.js:117:1 › source2 textarea fills the editor height (54ms)
  ✓   88 [firefox] › test\integration\app-functionality\document\source-view-v2-style.spec.js:147:1 › source2 textarea uses the editor line height (70ms)
  ✓   89 [firefox] › test\integration\app-functionality\document\source-view-v2-style.spec.js:167:1 › source2 textarea has transparent background (82ms)
  ✓   90 [firefox] › test\integration\app-functionality\document\source-view-v2-style.spec.js:186:1 › source2 textarea shows all content without clipping (161ms)
  ✓   91 [firefox] › test\integration\app-functionality\document\style-element-injection.spec.js:64:3 › style element injection › style blocks are NOT injected by default (510ms)
  ✓   92 …ox] › test\integration\app-functionality\document\style-element-injection.spec.js:79:3 › style element injection › enabling the preference injects the style element (798ms)
  ✓   93 [firefox] › test\integration\app-functionality\document\source-view-v2-style.spec.js:138:1 › source2 textarea uses the editor font size (32ms)
  ✓   94 [firefox] › test\integration\app-functionality\document\source-view-v2-style.spec.js:158:1 › source2 textarea uses the page text colour (45ms)
  ✓   95 [firefox] › test\integration\app-functionality\document\source-view-v2-style.spec.js:177:1 › source2 textarea does not have its own scrollbar (44ms)
  ✓   96 …est\integration\app-functionality\document\style-element-injection.spec.js:106:3 › style element injection › disabling the preference removes injected style elements (1.1s)
  ✓   97 …tegration\app-functionality\document\style-element-injection.spec.js:149:3 › style element injection › syntax tree is not affected by the style injection preference (778ms)
  ✓   98 …onality\document\style-element-injection.spec.js:270:3 › style injection does not wreck the ToC sidebar › ToC sidebar remains visible after enabling style injection (967ms)
  ✓   99 …tion\app-functionality\document\style-injection-toc.spec.js:129:3 › style injection must not break the ToC › enabling style injection does not wreck the ToC sidebar (992ms)
  ✓  100 [firefox] › test\integration\app-functionality\document\toc-highlight.spec.js:54:1 › ToC highlights the heading whose section fills most of the viewport (2.2s)
  ✓  101 [firefox] › test\integration\app-functionality\document\toc-highlight.spec.js:105:1 › ToC highlight updates when scrolling between sections (2.0s)
  ✓  102 [firefox] › test\integration\app-functionality\document\toc-highlight.spec.js:132:1 › active ToC link is scrolled to the vertical center of the sidebar (2.5s)
  ✓  103 [firefox] › test\integration\app-functionality\document\toc-scroll.spec.js:29:1 › clicking a TOC link scrolls the heading to the top of the editor container (2.0s)
  ✓  104 [firefox] › test\integration\app-functionality\document\underscore-emphasis.spec.js:25:1 › underscore emphasis _text_ renders as <em> when unfocused (493ms)
  ✓  105 [firefox] › test\integration\app-functionality\document\underscore-emphasis.spec.js:59:1 › double underscore __text__ renders as <em> when unfocused (526ms)
  ✓  106 [firefox] › test\integration\app-functionality\document\underscore-emphasis.spec.js:94:1 › nested **_text_** renders as bold+italic when unfocused (510ms)
  ✓  107 [firefox] › test\integration\app-functionality\document\underscore-emphasis.spec.js:133:1 › nested _**text**_ renders as italic+bold when unfocused (496ms)
  ✓  108 [firefox] › test\integration\app-functionality\document\view-mode-dropdown.spec.js:37:1 › view mode toggle has a visible label (44ms)
  ✓  109 [firefox] › test\integration\app-functionality\document\view-mode-dropdown.spec.js:43:1 › view mode toggle defaults to Writing View (52ms)
  -  110 [firefox] › test\integration\app-functionality\document\view-mode-dropdown.spec.js:49:6 › clicking toggle switches editor to source mode
  ✓  111 [firefox] › test\integration\app-functionality\document\view-mode-dropdown.spec.js:70:1 › clicking toggle from source2 switches back to writing mode (395ms)
  ✘  112 [firefox] › test\integration\app-functionality\document\view-mode-dropdown.spec.js:95:1 › toggle stays in sync when view mode changes via menu (5.0s)
  ✘  113 …efox] › test\integration\app-functionality\toolbar\bold-button.spec.js:124:3 › Problem 1 — bold first word, toggle off › bolding first word produces correct markdown (5.0s)
  ✘  114 …x] › test\integration\app-functionality\toolbar\bold-button.spec.js:160:3 › Problem 2 — bold middle word, paragraph 1 › bolding middle word produces correct markdown (5.0s)
  ✘  115 …ion\app-functionality\toolbar\bold-button.spec.js:194:3 › Problem 3 — bold first word, paragraph 2 › bolding first word of second paragraph produces correct markdown (5.0s)
  ✓  116 [firefox] › test\integration\app-functionality\toolbar\bold-button.spec.js:233:3 › Cursor position after bold › cursor is at end of bolded word, not start of line (482ms)
  ✘  117 …ntegration\app-functionality\toolbar\bold-button.spec.js:367:3 › Collapsed cursor — bold word under caret › clicking bold with cursor on a plain word bolds that word (5.0s)
  ✘  118 [firefox] › test\integration\app-functionality\toolbar\checklist.spec.js:40:1 › source view renders checklist prefix for unchecked item (5.0s)
  ✓  119 [firefox] › test\integration\app-functionality\toolbar\bold-button.spec.js:275:3 › Cursor position after bold › cursor is at end of first bolded word (2.0s)
  ✓  120 [firefox] › test\integration\app-functionality\toolbar\checklist.spec.js:67:1 › writing view renders checked checkbox for checked checklist item (41ms)
  ✘  121 [firefox] › test\integration\app-functionality\toolbar\checklist.spec.js:76:1 › clicking checklist button converts paragraph to checklist item (5.0s)
  ✘  122 [firefox] › test\integration\app-functionality\toolbar\checklist.spec.js:112:1 › clicking bullet button on checklist item switches to bullet list (5.0s)
  ✘  123 … test\integration\app-functionality\toolbar\bold-button.spec.js:173:3 › Problem 2 — bold middle word, paragraph 1 › toggling bold off middle word restores plain text (5.0s)
  ✘  124 [firefox] › test\integration\app-functionality\toolbar\checklist.spec.js:168:1 › clicking checklist button on ordered list switches to checklist (5.0s)
  ✘  125 [firefox] › test\integration\app-functionality\toolbar\bold-button.spec.js:137:3 › Problem 1 — bold first word, toggle off › toggling bold off restores plain text (5.0s)
  ✘  126 …n\app-functionality\toolbar\bold-button.spec.js:214:3 › Problem 4 — bold middle word, paragraph 2 › bolding middle word of second paragraph produces correct markdown (5.0s)
  ✘  127 [firefox] › test\integration\app-functionality\toolbar\checklist.spec.js:49:1 › source view renders checklist prefix for checked item (5.0s)
  ✘  128 …\integration\app-functionality\toolbar\bold-button.spec.js:382:3 › Collapsed cursor — bold word under caret › clicking bold with cursor inside bold text removes bold (5.0s)
  ✘  129 [firefox] › test\integration\app-functionality\toolbar\checklist.spec.js:94:1 › clicking checklist button on checklist item toggles back to paragraph (5.0s)
  ✘  130 [firefox] › test\integration\app-functionality\toolbar\checklist.spec.js:132:1 › clicking ordered button on checklist item switches to ordered list (5.0s)
  ✘  131 [firefox] › test\integration\app-functionality\toolbar\checklist.spec.js:244:1 › Enter on empty checklist item exits to paragraph (5.0s)
  ✘  132 [firefox] › test\integration\app-functionality\toolbar\checklist.spec.js:186:1 › clicking checkbox in writing view toggles checked state (5.0s)
  ✘  133 [firefox] › test\integration\app-functionality\toolbar\checklist.spec.js:383:1 › multi-select across html-block converts all nodes to checklist after confirm (3.4s)
  ✓  134 [firefox] › test\integration\app-functionality\toolbar\image.spec.js:24:1 › image button is visible in the toolbar (43ms)
  ✓  135 [firefox] › test\integration\app-functionality\toolbar\checklist.spec.js:58:1 › writing view renders checkbox for checklist item (65ms)
  ✓  136 [firefox] › test\integration\app-functionality\toolbar\image.spec.js:30:1 › clicking image button opens the image modal (142ms)
  ✓  137 [firefox] › test\integration\app-functionality\toolbar\image.spec.js:54:1 › inserting an image via the modal creates an image node (1.1s)
  ✓  138 [firefox] › test\integration\app-functionality\toolbar\image.spec.js:80:1 › clicking image button on existing image opens edit modal with pre-filled data (4.1s)
  ✘  139 [firefox] › test\integration\app-functionality\toolbar\italic-button.spec.js:114:3 › Italic first word, toggle off › italicizing first word produces correct markdown (5.0s)
  ✘  140 [firefox] › test\integration\app-functionality\toolbar\checklist.spec.js:150:1 › clicking checklist button on bullet list switches to checklist (5.0s)
  ✘  141 …refox] › test\integration\app-functionality\toolbar\italic-button.spec.js:146:3 › Italic middle word, paragraph 1 › italicizing middle word produces correct markdown (5.0s)
  ✘  142 [firefox] › test\integration\app-functionality\toolbar\checklist.spec.js:266:1 › switching entire contiguous checklist run to bullet via toolbar (5.0s)
  ✓  143 [firefox] › test\integration\app-functionality\toolbar\checklist.spec.js:431:1 › multi-select across html-block aborts on cancel (2.5s)
  ✘  144 …gration\app-functionality\toolbar\italic-button.spec.js:178:3 › Italic first word, paragraph 2 › italicizing first word of second paragraph produces correct markdown (5.0s)
  ✘  145 [firefox] › test\integration\app-functionality\toolbar\checklist.spec.js:219:1 › Enter key in checklist item creates new unchecked checklist item (5.0s)
  ✓  146 [firefox] › test\integration\app-functionality\toolbar\italic-button.spec.js:212:3 › Cursor position after italic › cursor is at end of italicized middle word (494ms)
  ✓  147 [firefox] › test\integration\app-functionality\toolbar\italic-button.spec.js:248:3 › Cursor position after italic › cursor is at end of italicized first word (2.0s)
  ✘  148 [firefox] › test\integration\app-functionality\toolbar\checklist.spec.js:465:1 › typing x into checkbox brackets in source view checks the item (5.0s)
  ✘  149 [firefox] › test\integration\app-functionality\toolbar\italic-button.spec.js:127:3 › Italic first word, toggle off › toggling italic off restores plain text (5.0s)
  ✘  150 …app-functionality\toolbar\italic-button.spec.js:337:3 › Collapsed cursor — italic word under caret › clicking italic with cursor on a plain word italicizes that word (5.0s)
  ✘  151 …fox] › test\integration\app-functionality\toolbar\italic-button.spec.js:159:3 › Italic middle word, paragraph 1 › toggling italic off middle word restores plain text (5.0s)
  ✓  152 [firefox] › test\integration\app-functionality\toolbar\checklist.spec.js:287:1 › writing view does not show bullet marker for checklist items (78ms)
  ✘  153 …ation\app-functionality\toolbar\italic-button.spec.js:195:3 › Italic middle word, paragraph 2 › italicizing middle word of second paragraph produces correct markdown (5.0s)
  ✘  154 [firefox] › test\integration\app-functionality\toolbar\list.spec.js:88:1 › clicking bullet list button on bullet list item toggles back to paragraph (5.0s)
  ✘  155 [firefox] › test\integration\app-functionality\toolbar\list.spec.js:45:1 › clicking bullet list button converts paragraph to unordered list item (5.0s)
  ✘  156 [firefox] › test\integration\app-functionality\toolbar\list.spec.js:177:1 › heading button on list item converts to heading (5.0s)
  ✘  157 [firefox] › test\integration\app-functionality\toolbar\list.spec.js:126:1 › Enter key in a list item creates a new list item (767ms)
  ✘  158 …on\app-functionality\toolbar\italic-button.spec.js:350:3 › Collapsed cursor — italic word under caret › clicking italic with cursor inside italic text removes italic (5.0s)
  ✘  159 [firefox] › test\integration\app-functionality\toolbar\list.spec.js:230:1 › source view: Enter between marker and content splits into empty item and new item (5.0s)
  ✘  160 [firefox] › test\integration\app-functionality\toolbar\list.spec.js:286:1 › switching list type converts the entire contiguous list (5.0s)
  ✘  161 [firefox] › test\integration\app-functionality\toolbar\list.spec.js:155:1 › Enter on empty list item exits the list to a paragraph (5.0s)
  ✘  162 [firefox] › test\integration\app-functionality\toolbar\list.spec.js:107:1 › clicking numbered list button on bullet list item switches to ordered (5.0s)
  ✘  163 [firefox] › test\integration\app-functionality\toolbar\list.spec.js:335:1 › pasting multi-line markdown with list items creates correct nodes (5.0s)
  ✘  164 [firefox] › test\integration\app-functionality\toolbar\list.spec.js:67:1 › clicking numbered list button converts paragraph to ordered list item (5.0s)
  ✘  165 [firefox] › test\integration\app-functionality\toolbar\list.spec.js:201:1 › Enter in ordered list creates item with incremented number (5.0s)
  ✓  166 …on\app-functionality\toolbar\source2-toolbar.spec.js:63:3 › Source2 toolbar — inline formatting via button click › bold button wraps selected text with ** delimiters (2.4s)
  ✘  167 [firefox] › test\integration\app-functionality\toolbar\list.spec.js:262:1 › toggling off a list item converts the entire contiguous list to paragraphs (5.0s)
  ✘  168 [firefox] › test\integration\app-functionality\toolbar\list.spec.js:310:1 › Enter on empty middle ordered item renumbers remaining items (5.0s)
  ✓  169 …unctionality\toolbar\source2-toolbar.spec.js:108:3 › Source2 toolbar — inline formatting via button click › code button wraps selected text with backtick delimiters (315ms)
  ✓  170 …app-functionality\toolbar\source2-toolbar.spec.js:122:3 › Source2 toolbar — inline formatting via button click › subscript button wraps selected text with <sub> tags (2.0s)
  ✓  171 …n\app-functionality\toolbar\source2-toolbar.spec.js:80:3 › Source2 toolbar — inline formatting via button click › italic button wraps selected text with * delimiters (2.0s)
  ✘  172 [firefox] › test\integration\app-functionality\toolbar\list.spec.js:372:1 › pasting multi-line markdown with CRLF line endings parses correctly (5.0s)
  ✓  173 …on\app-functionality\toolbar\source2-toolbar.spec.js:152:3 › Source2 toolbar — block formatting via button click › heading1 button adds # prefix to the current line (383ms)
  ✓  174 …on\app-functionality\toolbar\source2-toolbar.spec.js:166:3 › Source2 toolbar — block formatting via button click › heading2 button adds ## prefix to the current line (2.0s)
  ✓  175 …p-functionality\toolbar\source2-toolbar.spec.js:136:3 › Source2 toolbar — inline formatting via button click › superscript button wraps selected text with <sup> tags (2.0s)
  ✓  176 …nctionality\toolbar\source2-toolbar.spec.js:94:3 › Source2 toolbar — inline formatting via button click › strikethrough button wraps selected text with ~~ delimiters (2.0s)
  ✓  177 …t\integration\app-functionality\toolbar\source2-toolbar.spec.js:194:3 › Source2 toolbar — block formatting via button click › paragraph button removes heading prefix (1.3s)
  ✓  178 …pp-functionality\toolbar\source2-toolbar.spec.js:236:3 › Source2 toolbar — block formatting via button click › ordered-list button adds 1. prefix to the current line (1.3s)
  ✓  179 …n\app-functionality\toolbar\source2-toolbar.spec.js:180:3 › Source2 toolbar — block formatting via button click › heading3 button adds ### prefix to the current line (2.0s)
  ✓  180 …n\app-functionality\toolbar\source2-toolbar.spec.js:208:3 › Source2 toolbar — block formatting via button click › blockquote button adds > prefix to the current line (2.0s)
  ✓  181 …pp-functionality\toolbar\source2-toolbar.spec.js:250:3 › Source2 toolbar — block formatting via button click › checklist button adds - [ ] prefix to the current line (2.0s)
  ✓  182 …nctionality\toolbar\source2-toolbar.spec.js:280:3 › Source2 toolbar — collapsed cursor formatting › bold button with collapsed cursor bolds the word under the caret (385ms)
  ✘  183 …tegration\app-functionality\toolbar\strikethrough-button.spec.js:146:3 › Strikethrough middle word, paragraph 1 › strikethrough middle word produces correct markdown (5.0s)
  ✘  184 …tionality\toolbar\strikethrough-button.spec.js:178:3 › Strikethrough first word, paragraph 2 › strikethrough first word of second paragraph produces correct markdown (5.0s)
  ✓  185 …p-functionality\toolbar\source2-toolbar.spec.js:222:3 › Source2 toolbar — block formatting via button click › unordered-list button adds - prefix to the current line (2.0s)
  ✓  186 …ality\toolbar\source2-toolbar.spec.js:294:3 › Source2 toolbar — collapsed cursor formatting › italic button with collapsed cursor italicizes the word under the caret (2.0s)
  ✘  187 …\integration\app-functionality\toolbar\strikethrough-button.spec.js:114:3 › Strikethrough first word, toggle off › strikethrough first word produces correct markdown (5.0s)
  ✓  188 …nctionality\toolbar\source2-toolbar.spec.js:264:3 › Source2 toolbar — block formatting via button click › code-block button wraps content with triple-backtick fences (2.0s)
  ✓  189 …test\integration\app-functionality\toolbar\strikethrough-button.spec.js:212:3 › Cursor position after strikethrough › cursor is at end of struck-through middle word (497ms)
  ✓  190 …ntegration\app-functionality\toolbar\source2-toolbar.spec.js:310:3 › Source2 toolbar — README.md content › toolbar bold on README content modifies textarea correctly (2.0s)
  ✓  191 …› test\integration\app-functionality\toolbar\strikethrough-button.spec.js:247:3 › Cursor position after strikethrough › cursor is at end of struck-through first word (2.0s)
  ✘  192 …bar\strikethrough-button.spec.js:336:3 › Collapsed cursor — strikethrough word under caret › clicking strikethrough with cursor on a plain word applies strikethrough (5.0s)
  ✘  193 …fox] › test\integration\app-functionality\toolbar\subscript-button.spec.js:118:3 › Subscript first word, paragraph 1 › subscript first word produces correct markdown (5.0s)
  ✘  194 …x] › test\integration\app-functionality\toolbar\subscript-button.spec.js:133:3 › Subscript middle word, paragraph 1 › subscript middle word produces correct markdown (5.0s)
  ✘  195 …ion\app-functionality\toolbar\subscript-button.spec.js:148:3 › Subscript first word, paragraph 2 › subscript first word of second paragraph produces correct markdown (5.0s)
  ✘  196 …n\app-functionality\toolbar\subscript-button.spec.js:165:3 › Subscript middle word, paragraph 2 › subscript middle word of second paragraph produces correct markdown (5.0s)
  ✘  197 …on\app-functionality\toolbar\strikethrough-button.spec.js:159:3 › Strikethrough middle word, paragraph 1 › toggling strikethrough off middle word restores plain text (5.0s)
  ✘  198 …onality\toolbar\strikethrough-button.spec.js:195:3 › Strikethrough middle word, paragraph 2 › strikethrough middle word of second paragraph produces correct markdown (5.0s)
  ✘  199 …test\integration\app-functionality\toolbar\strikethrough-button.spec.js:127:3 › Strikethrough first word, toggle off › toggling strikethrough off restores plain text (5.0s)
  ✘  200 …bar\strikethrough-button.spec.js:349:3 › Collapsed cursor — strikethrough word under caret › clicking strikethrough with cursor inside struck-through text removes it (5.0s)
  ✓  201 [firefox] › test\integration\app-functionality\toolbar\subscript-button.spec.js:182:3 › Cursor position after subscript › cursor is at end of subscripted middle word (512ms)
  ✘  202 …nctionality\toolbar\subscript-button.spec.js:272:3 › Collapsed cursor — subscript word under caret › clicking subscript with cursor on a plain word applies subscript (5.0s)
  ✘  203 … test\integration\app-functionality\toolbar\superscript-button.spec.js:118:3 › Superscript first word, paragraph 1 › superscript first word produces correct markdown (5.0s)
  ✘  204 …est\integration\app-functionality\toolbar\superscript-button.spec.js:133:3 › Superscript middle word, paragraph 1 › superscript middle word produces correct markdown (5.0s)
  ✘  205 …p-functionality\toolbar\superscript-button.spec.js:148:3 › Superscript first word, paragraph 2 › superscript first word of second paragraph produces correct markdown (5.0s)
  ✓  206 …x] › test\integration\app-functionality\toolbar\superscript-button.spec.js:182:3 › Cursor position after superscript › cursor is at end of superscripted middle word (496ms)
  ✘  207 …functionality\toolbar\superscript-button.spec.js:165:3 › Superscript middle word, paragraph 2 › superscript middle word of second paragraph produces correct markdown (5.0s)
  ✘  208 …ity\toolbar\superscript-button.spec.js:272:3 › Collapsed cursor — superscript word under caret › clicking superscript with cursor on a plain word applies superscript (5.0s)
  ✓  209 [firefox] › test\integration\app-functionality\toolbar\table.spec.js:31:1 › table button is visible in the toolbar (44ms)
  ✓  210 [firefox] › test\integration\app-functionality\toolbar\table.spec.js:37:1 › clicking table button opens the table modal (145ms)
  ✓  211 [firefox] › test\integration\app-functionality\toolbar\table.spec.js:61:1 › inserting a table via the modal creates a table node (2.1s)
  ✓  212 [firefox] › test\integration\app-functionality\toolbar\table.spec.js:88:1 › table renders as an HTML table in writing mode (48ms)
  ✓  213 [firefox] › test\integration\app-functionality\toolbar\table.spec.js:106:1 › clicking table button on existing table opens edit modal with pre-filled dimensions (4.1s)
  ✓  214 [firefox] › test\integration\app-functionality\toolbar\table.spec.js:143:1 › table cells render inline markdown formatting (74ms)
  ✓  215 [firefox] › test\integration\app-functionality\toolbar\toolbar-active.spec.js:134:1 › strikethrough button is active when cursor is inside strikethrough text (540ms)
  ✓  216 [firefox] › test\integration\app-functionality\toolbar\table.spec.js:178:1 › table cells render inline HTML formatting (97ms)
  ✓  217 [firefox] › test\integration\app-functionality\toolbar\toolbar-active.spec.js:90:1 › bold button is active when cursor is inside bold text (553ms)
  ✓  218 [firefox] › test\integration\app-functionality\toolbar\toolbar-active.spec.js:148:1 › code button is active when cursor is inside inline code (493ms)
  ✓  219 [firefox] › test\integration\app-functionality\toolbar\toolbar-active.spec.js:162:1 › no format buttons are active when cursor is in plain text (276ms)
  ✓  220 [firefox] › test\integration\app-functionality\toolbar\toolbar-active.spec.js:179:1 › paragraph button stays active when cursor is inside bold text in a paragraph (508ms)
  ✓  221 [firefox] › test\integration\app-functionality\toolbar\toolbar-active.spec.js:105:1 › italic button is active when cursor is inside italic text (496ms)
  ✓  222 [firefox] › test\integration\app-functionality\toolbar\toolbar-active.spec.js:255:1 › strikethrough button is active when cursor is inside <s> tag (534ms)
  ✓  223 [firefox] › test\integration\app-functionality\toolbar\toolbar-active.spec.js:119:1 › bold and italic buttons are active when cursor is inside bold-italic text (504ms)
  ✘  224 [firefox] › test\integration\app-functionality\toolbar\toolbar-active.spec.js:296:1 › clicking italic button inside <em> tag strips the tag (5.0s)
  ✓  225 [firefox] › test\integration\app-functionality\toolbar\toolbar-active.spec.js:190:1 › bold button is active when cursor is inside <strong> tag (527ms)
  ✓  226 [firefox] › test\integration\app-functionality\toolbar\toolbar-active.spec.js:216:1 › italic button is active when cursor is inside <em> tag (553ms)
  ✘  227 [firefox] › test\integration\app-functionality\toolbar\toolbar-active.spec.js:268:1 › clicking bold button inside <strong> tag strips the tag (5.0s)
  ✓  228 [firefox] › test\integration\app-functionality\toolbar\toolbar-active.spec.js:203:1 › bold button is active when cursor is inside <b> tag (488ms)
  ✘  229 [firefox] › test\integration\app-functionality\toolbar\toolbar-active.spec.js:338:1 › clicking strikethrough button inside <s> tag strips the tag (5.0s)
  ✓  230 [firefox] › test\integration\app-functionality\toolbar\toolbar-tooltip.spec.js:24:1 › toolbar tooltip appears below the button, not above (60ms)
  ✓  231 [firefox] › test\integration\app-functionality\toolbar\toolbar-active.spec.js:229:1 › italic button is active when cursor is inside <i> tag (490ms)
  ✓  232 [firefox] › test\integration\app-functionality\toolbar\toolbar-active.spec.js:242:1 › strikethrough button is active when cursor is inside <del> tag (475ms)
  ✓  233 …r-interaction\content\backspace-after-html-block.spec.js:47:1 › writing view: backspace at start of paragraph after </details> merges with last child inside details (611ms)
  ✓  234 [firefox] › test\integration\user-interaction\content\backspace-heading.spec.js:11:1 › typing "# main" then backspace 6 times results in empty document (2.1s)
  ✓  235 …test\integration\user-interaction\content\code-block-enter.spec.js:36:3 › Code-block early conversion — writing view › typing ``` + Enter creates an empty code block (79ms)
  ✓  236 …tion\user-interaction\content\code-block-enter.spec.js:72:3 › Code-block early conversion — writing view › typing ```` + Enter creates a code block with fenceCount 4 (89ms)
  ✓  237 …gration\user-interaction\content\code-block-enter.spec.js:54:3 › Code-block early conversion — writing view › typing ```js + Enter creates a code block with language (48ms)
  ✓  238 …tion\content\code-block-enter.spec.js:90:3 › Code-block early conversion — writing view › typing ``````js + Enter creates a code block with fenceCount 6 and language (62ms)
  ✓  239 … test\integration\user-interaction\content\code-block-enter.spec.js:108:3 › Code-block early conversion — writing view › Enter inside a code block inserts a newline (157ms)
  ✘  240 …test\integration\user-interaction\content\code-block-enter.spec.js:148:3 › Code-block early conversion — source view › typing ``` + Enter creates an empty code block (5.0s)
  ✘  241 …tion\user-interaction\content\code-block-enter.spec.js:184:3 › Code-block early conversion — source view › typing ```` + Enter creates a code block with fenceCount 4 (5.0s)
  ✘  242 …st\integration\user-interaction\content\code-block-enter.spec.js:220:3 › Code-block early conversion — source view › backtick fence text is not converted until Enter (5.0s)
  ✓  243 …n\content\code-block-enter.spec.js:248:3 › Code-block parsing — issue #82 examples › issue #82 example 1: four-backtick fence with nested three-backtick literal text (65ms)
  ✓  244 …t\integration\user-interaction\content\code-block-enter.spec.js:129:3 › Code-block early conversion — writing view › backtick fence text is not converted until Enter (51ms)
  ✓  245 …nteraction\content\code-block-enter.spec.js:276:3 › Code-block parsing — issue #82 examples › issue #82 example 2: ten-backtick fence with nine-backtick literal text (16ms)
  ✓  246 …n\user-interaction\content\code-block-language-tag.spec.js:51:3 › Writing-view code-block language tag spans › bottom tag is hidden on short code blocks (< 20 lines) (44ms)
  ✘  247 [firefox] › test\integration\app-functionality\toolbar\toolbar-active.spec.js:310:1 › clicking italic button inside <i> tag strips the tag (5.0s)
  ✓  248 …\user-interaction\content\code-block-language-tag.spec.js:58:3 › Writing-view code-block language tag spans › bottom tag is visible on tall code blocks (>= 20 lines) (18ms)
  ✓  249 …\user-interaction\content\code-block-language-tag.spec.js:36:3 › Writing-view code-block language tag spans › code block with language shows language text in top tag (56ms)
  ✓  250 …ction\content\code-block-language-tag.spec.js:43:3 › Writing-view code-block language tag spans › code block without language shows placeholder with --empty modifier (19ms)
  ✓  251 …ion\user-interaction\content\code-block-language-tag.spec.js:67:3 › Writing-view code-block language tag spans › top tag is positioned absolutely with pointer cursor (54ms)
  ✘  252 [firefox] › test\integration\app-functionality\toolbar\toolbar-active.spec.js:282:1 › clicking bold button inside <b> tag strips the tag (5.0s)
  ✓  253 …tegration\user-interaction\content\code-block-language-tag.spec.js:80:3 › Writing-view code-block language tag spans › source view does not render language tag spans (26ms)
  ✓  254 …raction\content\code-block-language-tag.spec.js:89:3 › Code-block language tag dialog › single click on language tag opens dialog even when code block is not focused (2.4s)
  ✓  255 …] › test\integration\user-interaction\content\code-block-language-tag.spec.js:130:3 › Code-block language tag dialog › dialog is pre-filled with the current language (2.1s)
  ✓  256 …fox] › test\integration\user-interaction\content\code-block-language-tag.spec.js:155:3 › Code-block language tag dialog › submitting empty string clears the language (4.1s)
  ✓  257 …ntegration\user-interaction\content\code-block-language-tag.spec.js:118:3 › Code-block language tag dialog › clicking the language tag opens the code-language dialog (4.0s)
  ✓  258 …› test\integration\user-interaction\content\code-block-language-tag.spec.js:139:3 › Code-block language tag dialog › submitting a new language updates the code block (4.0s)
  ✓  259 …n\content\code-block-enter.spec.js:239:3 › Code-block parsing — issue #82 examples › loading markdown with four-backtick fence preserves nested three-backtick fences (49ms)
  ✘  260 …gration\user-interaction\content\code-block-enter.spec.js:166:3 › Code-block early conversion — source view › typing ```js + Enter creates a code block with language (5.0s)
  ✘  261 …tion\content\code-block-enter.spec.js:202:3 › Code-block early conversion — source view › typing ``````js + Enter creates a code block with fenceCount 6 and language (5.0s)
  ✘  262 [firefox] › test\integration\app-functionality\toolbar\toolbar-active.spec.js:324:1 › clicking strikethrough button inside <del> tag strips the tag (5.0s)
  ✘  263 …tion\content\code-block-language-tag.spec.js:171:3 › Code-block language tag dialog › cursor offset is correct in source view after changing language in writing view (5.0s)
  ✓  264 …nteraction\content\code-block-language-tag.spec.js:287:3 › Code-block language tag dialog › clicking placeholder lang tag on a bare code block opens the dialog empty (4.1s)
  ✓  265 …ation\user-interaction\content\code-block-language-tag.spec.js:216:3 › Code-block language tag dialog › cursor offset is preserved after changing language via dialog (1.2s)
  ✓  266 [firefox] › test\integration\user-interaction\content\cursor-typing-delimiters.spec.js:99:1 › cursor stays after * when typing "this is a *" (978ms)
  ✓  267 …tion\user-interaction\content\code-block-language-tag.spec.js:249:3 › Code-block language tag dialog › text selection is preserved after changing language via dialog (4.0s)
  ✓  268 [firefox] › test\integration\user-interaction\content\cursor-typing-delimiters.spec.js:111:1 › cursor stays after ~~ when typing "this is a ~~" (1.0s)
  ✓  269 [firefox] › test\integration\user-interaction\content\cursor-typing-delimiters.spec.js:105:1 › cursor stays after _ when typing "this is a _" (2.2s)
  ✓  270 [firefox] › test\integration\user-interaction\content\cursor-typing-delimiters.spec.js:117:1 › cursor stays after < when typing "<sub>" (1.7s)
  ✘  271 [firefox] › test\integration\user-interaction\content\cursor-typing-delimiters.spec.js:203:1 › typing after closing ** produces plain text, not bold (5.0s)
  ✓  272 [firefox] › test\integration\user-interaction\content\cursor-typing-delimiters.spec.js:123:1 › cursor stays correct when completing bold **text** (873ms)
  ✓  273 [firefox] › test\integration\user-interaction\content\cursor-typing-delimiters.spec.js:139:1 › cursor stays correct when completing bold+italic ***text*** (1.0s)
  ✘  274 [firefox] › test\integration\user-interaction\content\heading-input.spec.js:28:1 › typing "# main" letter by letter creates a heading with correct content (1.5s)
  ✓  275 [firefox] › test\integration\user-interaction\content\inline-image.spec.js:32:1 › typing ![alt](src) in writing view renders an inline image (267ms)
  ✓  276 [firefox] › test\integration\user-interaction\content\cursor-typing-delimiters.spec.js:166:1 › typing **** is treated as plain text (860ms)
  ✓  277 [firefox] › test\integration\user-interaction\content\cursor-typing-delimiters.spec.js:133:1 › cursor stays correct when completing italic *text* (2.2s)
  ✓  278 [firefox] › test\integration\user-interaction\content\details-summary-input.spec.js:40:1 › pressing Enter after summary text and typing " a a" preserves leading space (1.1s)
  ✘  279 [firefox] › test\integration\user-interaction\content\cursor-typing-delimiters.spec.js:147:1 › typing ***word*** renders as bold inside italic in source view (5.0s)
  ✘  280 [firefox] › test\integration\user-interaction\content\cursor-typing-delimiters.spec.js:172:1 › typing after closing * produces plain text, not italic (5.0s)
  ✓  281 [firefox] › test\integration\user-interaction\content\inline-image.spec.js:54:1 › typing standalone ![alt](src) suppresses block-level image conversion (260ms)
  ✘  282 [firefox] › test\integration\user-interaction\content\inline-image.spec.js:74:1 › image syntax round-trips through source view correctly (5.0s)
  ✘  283 [firefox] › test\integration\user-interaction\content\inline-image.spec.js:95:1 › removing ! in source view converts inline image to link (5.0s)
  ✘  284 [firefox] › test\integration\user-interaction\content\source-view-prefix-edit.spec.js:119:3 › Heading1 prefix (# ) › insert in prefix (50ms)
  ✘  285 [firefox] › test\integration\user-interaction\content\source-view-prefix-edit.spec.js:183:3 › Heading2 prefix (## ) › delete in prefix (50ms)
  ✘  286 [firefox] › test\integration\user-interaction\content\cursor-typing-delimiters.spec.js:226:1 › typing after closing ~~ produces plain text, not strikethrough (5.0s)
  ✘  287 [firefox] › test\integration\user-interaction\content\source-view-prefix-edit.spec.js:135:3 › Heading1 prefix (# ) › delete in prefix (75ms)
  ✘  288 [firefox] › test\integration\user-interaction\content\source-view-prefix-edit.spec.js:241:3 › Blockquote prefix (> ) › backspace in prefix (72ms)
  ✘  289 [firefox] › test\integration\user-interaction\content\source-view-prefix-edit.spec.js:197:3 › Heading2 prefix (## ) › backspace in prefix (71ms)
  ✘  290 [firefox] › test\integration\user-interaction\content\source-view-prefix-edit.spec.js:301:3 › Ordered list prefix (1. ) › insert in prefix (65ms)
  ✘  291 [firefox] › test\integration\user-interaction\content\source-view-prefix-edit.spec.js:360:3 › Checklist prefix (- [ ] ) › delete in prefix (76ms)
  ✘  292 [firefox] › test\integration\user-interaction\content\source-view-prefix-edit.spec.js:419:3 › Code fence — three ticks, no language › backspace on opening fence (66ms)
  ✘  293 [firefox] › test\integration\user-interaction\content\source-view-prefix-edit.spec.js:151:3 › Heading1 prefix (# ) › backspace in prefix (75ms)
  ✘  294 [firefox] › test\integration\user-interaction\content\source-view-prefix-edit.spec.js:213:3 › Blockquote prefix (> ) › insert in prefix (76ms)
  ✘  295 [firefox] › test\integration\user-interaction\content\source-view-prefix-edit.spec.js:257:3 › Unordered list prefix (- ) › insert in prefix (111ms)
  ✘  296 [firefox] › test\integration\user-interaction\content\source-view-prefix-edit.spec.js:478:3 › Code fence — eight ticks, no language › insert on opening fence (83ms)
  ✘  297 [firefox] › test\integration\user-interaction\content\source-view-prefix-edit.spec.js:375:3 › Checklist prefix (- [ ] ) › backspace in prefix (94ms)
  ✘  298 [firefox] › test\integration\user-interaction\content\source-view-prefix-edit.spec.js:315:3 › Ordered list prefix (1. ) › delete in prefix (84ms)
  ✘  299 [firefox] › test\integration\user-interaction\content\source-view-prefix-edit.spec.js:434:3 › Code fence — three ticks, with language › insert in language tag (74ms)
  ✘  300 [firefox] › test\integration\user-interaction\content\source-view-prefix-edit.spec.js:540:3 › Code fence — eight ticks, with language › delete in language tag (68ms)
  ✘  301 [firefox] › test\integration\user-interaction\content\source-view-prefix-edit.spec.js:169:3 › Heading2 prefix (## ) › insert in prefix (65ms)
  ✘  302 [firefox] › test\integration\user-interaction\content\source-view-prefix-edit.spec.js:494:3 › Code fence — eight ticks, no language › delete on opening fence (76ms)
  ✘  303 [firefox] › test\integration\user-interaction\content\source-view-prefix-edit.spec.js:227:3 › Blockquote prefix (> ) › delete in prefix (68ms)
  ✘  304 [firefox] › test\integration\user-interaction\content\source-view-prefix-edit.spec.js:271:3 › Unordered list prefix (- ) › delete in prefix (68ms)
  ✘  305 [firefox] › test\integration\user-interaction\content\source-view-prefix-edit.spec.js:392:3 › Code fence — three ticks, no language › insert on opening fence (91ms)
  ✘  306 [firefox] › test\integration\user-interaction\content\source-view-prefix-edit.spec.js:329:3 › Ordered list prefix (1. ) › backspace in prefix (99ms)
  ✘  307 [firefox] › test\integration\user-interaction\content\source-view-prefix-edit.spec.js:448:3 › Code fence — three ticks, with language › delete in language tag (87ms)
  ✘  308 [firefox] › test\integration\user-interaction\content\source-view-prefix-edit.spec.js:554:3 › Code fence — eight ticks, with language › backspace in language tag (83ms)
  ✘  309 …gration\user-interaction\content\source-view-summary-edit.spec.js:42:1 › typing a character on the summary line in source view inserts it without rewriting the line (396ms)
  ✘  310 [firefox] › test\integration\user-interaction\content\source-view-prefix-edit.spec.js:509:3 › Code fence — eight ticks, no language › backspace on opening fence (125ms)
  ✓  311 [firefox] › test\integration\user-interaction\content\table-cell-edit.spec.js:37:3 › Table cell editing › clicking a cell and typing inserts text (94ms)
  ✘  312 [firefox] › test\integration\user-interaction\content\source-view-prefix-edit.spec.js:345:3 › Checklist prefix (- [ ] ) › insert in prefix (81ms)
  ✘  313 [firefox] › test\integration\user-interaction\content\source-view-prefix-edit.spec.js:285:3 › Unordered list prefix (- ) › backspace in prefix (74ms)
  ✘  314 [firefox] › test\integration\user-interaction\content\source-view-prefix-edit.spec.js:406:3 › Code fence — three ticks, no language › delete on opening fence (76ms)
  ✘  315 [firefox] › test\integration\user-interaction\content\source-view-prefix-edit.spec.js:462:3 › Code fence — three ticks, with language › backspace in language tag (72ms)
  ✓  316 [firefox] › test\integration\user-interaction\content\table-cell-edit.spec.js:49:3 › Table cell editing › backspace deletes a character in a cell (89ms)
  ✘  317 [firefox] › test\integration\user-interaction\content\source-view-prefix-edit.spec.js:525:3 › Code fence — eight ticks, with language › insert in language tag (71ms)
  ✓  318 [firefox] › test\integration\user-interaction\content\table-cell-edit.spec.js:77:3 › Table cell editing › enter moves to the next row in the same column (115ms)
  ✓  319 [firefox] › test\integration\user-interaction\content\table-cell-edit.spec.js:63:3 › Table cell editing › delete removes a character forward in a cell (103ms)
  ✓  320 [firefox] › test\integration\user-interaction\content\table-cell-edit.spec.js:93:3 › Table cell editing › tab moves to the next cell (129ms)
  ✓  321 [firefox] › test\integration\user-interaction\content\table-cell-edit.spec.js:109:3 › Table cell editing › tab wraps to the first cell of the next row (121ms)
  ✓  322 [firefox] › test\integration\user-interaction\content\table-cell-edit.spec.js:141:3 › Table cell editing › tab on last cell creates a new row (110ms)
  ✓  323 [firefox] › test\integration\user-interaction\content\table-cell-edit.spec.js:125:3 › Table cell editing › shift+tab moves to the previous cell (82ms)
  ✓  324 …ox] › test\integration\user-interaction\interaction\click-outside-defocus.spec.js:66:1 › clicking outside the editor preserves active-node highlight in writing mode (476ms)
  ✓  325 …test\integration\user-interaction\interaction\click-outside-defocus.spec.js:36:1 › loading content gives the editor DOM focus so defocus works without a prior click (311ms)
  ✘  326 [firefox] › test\integration\user-interaction\interaction\click-outside-defocus.spec.js:122:1 › defocus is a no-op in source view (5.0s)
  ✓  327 [firefox] › test\integration\user-interaction\interaction\click-outside-defocus.spec.js:100:1 › clicking back into the editor after defocus restores cursor (486ms)
  -  328 [firefox] › test\integration\user-interaction\interaction\cursor-scroll.spec.js:118:6 › placing the cursor on an off-screen node in source view scrolls it into view
  ✓  329 [firefox] › test\integration\user-interaction\interaction\cursor-scroll.spec.js:48:1 › placing the cursor on an off-screen node scrolls it into view (2.0s)
  ✓  330 [firefox] › test\integration\user-interaction\interaction\cursor-sync.spec.js:35:1 › cursors sync after loading content (206ms)
  ✓  331 [firefox] › test\integration\user-interaction\interaction\cursor-sync.spec.js:62:1 › cursors sync after typing a heading prefix (289ms)
  ✘  332 [firefox] › test\integration\user-interaction\interaction\cursor-sync.spec.js:47:1 › cursors sync after typing text (5.0s)
  ✓  333 [firefox] › test\integration\user-interaction\interaction\cursor-sync.spec.js:97:1 › cursors sync after delete (341ms)
  ✘  334 [firefox] › test\integration\user-interaction\interaction\cursor-sync.spec.js:136:1 › cursors sync after backspace merges paragraphs (5.0s)
  ✘  335 [firefox] › test\integration\user-interaction\interaction\cursor-sync.spec.js:79:1 › cursors sync after backspace (5.0s)
  ✘  336 [firefox] › test\integration\user-interaction\interaction\cursor-sync.spec.js:115:1 › cursors sync after Enter splits a paragraph (5.0s)
  ✓  337 [firefox] › test\integration\user-interaction\interaction\cursor-sync.spec.js:180:1 › cursors sync in writing view after clicking a node (260ms)
  ✓  338 [firefox] › test\integration\user-interaction\interaction\cursor-sync.spec.js:216:1 › cursors sync after Enter inside a code block (478ms)
  ✓  339 [firefox] › test\integration\user-interaction\interaction\cursor-sync.spec.js:196:1 › cursors sync after typing in a code block (382ms)
  ✓  340 [firefox] › test\integration\user-interaction\interaction\cursor-sync.spec.js:272:1 › cursors sync after fence-to-code-block conversion (340ms)
  ✘  341 [firefox] › test\integration\user-interaction\interaction\cursor-sync.spec.js:238:1 › cursors sync after creating and exiting a list item (5.0s)
  ✘  342 [firefox] › test\integration\user-interaction\interaction\cursor-sync.spec.js:290:1 › treeCursor persists after blur in writing view (5.0s)
  ✓  343 [firefox] › test\integration\user-interaction\interaction\image-click-edit.spec.js:33:3 › Image click-to-edit › clicking an image in writing mode opens the edit modal (2.1s)
  ✓  344 [firefox] › test\integration\user-interaction\interaction\image-click-edit.spec.js:62:3 › Image click-to-edit › editing an image via the modal updates the parse tree (1.1s)
  ✓  345 [firefox] › test\integration\user-interaction\interaction\image-click-edit.spec.js:85:3 › Image click-to-edit › cancelling the modal does not change the image (1.1s)
  ✘  346 [firefox] › test\integration\user-interaction\interaction\cursor-sync.spec.js:157:1 › cursors sync after clicking a different node (5.0s)
  ✓  347 [firefox] › test\integration\user-interaction\interaction\link-click-edit.spec.js:35:3 › Link click-to-edit › clicking a link in writing mode opens the edit modal (166ms)
  ✓  348 [firefox] › test\integration\user-interaction\interaction\link-click-edit.spec.js:68:3 › Link click-to-edit › editing a link via the modal updates the parse tree (2.1s)
  ✓  349 [firefox] › test\integration\user-interaction\interaction\link-click-edit.spec.js:94:3 › Link click-to-edit › cancelling the modal does not change the link (2.1s)
  ✓  350 … › test\integration\user-interaction\interaction\link-click-edit.spec.js:159:3 › Link with nested formatting › clicking the link element itself still opens the modal (1.2s)
  ✓  351 [firefox] › test\integration\user-interaction\interaction\link-click-edit.spec.js:116:3 › Link click-to-edit › clicking a link does not navigate away (176ms)
  ✓  352 …\integration\user-interaction\interaction\link-click-edit.spec.js:145:3 › Link with nested formatting › clicking bold text inside a link does not open the link modal (77ms)
  ✓  353 [firefox] › test\integration\user-interaction\interaction\link-single-click.spec.js:29:1 › single click on a link in an unfocused paragraph opens the edit modal (2.1s)
  ✓  354 … test\integration\user-interaction\interaction\linked-image-click-edit.spec.js:32:3 › Linked image click-to-edit › clicking a linked image opens the image edit modal (2.1s)
  ✓  355 …irefox] › test\integration\user-interaction\interaction\linked-image-click-edit.spec.js:54:3 › Linked image click-to-edit › editing a linked image preserves the href (2.1s)
  ✘  356 [firefox] › test\integration\user-interaction\interaction\paste.spec.js:61:3 › Paste in source view › single-line paste inserts text at cursor (5.0s)
  ✓  357 …› test\integration\user-interaction\interaction\range-handling.spec.js:110:3 › Type with selection › typing with a selection replaces the selected text (single node) (1.6s)
  ✓  358 …› test\integration\user-interaction\interaction\range-handling.spec.js:170:3 › Backspace with selection › backspace with partial selection deletes only selected text (1.8s)
  ✓  359 …user-interaction\interaction\range-handling.spec.js:246:3 › Ctrl+A context-restricted select-all › Ctrl+A selects only the current paragraph, not the whole document (865ms)
  ✓  360 …\integration\user-interaction\interaction\range-handling.spec.js:271:3 › Ctrl+A context-restricted select-all › Ctrl+A on a heading selects only the heading content (863ms)
  ✓  361 [firefox] › test\integration\user-interaction\interaction\range-handling.spec.js:130:3 › Type with selection › typing replaces a partial selection within a node (895ms)
  ✓  362 [firefox] › test\integration\user-interaction\interaction\range-handling.spec.js:194:3 › Delete with selection › delete key removes the entire selection (1.0s)
  ✓  363 [firefox] › test\integration\user-interaction\interaction\range-handling.spec.js:310:3 › Ctrl+A context-restricted select-all › Ctrl+A then delete empties the node (1.8s)
  ✓  364 …est\integration\user-interaction\interaction\range-handling.spec.js:295:3 › Ctrl+A context-restricted select-all › Ctrl+A then type replaces the entire node content (928ms)
  ✓  365 [firefox] › test\integration\user-interaction\interaction\range-handling.spec.js:153:3 › Backspace with selection › backspace deletes the entire selection (892ms)
  ✓  366 [firefox] › test\integration\user-interaction\interaction\range-handling.spec.js:373:3 › Paste with selection › pasting with a selection replaces the selected text (2.0s)
  ✓  367 [firefox] › test\integration\user-interaction\interaction\range-handling.spec.js:212:3 › Enter with selection › enter replaces selection and splits at cursor (629ms)
  ✓  368 [firefox] › test\integration\user-interaction\interaction\range-handling.spec.js:478:3 › Writing-view copy › single-node copy in heading preserves # prefix (2.0s)
  ✓  369 [firefox] › test\integration\user-interaction\interaction\range-handling.spec.js:601:3 › Undo after range operations › undo restores content after select-all and type (3.2s)
  ✓  370 …test\integration\user-interaction\interaction\range-handling.spec.js:327:3 › Cross-node selection deletion › selecting across two paragraphs and deleting merges them (1.1s)
  -  371 [firefox] › test\integration\user-interaction\interaction\paste.spec.js:77:3 › Paste in source view › multi-line paste creates correct node structure
  -  372 [firefox] › test\integration\user-interaction\interaction\paste.spec.js:95:3 › Paste in source view › paste replaces active selection
  -  373 [firefox] › test\integration\user-interaction\interaction\paste.spec.js:112:3 › Paste in source view › paste over multi-node selection removes intermediate nodes
  -  374 [firefox] › test\integration\user-interaction\interaction\paste.spec.js:136:3 › Paste in source view › pasting markdown heading creates a heading node
  -  375 [firefox] › test\integration\user-interaction\interaction\paste.spec.js:155:3 › Paste in source view › multi-line paste with CRLF line endings works correctly
  -  376 [firefox] › test\integration\user-interaction\interaction\paste.spec.js:172:3 › Paste in source view › paste does not trigger a full render
  -  377 [firefox] › test\integration\user-interaction\interaction\paste.spec.js:207:3 › Paste in writing view › single-line paste inserts text at cursor
  -  378 [firefox] › test\integration\user-interaction\interaction\paste.spec.js:223:3 › Paste in writing view › multi-line paste creates correct node structure
  -  379 [firefox] › test\integration\user-interaction\interaction\paste.spec.js:241:3 › Paste in writing view › pasting markdown heading into paragraph creates a heading node
  -  380 [firefox] › test\integration\user-interaction\interaction\paste.spec.js:260:3 › Paste in writing view › paste replaces active selection
  -  381 [firefox] › test\integration\user-interaction\interaction\paste.spec.js:277:3 › Paste in writing view › paste does not trigger a full render
  -  382 [firefox] › test\integration\user-interaction\interaction\paste.spec.js:310:3 › Paste in writing view › multi-line paste with CRLF line endings works correctly
  ✓  383 [firefox] › test\integration\user-interaction\interaction\range-handling.spec.js:409:3 › Cut › cut removes selected text and puts it on clipboard (976ms)
  ✓  384 …tegration\user-interaction\interaction\range-handling.spec.js:349:3 › Cross-node selection deletion › typing with cross-node selection replaces all selected content (992ms)
  ✓  385 [firefox] › test\integration\user-interaction\interaction\range-handling.spec.js:505:3 › Writing-view copy › copy repairs sliced HTML inline tags (1.0s)
  ✓  386 [firefox] › test\integration\user-interaction\interaction\select-all.spec.js:24:3 › Select-All Cycling › first Ctrl+A selects current paragraph content (89ms)
     387 [firefox] › test\integration\user-interaction\interaction\range-handling.spec.js:443:3 › Writing-view copy › cross-node copy produces markdown with block prefixes
  ✓  388 …irefox] › test\integration\user-interaction\interaction\select-all.spec.js:39:3 › Select-All Cycling › second Ctrl+A on paragraph (no parent) selects entire document (46ms)
  ✓  389 [firefox] › test\integration\user-interaction\interaction\range-handling.spec.js:539:3 › Writing-view cut › cross-node cut copies markdown and removes content (847ms)
  ✓  390 …refox] › test\integration\user-interaction\interaction\select-all.spec.js:57:3 › Select-All Cycling › first Ctrl+A on list item selects item, second selects list run (58ms)
  ✓  391 [firefox] › test\integration\user-interaction\interaction\select-all.spec.js:94:3 › Select-All Cycling › clicking resets the cycling level (95ms)
  ✓  392 [firefox] › test\integration\user-interaction\interaction\select-all.spec.js:161:3 › Delete Empty Elements › Ctrl+A then Backspace on list item removes it from list (80ms)
  ✓  393 …st\integration\user-interaction\interaction\select-all.spec.js:125:3 › Delete Empty Elements › Ctrl+A then Backspace on single paragraph removes it, leaves empty doc (81ms)
  ✓  394 [firefox] › test\integration\user-interaction\interaction\select-all.spec.js:78:3 › Select-All Cycling › third Ctrl+A on list item selects entire document (45ms)
  ✓  395 …fox] › test\integration\user-interaction\interaction\select-all.spec.js:193:3 › Delete Empty Elements › select-all document then delete leaves single empty paragraph (98ms)
  ✓  396 …ion\interaction\source2-cursor-position.spec.js:59:3 › Source2 cursor position preservation › cursor at end of single paragraph survives writing → source2 → writing (473ms)
  ✓  397 [firefox] › test\integration\user-interaction\interaction\select-all.spec.js:177:3 › Delete Empty Elements › Ctrl+A then Backspace on blockquote removes it (47ms)
  ✓  398 …t\integration\user-interaction\interaction\select-all.spec.js:144:3 › Delete Empty Elements › Ctrl+A then Delete on heading removes it, cursor moves to adjacent node (48ms)
  ✓  399 [firefox] › test\integration\user-interaction\interaction\select-all.spec.js:110:3 › Select-All Cycling › first Ctrl+A on heading selects heading content (35ms)
  ✓  400 …\user-interaction\interaction\source2-cursor-position.spec.js:88:3 › Source2 cursor position preservation › cursor in middle of second paragraph survives round-trip (501ms)
  ✓  401 …egration\user-interaction\interaction\source2-cursor-position.spec.js:119:3 › Source2 cursor position preservation › cursor at start of document survives round-trip (483ms)
  ✓  402 …\user-interaction\interaction\source2-cursor-position.spec.js:143:3 › Source2 cursor position preservation › cursor position after editing in source2 maps correctly (528ms)
  ✓  403 …ion\interaction\source2-cursor-position.spec.js:170:3 › Source2 cursor position preservation › moving caret in source2 without editing updates cursor on switch back (308ms)
  ✓  404 [firefox] › test\integration\user-interaction\interaction\source2-hotkeys.spec.js:45:3 › Source2 hotkey formatting › Ctrl+B wraps selected text with ** delimiters (290ms)
  ✓  405 [firefox] › test\integration\user-interaction\interaction\source2-hotkeys.spec.js:115:3 › Source2 hotkey formatting › Ctrl+Alt+0 changes heading back to paragraph (275ms)
  ✓  406 [firefox] › test\integration\user-interaction\interaction\source2-hotkeys.spec.js:59:3 › Source2 hotkey formatting › Ctrl+I wraps selected text with * delimiters (250ms)
  ✓  407 [firefox] › test\integration\user-interaction\interaction\source2-hotkeys.spec.js:129:3 › Source2 hotkey formatting › Ctrl+Shift+Q toggles blockquote prefix (251ms)
  ✓  408 …efox] › test\integration\user-interaction\interaction\source2-hotkeys.spec.js:73:3 › Source2 hotkey formatting › Ctrl+` wraps selected text with backtick delimiters (254ms)
  ✓  409 …fox] › test\integration\user-interaction\interaction\source2-hotkeys.spec.js:143:3 › Source2 hotkey formatting › Ctrl+Shift+- wraps selected text with ~~ delimiters (240ms)
  ✓  410 …test\integration\user-interaction\interaction\source2-hotkeys.spec.js:87:3 › Source2 hotkey formatting › Ctrl+B with collapsed cursor bolds the word under the caret (240ms)
  ✓  411 [firefox] › test\integration\user-interaction\interaction\source2-hotkeys.spec.js:185:3 › Source2 hotkey formatting › Ctrl+Shift+B toggles unordered list prefix (288ms)
  ✓  412 …› test\integration\user-interaction\interaction\source2-hotkeys.spec.js:157:3 › Source2 hotkey formatting › Ctrl+Shift+ArrowDown wraps selected text with <sub> tags (241ms)
  ✓  413 [firefox] › test\integration\user-interaction\interaction\source2-hotkeys.spec.js:101:3 › Source2 hotkey formatting › Ctrl+Alt+1 changes line to heading 1 (256ms)
  ✓  414 [firefox] › test\integration\user-interaction\interaction\source2-hotkeys.spec.js:259:3 › Source2 hotkey formatting › Ctrl+K opens the link dialog (2.1s)
  ✓  415 …] › test\integration\user-interaction\interaction\source2-hotkeys.spec.js:171:3 › Source2 hotkey formatting › Ctrl+Shift+ArrowUp wraps selected text with <sup> tags (255ms)
  ✓  416 … test\integration\user-interaction\interaction\source2-hotkeys.spec.js:353:3 › Source2 hotkey formatting › Ctrl+K with selection inserts link replacing the selection (2.4s)
  ✓  417 [firefox] › test\integration\user-interaction\interaction\source2-hotkeys.spec.js:199:3 › Source2 hotkey formatting › Ctrl+Shift+N toggles ordered list prefix (264ms)
  ✓  418 …› test\integration\user-interaction\interaction\source2-hotkeys.spec.js:428:3 › Source2 hotkey formatting › Ctrl+I with collapsed cursor does not highlight the word (288ms)
  ✓  419 [firefox] › test\integration\user-interaction\interaction\source2-hotkeys.spec.js:213:3 › Source2 hotkey formatting › Ctrl+Shift+X toggles checklist prefix (256ms)
  ✓  420 [firefox] › test\integration\user-interaction\interaction\source2-hotkeys.spec.js:227:3 › Source2 hotkey formatting › Ctrl+Shift+I opens the image dialog (2.2s)
  ✓  421 …gration\user-interaction\interaction\source2-hotkeys.spec.js:513:3 › Source2 hotkey formatting › Ctrl+Shift+ArrowUp on selected subscript text replaces sub with sup (278ms)
  ✓  422 …ration\user-interaction\interaction\source2-hotkeys.spec.js:447:3 › Source2 hotkey formatting › Ctrl+Shift+ArrowUp with collapsed cursor does not highlight the word (268ms)  ✘  387 [firefox] › test\integration\user-interaction\interaction\range-handling.spec.js:443:3 › Writing-view copy › cross-node copy produces markdown with block prefixes (1.0s)
  ✓  423 …ntegration\user-interaction\interaction\source2-roundtrip.spec.js:74:3 › Source2 textarea content › switching to source2 shows a textarea with the document markdown (103ms)
  ✓  424 …tion\user-interaction\interaction\source2-hotkeys.spec.js:466:3 › Source2 hotkey formatting › Ctrl+Shift+ArrowDown with collapsed cursor does not highlight the word (266ms)
  ✓  425 …ion\user-interaction\interaction\source2-hotkeys.spec.js:527:3 › Source2 hotkey formatting › Ctrl+Shift+ArrowDown on selected superscript text replaces sup with sub (268ms)
  ✓  426 …ation\user-interaction\interaction\source2-roundtrip.spec.js:110:3 › Source2 round-trip without edits › writing → source2 → writing preserves the document unchanged (408ms)
  ✓  427 …ntegration\user-interaction\interaction\source2-hotkeys.spec.js:485:3 › Source2 hotkey formatting › Ctrl+Shift+ArrowUp with collapsed cursor toggles superscript off (259ms)
  ✓  428 [firefox] › test\integration\user-interaction\interaction\source2-hotkeys.spec.js:541:3 › Source2 hotkey formatting › Ctrl+Shift+C toggles code-block prefix (252ms)
  ✓  429 [firefox] › test\integration\user-interaction\interaction\source2-roundtrip.spec.js:91:3 › Source2 textarea content › typing in the textarea modifies its value (283ms)
  ✓  430 …ntegration\user-interaction\interaction\source2-hotkeys.spec.js:499:3 › Source2 hotkey formatting › Ctrl+Shift+ArrowDown with collapsed cursor toggles subscript off (252ms)
  ✓  431 …integration\user-interaction\interaction\source2-hotkeys.spec.js:555:3 › Source2 hotkey formatting › applying same format twice with collapsed cursor toggles it off (472ms)
  ✓  432 …› test\integration\user-interaction\interaction\source2-hotkeys.spec.js:275:3 › Source2 hotkey formatting › Ctrl+K with cursor on a word prefills the link text field (2.0s)
  ✓  433 …tegration\user-interaction\interaction\source2-reparse.spec.js:37:3 › Source2 reparse on view switch › edits in source2 are reflected when switching to writing view (105ms)
  ✓  434 …\user-interaction\interaction\source2-roundtrip.spec.js:130:3 › Source2 round-trip with edits › editing in source2 and switching back to writing reflects the change (265ms)
  ✓  435 …egration\user-interaction\interaction\source2-hotkeys.spec.js:372:3 › Source2 hotkey formatting › Ctrl+B with collapsed cursor toggles bold off on already-bold word (257ms)
  ✓  436 [firefox] › test\integration\user-interaction\interaction\source2-hotkeys.spec.js:243:3 › Source2 hotkey formatting › Ctrl+Shift+T opens the table dialog (2.0s)
  ✓  437 …tion\user-interaction\interaction\source2-hotkeys.spec.js:386:3 › Source2 hotkey formatting › Ctrl+I with collapsed cursor toggles italic off on already-italic word (239ms)
  ✓  438 …st\integration\user-interaction\interaction\source2-hotkeys.spec.js:400:3 › Source2 hotkey formatting › Ctrl+Shift+- with collapsed cursor toggles strikethrough off (253ms)
  ✓  439 …ntegration\user-interaction\interaction\source2-roundtrip.spec.js:147:3 › Source2 round-trip with edits › adding a new paragraph in source2 shows it in writing view (622ms)
  ✓  440 …egration\user-interaction\interaction\source2-hotkeys.spec.js:414:3 › Source2 hotkey formatting › Ctrl+` with collapsed cursor toggles code off on already-code word (252ms)
  ✓  441 …er-interaction\interaction\source2-roundtrip.spec.js:208:3 › Source2 tree identity preservation › unchanged nodes keep their data-node-id after a no-edit round-trip (747ms)
  ✓  442 [firefox] › test\integration\user-interaction\interaction\source2-hotkeys.spec.js:295:3 › Source2 hotkey formatting › Ctrl+K link dialog inserts markdown link (2.2s)
  ✓  443 …er-interaction\interaction\source2-roundtrip.spec.js:177:3 › Source2 round-trip with edits › editing README content in source2 and switching back preserves the edit (619ms)
  ✓  444 …ion\user-interaction\interaction\source2-roundtrip.spec.js:269:3 › Source2 tree identity preservation › README round-trip preserves most node IDs after a small edit (968ms)
  ✓  445 …tion\user-interaction\interaction\source2-roundtrip.spec.js:231:3 › Source2 tree identity preservation › unchanged nodes keep their IDs when only one node is edited (894ms)
  ✓  446 …x] › test\integration\user-interaction\interaction\source2-hotkeys.spec.js:314:3 › Source2 hotkey formatting › Ctrl+K with selected text prefills the link text field (1.8s)
  ✓  447 …st\integration\user-interaction\interaction\source2-hotkeys.spec.js:333:3 › Source2 hotkey formatting › Ctrl+K with no word under cursor opens dialog with empty text (2.0s)

  1) [firefox] › test\integration\app-functionality\app\search.spec.js:104:1 › plain text search highlights matches in source view

    Error: expect(received).toBeGreaterThanOrEqual(expected)

    Expected: >= 2
    Received:    0

      116 |   const marks = page.locator(`#editor mark.search-highlight`);
      117 |   const count = await marks.count();
    > 118 |   expect(count).toBeGreaterThanOrEqual(2); // heading + paragraph + code
          |                 ^
      119 |
      120 |   // One should be the active match.
      121 |   const active = page.locator(`#editor mark.search-highlight--active`);
        at C:\Users\Mike\Documents\Git\projects\markdown editor\test\integration\app-functionality\app\search.spec.js:118:17

    attachment #1: screenshot (image/png) ──────────────────────────────────────────────────────────
    test-results\app-functionality-app-sear-ba9ba-ghts-matches-in-source-view-firefox\test-failed-1.png
    ────────────────────────────────────────────────────────────────────────────────────────────────

    Error Context: test-results\app-functionality-app-sear-ba9ba-ghts-matches-in-source-view-firefox\error-context.md

  2) [firefox] › test\integration\app-functionality\app\search.spec.js:127:1 › plain text search is case insensitive by default

    Error: expect(received).toBeGreaterThanOrEqual(expected)

    Expected: >= 2
    Received:    0

      138 |   const marks = page.locator(`#editor mark.search-highlight`);
      139 |   const count = await marks.count();
    > 140 |   expect(count).toBeGreaterThanOrEqual(2);
          |                 ^
      141 |
      142 |   await page.keyboard.press(`Escape`);
      143 | });
        at C:\Users\Mike\Documents\Git\projects\markdown editor\test\integration\app-functionality\app\search.spec.js:140:17

    attachment #1: screenshot (image/png) ──────────────────────────────────────────────────────────
    test-results\app-functionality-app-sear-f2adc-case-insensitive-by-default-firefox\test-failed-1.png
    ────────────────────────────────────────────────────────────────────────────────────────────────

    Error Context: test-results\app-functionality-app-sear-f2adc-case-insensitive-by-default-firefox\error-context.md

  3) [firefox] › test\integration\app-functionality\app\search.spec.js:164:1 › regex search finds pattern matches

    Test timeout of 5000ms exceeded.

    Error: page.waitForSelector: Target page, context or browser has been closed
    Call log:
      - waiting for locator('#editor [data-node-id]') to be visible


       at test-utils.js:109

      107 |   }, fixtureContent);
      108 |   // Wait for the editor to re-render.
    > 109 |   await page.waitForSelector(`#editor [data-node-id]`);
          |              ^
      110 | }
      111 |
      112 | /**
        at loadContent (C:\Users\Mike\Documents\Git\projects\markdown editor\test\integration\test-utils.js:109:14)
        at C:\Users\Mike\Documents\Git\projects\markdown editor\test\integration\app-functionality\app\search.spec.js:165:3

    attachment #1: screenshot (image/png) ──────────────────────────────────────────────────────────
    test-results\app-functionality-app-sear-a456c-earch-finds-pattern-matches-firefox\test-failed-1.png
    ────────────────────────────────────────────────────────────────────────────────────────────────

    Error Context: test-results\app-functionality-app-sear-a456c-earch-finds-pattern-matches-firefox\error-context.md

  4) [firefox] › test\integration\app-functionality\app\search.spec.js:218:1 › Shift+Enter navigates to previous match

    Test timeout of 5000ms exceeded.

    Error: page.waitForSelector: Target page, context or browser has been closed
    Call log:
      - waiting for locator('#editor [data-node-id]') to be visible


       at test-utils.js:109

      107 |   }, fixtureContent);
      108 |   // Wait for the editor to re-render.
    > 109 |   await page.waitForSelector(`#editor [data-node-id]`);
          |              ^
      110 | }
      111 |
      112 | /**
        at loadContent (C:\Users\Mike\Documents\Git\projects\markdown editor\test\integration\test-utils.js:109:14)
        at C:\Users\Mike\Documents\Git\projects\markdown editor\test\integration\app-functionality\app\search.spec.js:219:3

    attachment #1: screenshot (image/png) ──────────────────────────────────────────────────────────
    test-results\app-functionality-app-sear-bb9ab-navigates-to-previous-match-firefox\test-failed-1.png
    ────────────────────────────────────────────────────────────────────────────────────────────────

    Error Context: test-results\app-functionality-app-sear-bb9ab-navigates-to-previous-match-firefox\error-context.md

  5) [firefox] › test\integration\app-functionality\app\search.spec.js:287:1 › source view search matches markdown syntax

    Test timeout of 5000ms exceeded.

    Error: expect(locator).not.toHaveText(expected) failed

    Locator:  locator('.search-match-count')
    Expected: not "No results"
    Received: "No results"
    Timeout:  5000ms

    Call log:
      - Expect "not toHaveText" with timeout 5000ms
      - waiting for locator('.search-match-count')
        9 × locator resolved to <span aria-live="polite" class="search-match-count">No results</span>
          - unexpected value "No results"


      294 |   // Source mode should find '##' in heading lines.
      295 |   const matchCount = page.locator(`.search-match-count`);
    > 296 |   await expect(matchCount).not.toHaveText(`No results`);
          |                                ^
      297 |
      298 |   await page.keyboard.press(`Escape`);
      299 | });
        at C:\Users\Mike\Documents\Git\projects\markdown editor\test\integration\app-functionality\app\search.spec.js:296:32

    attachment #1: screenshot (image/png) ──────────────────────────────────────────────────────────
    test-results\app-functionality-app-sear-638fa-rch-matches-markdown-syntax-firefox\test-failed-1.png
    ────────────────────────────────────────────────────────────────────────────────────────────────

    Error Context: test-results\app-functionality-app-sear-638fa-rch-matches-markdown-syntax-firefox\error-context.md

  6) [firefox] › test\integration\app-functionality\app\search.spec.js:301:1 › highlights are removed when search bar closes

    Error: expect(received).toBeGreaterThan(expected)

    Expected: > 0
    Received:   0

      308 |   // Marks should exist.
      309 |   let marks = page.locator(`#editor mark.search-highlight`);
    > 310 |   expect(await marks.count()).toBeGreaterThan(0);
          |                               ^
      311 |
      312 |   // Close the search bar.
      313 |   await page.keyboard.press(`Escape`);
        at C:\Users\Mike\Documents\Git\projects\markdown editor\test\integration\app-functionality\app\search.spec.js:310:31

    attachment #1: screenshot (image/png) ──────────────────────────────────────────────────────────
    test-results\app-functionality-app-sear-282b8-oved-when-search-bar-closes-firefox\test-failed-1.png
    ────────────────────────────────────────────────────────────────────────────────────────────────

    Error Context: test-results\app-functionality-app-sear-282b8-oved-when-search-bar-closes-firefox\error-context.md

  7) [firefox] › test\integration\app-functionality\app\search.spec.js:342:1 › regex can match across element boundaries

    Error: expect(received).toBe(expected) // Object.is equality

    Expected: 2
    Received: 0

      355 |   // Should produce highlight marks in both the heading and paragraph.
      356 |   const marks = page.locator(`#editor mark.search-highlight`);
    > 357 |   expect(await marks.count()).toBe(2);
          |                               ^
      358 |
      359 |   await page.locator(`.search-toggle[data-action="regex"]`).click();
      360 |   await page.keyboard.press(`Escape`);
        at C:\Users\Mike\Documents\Git\projects\markdown editor\test\integration\app-functionality\app\search.spec.js:357:31

    attachment #1: screenshot (image/png) ──────────────────────────────────────────────────────────
    test-results\app-functionality-app-sear-6c2f3-h-across-element-boundaries-firefox\test-failed-1.png
    ────────────────────────────────────────────────────────────────────────────────────────────────

    Error Context: test-results\app-functionality-app-sear-6c2f3-h-across-element-boundaries-firefox\error-context.md

  8) [firefox] › test\integration\app-functionality\app\search.spec.js:380:1 › regex search still works with single character

    Test timeout of 5000ms exceeded.

    Error: page.waitForSelector: Target page, context or browser has been closed
    Call log:
      - waiting for locator('#editor [data-node-id]') to be visible


       at test-utils.js:109

      107 |   }, fixtureContent);
      108 |   // Wait for the editor to re-render.
    > 109 |   await page.waitForSelector(`#editor [data-node-id]`);
          |              ^
      110 | }
      111 |
      112 | /**
        at loadContent (C:\Users\Mike\Documents\Git\projects\markdown editor\test\integration\test-utils.js:109:14)
        at C:\Users\Mike\Documents\Git\projects\markdown editor\test\integration\app-functionality\app\search.spec.js:381:3

    attachment #1: screenshot (image/png) ──────────────────────────────────────────────────────────
    test-results\app-functionality-app-sear-dbda9-works-with-single-character-firefox\test-failed-1.png
    ────────────────────────────────────────────────────────────────────────────────────────────────

    Error Context: test-results\app-functionality-app-sear-dbda9-works-with-single-character-firefox\error-context.md

  9) [firefox] › test\integration\app-functionality\app\search.spec.js:397:1 › initial match is closest to cursor position

    Test timeout of 5000ms exceeded.

    Error: locator.click: Target page, context or browser has been closed
    Call log:
      - waiting for locator('#editor [data-node-id]').filter({ hasText: 'Another heading' })


      406 |     hasText: `Another heading`,
      407 |   });
    > 408 |   await secondHeading.click();
          |                       ^
      409 |   await page.waitForTimeout(200);
      410 |   await page.keyboard.press(HOME);
      411 |   await page.waitForTimeout(200);
        at C:\Users\Mike\Documents\Git\projects\markdown editor\test\integration\app-functionality\app\search.spec.js:408:23

    attachment #1: screenshot (image/png) ──────────────────────────────────────────────────────────
    test-results\app-functionality-app-sear-a2088--closest-to-cursor-position-firefox\test-failed-1.png
    ────────────────────────────────────────────────────────────────────────────────────────────────

    Error Context: test-results\app-functionality-app-sear-a2088--closest-to-cursor-position-firefox\error-context.md

  10) [firefox] › test\integration\app-functionality\app\session-save.spec.js:151:1 › reopening the app restores cursor position and ToC heading

    Test timeout of 5000ms exceeded.

    attachment #1: screenshot (image/png) ──────────────────────────────────────────────────────────
    test-results\app-functionality-app-sess-835f5-or-position-and-ToC-heading-firefox\test-failed-1.png
    ────────────────────────────────────────────────────────────────────────────────────────────────

    attachment #2: screenshot (image/png) ──────────────────────────────────────────────────────────
    test-results\app-functionality-app-sess-835f5-or-position-and-ToC-heading-firefox\test-failed-2.png
    ────────────────────────────────────────────────────────────────────────────────────────────────

    attachment #3: screenshot (image/png) ──────────────────────────────────────────────────────────
    test-results\app-functionality-app-sess-835f5-or-position-and-ToC-heading-firefox\test-failed-3.png
    ────────────────────────────────────────────────────────────────────────────────────────────────

    Error Context: test-results\app-functionality-app-sess-835f5-or-position-and-ToC-heading-firefox\error-context.md

  11) [firefox] › test\integration\app-functionality\document\view-mode-dropdown.spec.js:95:1 › toggle stays in sync when view mode changes via menu

    Test timeout of 5000ms exceeded.

    Error: locator.waitFor: Target page, context or browser has been closed
    Call log:
      - waiting for locator('#editor[data-view-mode="source"]') to be visible


      103 |   // Switch to source programmatically (simulating a menu action).
      104 |   await page.evaluate(() => window.editorAPI?.setViewMode(`source`));
    > 105 |   await page.locator(`#editor[data-view-mode="source"]`).waitFor();
          |                                                          ^
      106 |
      107 |   // The toggle should reflect the new mode.
      108 |   await expect(toggle).toHaveText(`Source View`);
        at C:\Users\Mike\Documents\Git\projects\markdown editor\test\integration\app-functionality\document\view-mode-dropdown.spec.js:105:58

    attachment #1: screenshot (image/png) ──────────────────────────────────────────────────────────
    test-results\app-functionality-document-f4177--view-mode-changes-via-menu-firefox\test-failed-1.png
    ────────────────────────────────────────────────────────────────────────────────────────────────

    Error Context: test-results\app-functionality-document-f4177--view-mode-changes-via-menu-firefox\error-context.md

  12) [firefox] › test\integration\app-functionality\toolbar\bold-button.spec.js:124:3 › Problem 1 — bold first word, toggle off › bolding first word produces correct markdown

    Test timeout of 5000ms exceeded.

    Error: locator.innerText: Target page, context or browser has been closed
    Call log:
      - waiting for locator('#editor [data-node-id]').first()


      118 |  */
      119 | async function getSourceLineText(pg, index) {
    > 120 |   return pg.locator(`#editor [data-node-id]`).nth(index).innerText();
          |                                                          ^
      121 | }
      122 |
      123 | test.describe(`Problem 1 — bold first word, toggle off`, () => {
        at getSourceLineText (C:\Users\Mike\Documents\Git\projects\markdown editor\test\integration\app-functionality\toolbar\bold-button.spec.js:120:58)
        at C:\Users\Mike\Documents\Git\projects\markdown editor\test\integration\app-functionality\toolbar\bold-button.spec.js:133:24

    attachment #1: screenshot (image/png) ──────────────────────────────────────────────────────────
    test-results\app-functionality-toolbar--e8727-d-produces-correct-markdown-firefox\test-failed-1.png
    ────────────────────────────────────────────────────────────────────────────────────────────────

    Error Context: test-results\app-functionality-toolbar--e8727-d-produces-correct-markdown-firefox\error-context.md

  13) [firefox] › test\integration\app-functionality\toolbar\bold-button.spec.js:137:3 › Problem 1 — bold first word, toggle off › toggling bold off restores plain text

    Test timeout of 5000ms exceeded.

    Error: locator.innerText: Target page, context or browser has been closed
    Call log:
      - waiting for locator('#editor [data-node-id]').first()


      118 |  */
      119 | async function getSourceLineText(pg, index) {
    > 120 |   return pg.locator(`#editor [data-node-id]`).nth(index).innerText();
          |                                                          ^
      121 | }
      122 |
      123 | test.describe(`Problem 1 — bold first word, toggle off`, () => {
        at getSourceLineText (C:\Users\Mike\Documents\Git\projects\markdown editor\test\integration\app-functionality\toolbar\bold-button.spec.js:120:58)
        at C:\Users\Mike\Documents\Git\projects\markdown editor\test\integration\app-functionality\toolbar\bold-button.spec.js:154:24

    attachment #1: screenshot (image/png) ──────────────────────────────────────────────────────────
    test-results\app-functionality-toolbar--0a21a-old-off-restores-plain-text-firefox\test-failed-1.png
    ────────────────────────────────────────────────────────────────────────────────────────────────

    Error Context: test-results\app-functionality-toolbar--0a21a-old-off-restores-plain-text-firefox\error-context.md

  14) [firefox] › test\integration\app-functionality\toolbar\bold-button.spec.js:160:3 › Problem 2 — bold middle word, paragraph 1 › bolding middle word produces correct markdown

    Test timeout of 5000ms exceeded.

    Error: locator.innerText: Target page, context or browser has been closed
    Call log:
      - waiting for locator('#editor [data-node-id]').first()


      118 |  */
      119 | async function getSourceLineText(pg, index) {
    > 120 |   return pg.locator(`#editor [data-node-id]`).nth(index).innerText();
          |                                                          ^
      121 | }
      122 |
      123 | test.describe(`Problem 1 — bold first word, toggle off`, () => {
        at getSourceLineText (C:\Users\Mike\Documents\Git\projects\markdown editor\test\integration\app-functionality\toolbar\bold-button.spec.js:120:58)
        at C:\Users\Mike\Documents\Git\projects\markdown editor\test\integration\app-functionality\toolbar\bold-button.spec.js:169:24

    attachment #1: screenshot (image/png) ──────────────────────────────────────────────────────────
    test-results\app-functionality-toolbar--ef8d5-d-produces-correct-markdown-firefox\test-failed-1.png
    ────────────────────────────────────────────────────────────────────────────────────────────────

    Error Context: test-results\app-functionality-toolbar--ef8d5-d-produces-correct-markdown-firefox\error-context.md

  15) [firefox] › test\integration\app-functionality\toolbar\bold-button.spec.js:173:3 › Problem 2 — bold middle word, paragraph 1 › toggling bold off middle word restores plain text

    Test timeout of 5000ms exceeded.

    Error: locator.innerText: Target page, context or browser has been closed
    Call log:
      - waiting for locator('#editor [data-node-id]').first()


      118 |  */
      119 | async function getSourceLineText(pg, index) {
    > 120 |   return pg.locator(`#editor [data-node-id]`).nth(index).innerText();
          |                                                          ^
      121 | }
      122 |
      123 | test.describe(`Problem 1 — bold first word, toggle off`, () => {
        at getSourceLineText (C:\Users\Mike\Documents\Git\projects\markdown editor\test\integration\app-functionality\toolbar\bold-button.spec.js:120:58)
        at C:\Users\Mike\Documents\Git\projects\markdown editor\test\integration\app-functionality\toolbar\bold-button.spec.js:188:24

    attachment #1: screenshot (image/png) ──────────────────────────────────────────────────────────
    test-results\app-functionality-toolbar--f9e93-le-word-restores-plain-text-firefox\test-failed-1.png
    ────────────────────────────────────────────────────────────────────────────────────────────────

    Error Context: test-results\app-functionality-toolbar--f9e93-le-word-restores-plain-text-firefox\error-context.md

  16) [firefox] › test\integration\app-functionality\toolbar\bold-button.spec.js:194:3 › Problem 3 — bold first word, paragraph 2 › bolding first word of second paragraph produces correct markdown

    Test timeout of 5000ms exceeded.

    Error: locator.innerText: Target page, context or browser has been closed
    Call log:
      - waiting for locator('#editor [data-node-id]').first()


      118 |  */
      119 | async function getSourceLineText(pg, index) {
    > 120 |   return pg.locator(`#editor [data-node-id]`).nth(index).innerText();
          |                                                          ^
      121 | }
      122 |
      123 | test.describe(`Problem 1 — bold first word, toggle off`, () => {
        at getSourceLineText (C:\Users\Mike\Documents\Git\projects\markdown editor\test\integration\app-functionality\toolbar\bold-button.spec.js:120:58)
        at C:\Users\Mike\Documents\Git\projects\markdown editor\test\integration\app-functionality\toolbar\bold-button.spec.js:205:25

    attachment #1: screenshot (image/png) ──────────────────────────────────────────────────────────
    test-results\app-functionality-toolbar--881ab-h-produces-correct-markdown-firefox\test-failed-1.png
    ────────────────────────────────────────────────────────────────────────────────────────────────

    Error Context: test-results\app-functionality-toolbar--881ab-h-produces-correct-markdown-firefox\error-context.md

  17) [firefox] › test\integration\app-functionality\toolbar\bold-button.spec.js:214:3 › Problem 4 — bold middle word, paragraph 2 › bolding middle word of second paragraph produces correct markdown

    Test timeout of 5000ms exceeded.

    Error: locator.innerText: Target page, context or browser has been closed
    Call log:
      - waiting for locator('#editor [data-node-id]').first()


      118 |  */
      119 | async function getSourceLineText(pg, index) {
    > 120 |   return pg.locator(`#editor [data-node-id]`).nth(index).innerText();
          |                                                          ^
      121 | }
      122 |
      123 | test.describe(`Problem 1 — bold first word, toggle off`, () => {
        at getSourceLineText (C:\Users\Mike\Documents\Git\projects\markdown editor\test\integration\app-functionality\toolbar\bold-button.spec.js:120:58)
        at C:\Users\Mike\Documents\Git\projects\markdown editor\test\integration\app-functionality\toolbar\bold-button.spec.js:224:25

    attachment #1: screenshot (image/png) ──────────────────────────────────────────────────────────
    test-results\app-functionality-toolbar--ef3ed-h-produces-correct-markdown-firefox\test-failed-1.png
    ────────────────────────────────────────────────────────────────────────────────────────────────

    Error Context: test-results\app-functionality-toolbar--ef3ed-h-produces-correct-markdown-firefox\error-context.md

  18) [firefox] › test\integration\app-functionality\toolbar\bold-button.spec.js:367:3 › Collapsed cursor — bold word under caret › clicking bold with cursor on a plain word bolds that word

    Test timeout of 5000ms exceeded.

    Error: locator.innerText: Target page, context or browser has been closed
    Call log:
      - waiting for locator('#editor [data-node-id]').first()


      118 |  */
      119 | async function getSourceLineText(pg, index) {
    > 120 |   return pg.locator(`#editor [data-node-id]`).nth(index).innerText();
          |                                                          ^
      121 | }
      122 |
      123 | test.describe(`Problem 1 — bold first word, toggle off`, () => {
        at getSourceLineText (C:\Users\Mike\Documents\Git\projects\markdown editor\test\integration\app-functionality\toolbar\bold-button.spec.js:120:58)
        at C:\Users\Mike\Documents\Git\projects\markdown editor\test\integration\app-functionality\toolbar\bold-button.spec.js:378:24

    attachment #1: screenshot (image/png) ──────────────────────────────────────────────────────────
    test-results\app-functionality-toolbar--ffaa7--plain-word-bolds-that-word-firefox\test-failed-1.png
    ────────────────────────────────────────────────────────────────────────────────────────────────

    Error Context: test-results\app-functionality-toolbar--ffaa7--plain-word-bolds-that-word-firefox\error-context.md

  19) [firefox] › test\integration\app-functionality\toolbar\bold-button.spec.js:382:3 › Collapsed cursor — bold word under caret › clicking bold with cursor inside bold text removes bold

    Test timeout of 5000ms exceeded.

    Error: locator.innerText: Target page, context or browser has been closed
    Call log:
      - waiting for locator('#editor [data-node-id]').first()


      118 |  */
      119 | async function getSourceLineText(pg, index) {
    > 120 |   return pg.locator(`#editor [data-node-id]`).nth(index).innerText();
          |                                                          ^
      121 | }
      122 |
      123 | test.describe(`Problem 1 — bold first word, toggle off`, () => {
        at getSourceLineText (C:\Users\Mike\Documents\Git\projects\markdown editor\test\integration\app-functionality\toolbar\bold-button.spec.js:120:58)
        at C:\Users\Mike\Documents\Git\projects\markdown editor\test\integration\app-functionality\toolbar\bold-button.spec.js:397:24

    attachment #1: screenshot (image/png) ──────────────────────────────────────────────────────────
    test-results\app-functionality-toolbar--60ad5-side-bold-text-removes-bold-firefox\test-failed-1.png
    ────────────────────────────────────────────────────────────────────────────────────────────────

    Error Context: test-results\app-functionality-toolbar--60ad5-side-bold-text-removes-bold-firefox\error-context.md

  20) [firefox] › test\integration\app-functionality\toolbar\checklist.spec.js:40:1 › source view renders checklist prefix for unchecked item

    Test timeout of 5000ms exceeded.

    Error: locator.textContent: Target page, context or browser has been closed
    Call log:
      - waiting for locator('#editor [data-node-id]').first()


      43 |
      44 |   const line = page.locator(`#editor [data-node-id]`).first();
    > 45 |   const text = await line.textContent();
         |                           ^
      46 |   expect(text).toMatch(/^- \[ \] Unchecked task/);
      47 | });
      48 |
        at C:\Users\Mike\Documents\Git\projects\markdown editor\test\integration\app-functionality\toolbar\checklist.spec.js:45:27

    attachment #1: screenshot (image/png) ──────────────────────────────────────────────────────────
    test-results\app-functionality-toolbar--3c119-t-prefix-for-unchecked-item-firefox\test-failed-1.png
    ────────────────────────────────────────────────────────────────────────────────────────────────

    Error Context: test-results\app-functionality-toolbar--3c119-t-prefix-for-unchecked-item-firefox\error-context.md

  21) [firefox] › test\integration\app-functionality\toolbar\checklist.spec.js:49:1 › source view renders checklist prefix for checked item

    Test timeout of 5000ms exceeded.

    Error: locator.textContent: Target page, context or browser has been closed
    Call log:
      - waiting for locator('#editor [data-node-id]').first()


      52 |
      53 |   const line = page.locator(`#editor [data-node-id]`).first();
    > 54 |   const text = await line.textContent();
         |                           ^
      55 |   expect(text).toMatch(/^- \[x\] Checked task/);
      56 | });
      57 |
        at C:\Users\Mike\Documents\Git\projects\markdown editor\test\integration\app-functionality\toolbar\checklist.spec.js:54:27

    attachment #1: screenshot (image/png) ──────────────────────────────────────────────────────────
    test-results\app-functionality-toolbar--488eb-ist-prefix-for-checked-item-firefox\test-failed-1.png
    ────────────────────────────────────────────────────────────────────────────────────────────────

    Error Context: test-results\app-functionality-toolbar--488eb-ist-prefix-for-checked-item-firefox\error-context.md

  22) [firefox] › test\integration\app-functionality\toolbar\checklist.spec.js:76:1 › clicking checklist button converts paragraph to checklist item

    Test timeout of 5000ms exceeded.

    Error: locator.textContent: Target page, context or browser has been closed
    Call log:
      - waiting for locator('#editor [data-node-id]').first()


      88 |
      89 |   const source = page.locator(`#editor [data-node-id]`).first();
    > 90 |   const text = await source.textContent();
         |                             ^
      91 |   expect(text).toMatch(/^- \[ \] A simple paragraph/);
      92 | });
      93 |
        at C:\Users\Mike\Documents\Git\projects\markdown editor\test\integration\app-functionality\toolbar\checklist.spec.js:90:29

    attachment #1: screenshot (image/png) ──────────────────────────────────────────────────────────
    test-results\app-functionality-toolbar--2b3da-paragraph-to-checklist-item-firefox\test-failed-1.png
    ────────────────────────────────────────────────────────────────────────────────────────────────

    Error Context: test-results\app-functionality-toolbar--2b3da-paragraph-to-checklist-item-firefox\error-context.md

  23) [firefox] › test\integration\app-functionality\toolbar\checklist.spec.js:94:1 › clicking checklist button on checklist item toggles back to paragraph

    Test timeout of 5000ms exceeded.

    Error: locator.textContent: Target page, context or browser has been closed
    Call log:
      - waiting for locator('#editor [data-node-id]').first()


      106 |
      107 |   const source = page.locator(`#editor [data-node-id]`).first();
    > 108 |   const text = await source.textContent();
          |                             ^
      109 |   expect(text).toBe(`Task item`);
      110 | });
      111 |
        at C:\Users\Mike\Documents\Git\projects\markdown editor\test\integration\app-functionality\toolbar\checklist.spec.js:108:29

    attachment #1: screenshot (image/png) ──────────────────────────────────────────────────────────
    test-results\app-functionality-toolbar--13932-m-toggles-back-to-paragraph-firefox\test-failed-1.png
    ────────────────────────────────────────────────────────────────────────────────────────────────

    Error Context: test-results\app-functionality-toolbar--13932-m-toggles-back-to-paragraph-firefox\error-context.md

  24) [firefox] › test\integration\app-functionality\toolbar\checklist.spec.js:112:1 › clicking bullet button on checklist item switches to bullet list

    Test timeout of 5000ms exceeded.

    Error: locator.textContent: Target page, context or browser has been closed
    Call log:
      - waiting for locator('#editor [data-node-id]').first()


      124 |
      125 |   const source = page.locator(`#editor [data-node-id]`).first();
    > 126 |   const text = await source.textContent();
          |                             ^
      127 |   expect(text).toMatch(/^- Checklist item/);
      128 |   // Should NOT have checkbox chars
      129 |   expect(text).not.toMatch(/\[[ x]\]/);
        at C:\Users\Mike\Documents\Git\projects\markdown editor\test\integration\app-functionality\toolbar\checklist.spec.js:126:29

    attachment #1: screenshot (image/png) ──────────────────────────────────────────────────────────
    test-results\app-functionality-toolbar--e1e4a-tem-switches-to-bullet-list-firefox\test-failed-1.png
    ────────────────────────────────────────────────────────────────────────────────────────────────

    Error Context: test-results\app-functionality-toolbar--e1e4a-tem-switches-to-bullet-list-firefox\error-context.md

  25) [firefox] › test\integration\app-functionality\toolbar\checklist.spec.js:132:1 › clicking ordered button on checklist item switches to ordered list

    Test timeout of 5000ms exceeded.

    Error: locator.textContent: Target page, context or browser has been closed
    Call log:
      - waiting for locator('#editor [data-node-id]').first()


      144 |
      145 |   const source = page.locator(`#editor [data-node-id]`).first();
    > 146 |   const text = await source.textContent();
          |                             ^
      147 |   expect(text).toMatch(/^1\. Checklist item/);
      148 | });
      149 |
        at C:\Users\Mike\Documents\Git\projects\markdown editor\test\integration\app-functionality\toolbar\checklist.spec.js:146:29

    attachment #1: screenshot (image/png) ──────────────────────────────────────────────────────────
    test-results\app-functionality-toolbar--9e55b-em-switches-to-ordered-list-firefox\test-failed-1.png
    ────────────────────────────────────────────────────────────────────────────────────────────────

    Error Context: test-results\app-functionality-toolbar--9e55b-em-switches-to-ordered-list-firefox\error-context.md

  26) [firefox] › test\integration\app-functionality\toolbar\checklist.spec.js:150:1 › clicking checklist button on bullet list switches to checklist

    Test timeout of 5000ms exceeded.

    Error: locator.textContent: Target page, context or browser has been closed
    Call log:
      - waiting for locator('#editor [data-node-id]').first()


      162 |
      163 |   const source = page.locator(`#editor [data-node-id]`).first();
    > 164 |   const text = await source.textContent();
          |                             ^
      165 |   expect(text).toMatch(/^- \[ \] Bullet item/);
      166 | });
      167 |
        at C:\Users\Mike\Documents\Git\projects\markdown editor\test\integration\app-functionality\toolbar\checklist.spec.js:164:29

    attachment #1: screenshot (image/png) ──────────────────────────────────────────────────────────
    test-results\app-functionality-toolbar--67718--list-switches-to-checklist-firefox\test-failed-1.png
    ────────────────────────────────────────────────────────────────────────────────────────────────

    Error Context: test-results\app-functionality-toolbar--67718--list-switches-to-checklist-firefox\error-context.md

  27) [firefox] › test\integration\app-functionality\toolbar\checklist.spec.js:168:1 › clicking checklist button on ordered list switches to checklist

    Test timeout of 5000ms exceeded.

    Error: locator.textContent: Target page, context or browser has been closed
    Call log:
      - waiting for locator('#editor [data-node-id]').first()


      180 |
      181 |   const source = page.locator(`#editor [data-node-id]`).first();
    > 182 |   const text = await source.textContent();
          |                             ^
      183 |   expect(text).toMatch(/^- \[ \] Ordered item/);
      184 | });
      185 |
        at C:\Users\Mike\Documents\Git\projects\markdown editor\test\integration\app-functionality\toolbar\checklist.spec.js:182:29

    attachment #1: screenshot (image/png) ──────────────────────────────────────────────────────────
    test-results\app-functionality-toolbar--3bf1e--list-switches-to-checklist-firefox\test-failed-1.png
    ────────────────────────────────────────────────────────────────────────────────────────────────

    Error Context: test-results\app-functionality-toolbar--3bf1e--list-switches-to-checklist-firefox\error-context.md

  28) [firefox] › test\integration\app-functionality\toolbar\checklist.spec.js:186:1 › clicking checkbox in writing view toggles checked state

    Test timeout of 5000ms exceeded.

    Error: locator.textContent: Target page, context or browser has been closed
    Call log:
      - waiting for locator('#editor [data-node-id]').first()


      213 |   await setSource2View(page);
      214 |   const source = page.locator(`#editor [data-node-id]`).first();
    > 215 |   const text = await source.textContent();
          |                             ^
      216 |   expect(text).toMatch(/^- \[x\] Toggle me/);
      217 | });
      218 |
        at C:\Users\Mike\Documents\Git\projects\markdown editor\test\integration\app-functionality\toolbar\checklist.spec.js:215:29

    attachment #1: screenshot (image/png) ──────────────────────────────────────────────────────────
    test-results\app-functionality-toolbar--cdf2e--view-toggles-checked-state-firefox\test-failed-1.png
    ────────────────────────────────────────────────────────────────────────────────────────────────

    Error Context: test-results\app-functionality-toolbar--cdf2e--view-toggles-checked-state-firefox\error-context.md

  29) [firefox] › test\integration\app-functionality\toolbar\checklist.spec.js:219:1 › Enter key in checklist item creates new unchecked checklist item

    Test timeout of 5000ms exceeded.

    Error: locator.textContent: Target page, context or browser has been closed
    Call log:
      - waiting for locator('#editor [data-node-id]').first()


      236 |
      237 |   const lines = page.locator(`#editor [data-node-id]`);
    > 238 |   const firstText = await lines.nth(0).textContent();
          |                                        ^
      239 |   const secondText = await lines.nth(1).textContent();
      240 |   expect(firstText).toMatch(/^- \[x\] First task/);
      241 |   expect(secondText).toMatch(/^- \[ \] Second task/);
        at C:\Users\Mike\Documents\Git\projects\markdown editor\test\integration\app-functionality\toolbar\checklist.spec.js:238:40

    attachment #1: screenshot (image/png) ──────────────────────────────────────────────────────────
    test-results\app-functionality-toolbar--0bea5-ew-unchecked-checklist-item-firefox\test-failed-1.png
    ────────────────────────────────────────────────────────────────────────────────────────────────

    Error Context: test-results\app-functionality-toolbar--0bea5-ew-unchecked-checklist-item-firefox\error-context.md

  30) [firefox] › test\integration\app-functionality\toolbar\checklist.spec.js:244:1 › Enter on empty checklist item exits to paragraph

    Test timeout of 5000ms exceeded.

    Error: locator.textContent: Target page, context or browser has been closed
    Call log:
      - waiting for locator('#editor [data-node-id]').first()


      257 |
      258 |   const allLines = page.locator(`#editor [data-node-id]`);
    > 259 |   const firstText = await allLines.nth(0).textContent();
          |                                           ^
      260 |   const secondText = await allLines.nth(1).textContent();
      261 |   expect(firstText).toMatch(/^- \[ \] Task/);
      262 |   // Second line should be an empty paragraph (no list marker)
        at C:\Users\Mike\Documents\Git\projects\markdown editor\test\integration\app-functionality\toolbar\checklist.spec.js:259:43

    attachment #1: screenshot (image/png) ──────────────────────────────────────────────────────────
    test-results\app-functionality-toolbar--30a2f-ist-item-exits-to-paragraph-firefox\test-failed-1.png
    ────────────────────────────────────────────────────────────────────────────────────────────────

    Error Context: test-results\app-functionality-toolbar--30a2f-ist-item-exits-to-paragraph-firefox\error-context.md

  31) [firefox] › test\integration\app-functionality\toolbar\checklist.spec.js:266:1 › switching entire contiguous checklist run to bullet via toolbar

    Test timeout of 5000ms exceeded.

    Error: locator.textContent: Target page, context or browser has been closed
    Call log:
      - waiting for locator('#editor [data-node-id]').first()


      279 |   const lines = page.locator(`#editor [data-node-id]`);
      280 |   for (let i = 0; i < 3; i++) {
    > 281 |     const text = await lines.nth(i).textContent();
          |                                     ^
      282 |     expect(text).toMatch(/^- Task [ABC]/);
      283 |     expect(text).not.toMatch(/\[[ x]\]/);
      284 |   }
        at C:\Users\Mike\Documents\Git\projects\markdown editor\test\integration\app-functionality\toolbar\checklist.spec.js:281:37

    attachment #1: screenshot (image/png) ──────────────────────────────────────────────────────────
    test-results\app-functionality-toolbar--70958-t-run-to-bullet-via-toolbar-firefox\test-failed-1.png
    ────────────────────────────────────────────────────────────────────────────────────────────────

    Error Context: test-results\app-functionality-toolbar--70958-t-run-to-bullet-via-toolbar-firefox\error-context.md

  32) [firefox] › test\integration\app-functionality\toolbar\checklist.spec.js:383:1 › multi-select across html-block converts all nodes to checklist after confirm

    Error: expect(received).toBe(expected) // Object.is equality

    Expected: 4
    Received: 0

      422 |   //   3. "inner heading" (h2 inside div — lifted out)
      423 |   //   4. "And then the main doc again." (paragraph)
    > 424 |   expect(checklistLines.length).toBe(4);
          |                                 ^
      425 |   expect(checklistLines[0]).toMatch(/with some text/);
      426 |   expect(checklistLines[1]).toMatch(/inner paragraph/);
      427 |   expect(checklistLines[2]).toMatch(/inner heading/);
        at C:\Users\Mike\Documents\Git\projects\markdown editor\test\integration\app-functionality\toolbar\checklist.spec.js:424:33

    attachment #1: screenshot (image/png) ──────────────────────────────────────────────────────────
    test-results\app-functionality-toolbar--99e99--to-checklist-after-confirm-firefox\test-failed-1.png
    ────────────────────────────────────────────────────────────────────────────────────────────────

    Error Context: test-results\app-functionality-toolbar--99e99--to-checklist-after-confirm-firefox\error-context.md

  33) [firefox] › test\integration\app-functionality\toolbar\checklist.spec.js:465:1 › typing x into checkbox brackets in source view checks the item

    Test timeout of 5000ms exceeded.

    Error: page.waitForSelector: Target page, context or browser has been closed
    Call log:
      - waiting for locator('#editor [data-node-id]') to be visible


       at test-utils.js:109

      107 |   }, fixtureContent);
      108 |   // Wait for the editor to re-render.
    > 109 |   await page.waitForSelector(`#editor [data-node-id]`);
          |              ^
      110 | }
      111 |
      112 | /**
        at loadContent (C:\Users\Mike\Documents\Git\projects\markdown editor\test\integration\test-utils.js:109:14)
        at C:\Users\Mike\Documents\Git\projects\markdown editor\test\integration\app-functionality\toolbar\checklist.spec.js:466:3

    attachment #1: screenshot (image/png) ──────────────────────────────────────────────────────────
    test-results\app-functionality-toolbar--01d1a-source-view-checks-the-item-firefox\test-failed-1.png
    ────────────────────────────────────────────────────────────────────────────────────────────────

    Error Context: test-results\app-functionality-toolbar--01d1a-source-view-checks-the-item-firefox\error-context.md

  34) [firefox] › test\integration\app-functionality\toolbar\italic-button.spec.js:114:3 › Italic first word, toggle off › italicizing first word produces correct markdown

    Test timeout of 5000ms exceeded.

    Error: locator.innerText: Target page, context or browser has been closed
    Call log:
      - waiting for locator('#editor [data-node-id]').first()


      108 |  */
      109 | async function getSourceLineText(pg, index) {
    > 110 |   return pg.locator(`#editor [data-node-id]`).nth(index).innerText();
          |                                                          ^
      111 | }
      112 |
      113 | test.describe(`Italic first word, toggle off`, () => {
        at getSourceLineText (C:\Users\Mike\Documents\Git\projects\markdown editor\test\integration\app-functionality\toolbar\italic-button.spec.js:110:58)
        at C:\Users\Mike\Documents\Git\projects\markdown editor\test\integration\app-functionality\toolbar\italic-button.spec.js:123:24

    attachment #1: screenshot (image/png) ──────────────────────────────────────────────────────────
    test-results\app-functionality-toolbar--a6160-d-produces-correct-markdown-firefox\test-failed-1.png
    ────────────────────────────────────────────────────────────────────────────────────────────────

    Error Context: test-results\app-functionality-toolbar--a6160-d-produces-correct-markdown-firefox\error-context.md

  35) [firefox] › test\integration\app-functionality\toolbar\italic-button.spec.js:127:3 › Italic first word, toggle off › toggling italic off restores plain text

    Test timeout of 5000ms exceeded.

    Error: locator.innerText: Target page, context or browser has been closed
    Call log:
      - waiting for locator('#editor [data-node-id]').first()


      108 |  */
      109 | async function getSourceLineText(pg, index) {
    > 110 |   return pg.locator(`#editor [data-node-id]`).nth(index).innerText();
          |                                                          ^
      111 | }
      112 |
      113 | test.describe(`Italic first word, toggle off`, () => {
        at getSourceLineText (C:\Users\Mike\Documents\Git\projects\markdown editor\test\integration\app-functionality\toolbar\italic-button.spec.js:110:58)
        at C:\Users\Mike\Documents\Git\projects\markdown editor\test\integration\app-functionality\toolbar\italic-button.spec.js:140:24

    attachment #1: screenshot (image/png) ──────────────────────────────────────────────────────────
    test-results\app-functionality-toolbar--00d22-lic-off-restores-plain-text-firefox\test-failed-1.png
    ────────────────────────────────────────────────────────────────────────────────────────────────

    Error Context: test-results\app-functionality-toolbar--00d22-lic-off-restores-plain-text-firefox\error-context.md

  36) [firefox] › test\integration\app-functionality\toolbar\italic-button.spec.js:146:3 › Italic middle word, paragraph 1 › italicizing middle word produces correct markdown

    Test timeout of 5000ms exceeded.

    Error: locator.innerText: Target page, context or browser has been closed
    Call log:
      - waiting for locator('#editor [data-node-id]').first()


      108 |  */
      109 | async function getSourceLineText(pg, index) {
    > 110 |   return pg.locator(`#editor [data-node-id]`).nth(index).innerText();
          |                                                          ^
      111 | }
      112 |
      113 | test.describe(`Italic first word, toggle off`, () => {
        at getSourceLineText (C:\Users\Mike\Documents\Git\projects\markdown editor\test\integration\app-functionality\toolbar\italic-button.spec.js:110:58)
        at C:\Users\Mike\Documents\Git\projects\markdown editor\test\integration\app-functionality\toolbar\italic-button.spec.js:155:24

    attachment #1: screenshot (image/png) ──────────────────────────────────────────────────────────
    test-results\app-functionality-toolbar--57b5e-d-produces-correct-markdown-firefox\test-failed-1.png
    ────────────────────────────────────────────────────────────────────────────────────────────────

    Error Context: test-results\app-functionality-toolbar--57b5e-d-produces-correct-markdown-firefox\error-context.md

  37) [firefox] › test\integration\app-functionality\toolbar\italic-button.spec.js:159:3 › Italic middle word, paragraph 1 › toggling italic off middle word restores plain text

    Test timeout of 5000ms exceeded.

    Error: locator.innerText: Target page, context or browser has been closed
    Call log:
      - waiting for locator('#editor [data-node-id]').first()


      108 |  */
      109 | async function getSourceLineText(pg, index) {
    > 110 |   return pg.locator(`#editor [data-node-id]`).nth(index).innerText();
          |                                                          ^
      111 | }
      112 |
      113 | test.describe(`Italic first word, toggle off`, () => {
        at getSourceLineText (C:\Users\Mike\Documents\Git\projects\markdown editor\test\integration\app-functionality\toolbar\italic-button.spec.js:110:58)
        at C:\Users\Mike\Documents\Git\projects\markdown editor\test\integration\app-functionality\toolbar\italic-button.spec.js:172:24

    attachment #1: screenshot (image/png) ──────────────────────────────────────────────────────────
    test-results\app-functionality-toolbar--b01a8-le-word-restores-plain-text-firefox\test-failed-1.png
    ────────────────────────────────────────────────────────────────────────────────────────────────

    Error Context: test-results\app-functionality-toolbar--b01a8-le-word-restores-plain-text-firefox\error-context.md

  38) [firefox] › test\integration\app-functionality\toolbar\italic-button.spec.js:178:3 › Italic first word, paragraph 2 › italicizing first word of second paragraph produces correct markdown

    Test timeout of 5000ms exceeded.

    Error: locator.innerText: Target page, context or browser has been closed
    Call log:
      - waiting for locator('#editor [data-node-id]').first()


      108 |  */
      109 | async function getSourceLineText(pg, index) {
    > 110 |   return pg.locator(`#editor [data-node-id]`).nth(index).innerText();
          |                                                          ^
      111 | }
      112 |
      113 | test.describe(`Italic first word, toggle off`, () => {
        at getSourceLineText (C:\Users\Mike\Documents\Git\projects\markdown editor\test\integration\app-functionality\toolbar\italic-button.spec.js:110:58)
        at C:\Users\Mike\Documents\Git\projects\markdown editor\test\integration\app-functionality\toolbar\italic-button.spec.js:187:25

    attachment #1: screenshot (image/png) ──────────────────────────────────────────────────────────
    test-results\app-functionality-toolbar--0ac1b-h-produces-correct-markdown-firefox\test-failed-1.png
    ────────────────────────────────────────────────────────────────────────────────────────────────

    Error Context: test-results\app-functionality-toolbar--0ac1b-h-produces-correct-markdown-firefox\error-context.md

  39) [firefox] › test\integration\app-functionality\toolbar\italic-button.spec.js:195:3 › Italic middle word, paragraph 2 › italicizing middle word of second paragraph produces correct markdown

    Test timeout of 5000ms exceeded.

    Error: locator.innerText: Target page, context or browser has been closed
    Call log:
      - waiting for locator('#editor [data-node-id]').first()


      108 |  */
      109 | async function getSourceLineText(pg, index) {
    > 110 |   return pg.locator(`#editor [data-node-id]`).nth(index).innerText();
          |                                                          ^
      111 | }
      112 |
      113 | test.describe(`Italic first word, toggle off`, () => {
        at getSourceLineText (C:\Users\Mike\Documents\Git\projects\markdown editor\test\integration\app-functionality\toolbar\italic-button.spec.js:110:58)
        at C:\Users\Mike\Documents\Git\projects\markdown editor\test\integration\app-functionality\toolbar\italic-button.spec.js:204:25

    attachment #1: screenshot (image/png) ──────────────────────────────────────────────────────────
    test-results\app-functionality-toolbar--50ad1-h-produces-correct-markdown-firefox\test-failed-1.png
    ────────────────────────────────────────────────────────────────────────────────────────────────

    Error Context: test-results\app-functionality-toolbar--50ad1-h-produces-correct-markdown-firefox\error-context.md

  40) [firefox] › test\integration\app-functionality\toolbar\italic-button.spec.js:337:3 › Collapsed cursor — italic word under caret › clicking italic with cursor on a plain word italicizes that word

    Test timeout of 5000ms exceeded.

    Error: locator.innerText: Target page, context or browser has been closed
    Call log:
      - waiting for locator('#editor [data-node-id]').first()


      108 |  */
      109 | async function getSourceLineText(pg, index) {
    > 110 |   return pg.locator(`#editor [data-node-id]`).nth(index).innerText();
          |                                                          ^
      111 | }
      112 |
      113 | test.describe(`Italic first word, toggle off`, () => {
        at getSourceLineText (C:\Users\Mike\Documents\Git\projects\markdown editor\test\integration\app-functionality\toolbar\italic-button.spec.js:110:58)
        at C:\Users\Mike\Documents\Git\projects\markdown editor\test\integration\app-functionality\toolbar\italic-button.spec.js:346:24

    attachment #1: screenshot (image/png) ──────────────────────────────────────────────────────────
    test-results\app-functionality-toolbar--ad612-n-word-italicizes-that-word-firefox\test-failed-1.png
    ────────────────────────────────────────────────────────────────────────────────────────────────

    Error Context: test-results\app-functionality-toolbar--ad612-n-word-italicizes-that-word-firefox\error-context.md

  41) [firefox] › test\integration\app-functionality\toolbar\italic-button.spec.js:350:3 › Collapsed cursor — italic word under caret › clicking italic with cursor inside italic text removes italic

    Test timeout of 5000ms exceeded.

    Error: locator.innerText: Target page, context or browser has been closed
    Call log:
      - waiting for locator('#editor [data-node-id]').first()


      108 |  */
      109 | async function getSourceLineText(pg, index) {
    > 110 |   return pg.locator(`#editor [data-node-id]`).nth(index).innerText();
          |                                                          ^
      111 | }
      112 |
      113 | test.describe(`Italic first word, toggle off`, () => {
        at getSourceLineText (C:\Users\Mike\Documents\Git\projects\markdown editor\test\integration\app-functionality\toolbar\italic-button.spec.js:110:58)
        at C:\Users\Mike\Documents\Git\projects\markdown editor\test\integration\app-functionality\toolbar\italic-button.spec.js:360:24

    attachment #1: screenshot (image/png) ──────────────────────────────────────────────────────────
    test-results\app-functionality-toolbar--f6544--italic-text-removes-italic-firefox\test-failed-1.png
    ────────────────────────────────────────────────────────────────────────────────────────────────

    Error Context: test-results\app-functionality-toolbar--f6544--italic-text-removes-italic-firefox\error-context.md

  42) [firefox] › test\integration\app-functionality\toolbar\list.spec.js:45:1 › clicking bullet list button converts paragraph to unordered list item

    Test timeout of 5000ms exceeded.

    Error: locator.textContent: Target page, context or browser has been closed
    Call log:
      - waiting for locator('#editor [data-node-id]').first()


      61 |   // The first line should now be a list item
      62 |   const firstSource = page.locator(`#editor [data-node-id]`).first();
    > 63 |   const text = await firstSource.textContent();
         |                                  ^
      64 |   expect(text).toMatch(/^- First paragraph/);
      65 | });
      66 |
        at C:\Users\Mike\Documents\Git\projects\markdown editor\test\integration\app-functionality\toolbar\list.spec.js:63:34

    attachment #1: screenshot (image/png) ──────────────────────────────────────────────────────────
    test-results\app-functionality-toolbar--4057e-raph-to-unordered-list-item-firefox\test-failed-1.png
    ────────────────────────────────────────────────────────────────────────────────────────────────

    Error Context: test-results\app-functionality-toolbar--4057e-raph-to-unordered-list-item-firefox\error-context.md

  43) [firefox] › test\integration\app-functionality\toolbar\list.spec.js:67:1 › clicking numbered list button converts paragraph to ordered list item

    Test timeout of 5000ms exceeded.

    Error: locator.textContent: Target page, context or browser has been closed
    Call log:
      - waiting for locator('#editor [data-node-id]').first()


      82 |
      83 |   const firstSource = page.locator(`#editor [data-node-id]`).first();
    > 84 |   const text = await firstSource.textContent();
         |                                  ^
      85 |   expect(text).toMatch(/^1\. First paragraph/);
      86 | });
      87 |
        at C:\Users\Mike\Documents\Git\projects\markdown editor\test\integration\app-functionality\toolbar\list.spec.js:84:34

    attachment #1: screenshot (image/png) ──────────────────────────────────────────────────────────
    test-results\app-functionality-toolbar--d124d-agraph-to-ordered-list-item-firefox\test-failed-1.png
    ────────────────────────────────────────────────────────────────────────────────────────────────

    Error Context: test-results\app-functionality-toolbar--d124d-agraph-to-ordered-list-item-firefox\error-context.md

  44) [firefox] › test\integration\app-functionality\toolbar\list.spec.js:88:1 › clicking bullet list button on bullet list item toggles back to paragraph

    Test timeout of 5000ms exceeded.

    Error: locator.textContent: Target page, context or browser has been closed
    Call log:
      - waiting for locator('#editor [data-node-id]').first()


      101 |
      102 |   const source = page.locator(`#editor [data-node-id]`).first();
    > 103 |   const text = await source.textContent();
          |                             ^
      104 |   expect(text).toBe(`Existing bullet item`);
      105 | });
      106 |
        at C:\Users\Mike\Documents\Git\projects\markdown editor\test\integration\app-functionality\toolbar\list.spec.js:103:29

    attachment #1: screenshot (image/png) ──────────────────────────────────────────────────────────
    test-results\app-functionality-toolbar--fe0cb-m-toggles-back-to-paragraph-firefox\test-failed-1.png
    ────────────────────────────────────────────────────────────────────────────────────────────────

    Error Context: test-results\app-functionality-toolbar--fe0cb-m-toggles-back-to-paragraph-firefox\error-context.md

  45) [firefox] › test\integration\app-functionality\toolbar\list.spec.js:107:1 › clicking numbered list button on bullet list item switches to ordered

    Test timeout of 5000ms exceeded.

    Error: locator.textContent: Target page, context or browser has been closed
    Call log:
      - waiting for locator('#editor [data-node-id]').first()


      120 |
      121 |   const source = page.locator(`#editor [data-node-id]`).first();
    > 122 |   const text = await source.textContent();
          |                             ^
      123 |   expect(text).toMatch(/^1\. Bullet item/);
      124 | });
      125 |
        at C:\Users\Mike\Documents\Git\projects\markdown editor\test\integration\app-functionality\toolbar\list.spec.js:122:29

    attachment #1: screenshot (image/png) ──────────────────────────────────────────────────────────
    test-results\app-functionality-toolbar--244db-st-item-switches-to-ordered-firefox\test-failed-1.png
    ────────────────────────────────────────────────────────────────────────────────────────────────

    Error Context: test-results\app-functionality-toolbar--244db-st-item-switches-to-ordered-firefox\error-context.md

  46) [firefox] › test\integration\app-functionality\toolbar\list.spec.js:126:1 › Enter key in a list item creates a new list item

    Error: expect(received).toBeGreaterThanOrEqual(expected)

    Expected: >= 2
    Received:    0

      145 |   const lines = page.locator(`#editor [data-node-id]`);
      146 |   const count = await lines.count();
    > 147 |   expect(count).toBeGreaterThanOrEqual(2);
          |                 ^
      148 |
      149 |   const first = await lines.nth(0).textContent();
      150 |   const second = await lines.nth(1).textContent();
        at C:\Users\Mike\Documents\Git\projects\markdown editor\test\integration\app-functionality\toolbar\list.spec.js:147:17

    attachment #1: screenshot (image/png) ──────────────────────────────────────────────────────────
    test-results\app-functionality-toolbar--45e39-tem-creates-a-new-list-item-firefox\test-failed-1.png
    ────────────────────────────────────────────────────────────────────────────────────────────────

    Error Context: test-results\app-functionality-toolbar--45e39-tem-creates-a-new-list-item-firefox\error-context.md

  47) [firefox] › test\integration\app-functionality\toolbar\list.spec.js:155:1 › Enter on empty list item exits the list to a paragraph

    Test timeout of 5000ms exceeded.

    Error: locator.textContent: Target page, context or browser has been closed
    Call log:
      - waiting for locator('#editor [data-node-id]').nth(1)


      170 |   // The second line should now be a plain (empty) paragraph, not a list item
      171 |   const secondLine = page.locator(`#editor [data-node-id]`).nth(1);
    > 172 |   const text = await secondLine.textContent();
          |                                 ^
      173 |   // An empty paragraph renders as an empty line (no list marker)
      174 |   expect(text?.trim()).toBe(``);
      175 | });
        at C:\Users\Mike\Documents\Git\projects\markdown editor\test\integration\app-functionality\toolbar\list.spec.js:172:33

    attachment #1: screenshot (image/png) ──────────────────────────────────────────────────────────
    test-results\app-functionality-toolbar--cb0bc-its-the-list-to-a-paragraph-firefox\test-failed-1.png
    ────────────────────────────────────────────────────────────────────────────────────────────────

    Error Context: test-results\app-functionality-toolbar--cb0bc-its-the-list-to-a-paragraph-firefox\error-context.md

  48) [firefox] › test\integration\app-functionality\toolbar\list.spec.js:177:1 › heading button on list item converts to heading

    Test timeout of 5000ms exceeded.

    Error: locator.textContent: Target page, context or browser has been closed
    Call log:
      - waiting for locator('#editor [data-node-id]').first()


      190 |
      191 |   const lines = page.locator(`#editor [data-node-id]`);
    > 192 |   const first = await lines.nth(0).textContent();
          |                                    ^
      193 |   const second = await lines.nth(1).textContent();
      194 |   const third = await lines.nth(2).textContent();
      195 |
        at C:\Users\Mike\Documents\Git\projects\markdown editor\test\integration\app-functionality\toolbar\list.spec.js:192:36

    attachment #1: screenshot (image/png) ──────────────────────────────────────────────────────────
    test-results\app-functionality-toolbar--d8664-st-item-converts-to-heading-firefox\test-failed-1.png
    ────────────────────────────────────────────────────────────────────────────────────────────────

    Error Context: test-results\app-functionality-toolbar--d8664-st-item-converts-to-heading-firefox\error-context.md

  49) [firefox] › test\integration\app-functionality\toolbar\list.spec.js:201:1 › Enter in ordered list creates item with incremented number

    Test timeout of 5000ms exceeded.

    Error: locator.textContent: Target page, context or browser has been closed
    Call log:
      - waiting for locator('#editor [data-node-id]').first()


      219 |
      220 |   const lines = page.locator(`#editor [data-node-id]`);
    > 221 |   const first = await lines.nth(0).textContent();
          |                                    ^
      222 |   const second = await lines.nth(1).textContent();
      223 |   const third = await lines.nth(2).textContent();
      224 |
        at C:\Users\Mike\Documents\Git\projects\markdown editor\test\integration\app-functionality\toolbar\list.spec.js:221:36

    attachment #1: screenshot (image/png) ──────────────────────────────────────────────────────────
    test-results\app-functionality-toolbar--0e10b-tem-with-incremented-number-firefox\test-failed-1.png
    ────────────────────────────────────────────────────────────────────────────────────────────────

    Error Context: test-results\app-functionality-toolbar--0e10b-tem-with-incremented-number-firefox\error-context.md

  50) [firefox] › test\integration\app-functionality\toolbar\list.spec.js:230:1 › source view: Enter between marker and content splits into empty item and new item

    Test timeout of 5000ms exceeded.

    Error: locator.click: Target page, context or browser has been closed
    Call log:
      - waiting for locator('#editor [data-node-id]').filter({ hasText: 'Test item' }).first()


      233 |
      234 |   const line = page.locator(`#editor [data-node-id]`, { hasText: `Test item` }).first();
    > 235 |   await line.click();
          |              ^
      236 |   await page.waitForTimeout(200);
      237 |
      238 |   // Move cursor to start of content (Home goes to start of visible line,
        at C:\Users\Mike\Documents\Git\projects\markdown editor\test\integration\app-functionality\toolbar\list.spec.js:235:14

    attachment #1: screenshot (image/png) ──────────────────────────────────────────────────────────
    test-results\app-functionality-toolbar--f9d66-nto-empty-item-and-new-item-firefox\test-failed-1.png
    ────────────────────────────────────────────────────────────────────────────────────────────────

    Error Context: test-results\app-functionality-toolbar--f9d66-nto-empty-item-and-new-item-firefox\error-context.md

  51) [firefox] › test\integration\app-functionality\toolbar\list.spec.js:262:1 › toggling off a list item converts the entire contiguous list to paragraphs

    Test timeout of 5000ms exceeded.

    Error: locator.textContent: Target page, context or browser has been closed
    Call log:
      - waiting for locator('#editor [data-node-id]').first()


      276 |
      277 |   const lines = page.locator(`#editor [data-node-id]`);
    > 278 |   const first = await lines.nth(0).textContent();
          |                                    ^
      279 |   const second = await lines.nth(1).textContent();
      280 |   const third = await lines.nth(2).textContent();
      281 |   expect(first).toBe(`Alpha`);
        at C:\Users\Mike\Documents\Git\projects\markdown editor\test\integration\app-functionality\toolbar\list.spec.js:278:36

    attachment #1: screenshot (image/png) ──────────────────────────────────────────────────────────
    test-results\app-functionality-toolbar--04469-ntiguous-list-to-paragraphs-firefox\test-failed-1.png
    ────────────────────────────────────────────────────────────────────────────────────────────────

    Error Context: test-results\app-functionality-toolbar--04469-ntiguous-list-to-paragraphs-firefox\error-context.md

  52) [firefox] › test\integration\app-functionality\toolbar\list.spec.js:286:1 › switching list type converts the entire contiguous list

    Test timeout of 5000ms exceeded.

    Error: locator.textContent: Target page, context or browser has been closed
    Call log:
      - waiting for locator('#editor [data-node-id]').first()


      300 |
      301 |   const lines = page.locator(`#editor [data-node-id]`);
    > 302 |   const first = await lines.nth(0).textContent();
          |                                    ^
      303 |   const second = await lines.nth(1).textContent();
      304 |   const third = await lines.nth(2).textContent();
      305 |   expect(first).toMatch(/^1\. Alpha/);
        at C:\Users\Mike\Documents\Git\projects\markdown editor\test\integration\app-functionality\toolbar\list.spec.js:302:36

    attachment #1: screenshot (image/png) ──────────────────────────────────────────────────────────
    test-results\app-functionality-toolbar--e2dd2--the-entire-contiguous-list-firefox\test-failed-1.png
    ────────────────────────────────────────────────────────────────────────────────────────────────

    Error Context: test-results\app-functionality-toolbar--e2dd2--the-entire-contiguous-list-firefox\error-context.md

  53) [firefox] › test\integration\app-functionality\toolbar\list.spec.js:310:1 › Enter on empty middle ordered item renumbers remaining items

    Test timeout of 5000ms exceeded.

    Error: locator.textContent: Target page, context or browser has been closed
    Call log:
      - waiting for locator('#editor [data-node-id]').first()


      326 |
      327 |   const lines = page.locator(`#editor [data-node-id]`);
    > 328 |   const first = await lines.nth(0).textContent();
          |                                    ^
      329 |   const second = await lines.nth(1).textContent();
      330 |   // Alpha keeps its number, Gamma renumbered to 2 (Beta was removed)
      331 |   expect(first).toMatch(/^1\. Alpha/);
        at C:\Users\Mike\Documents\Git\projects\markdown editor\test\integration\app-functionality\toolbar\list.spec.js:328:36

    attachment #1: screenshot (image/png) ──────────────────────────────────────────────────────────
    test-results\app-functionality-toolbar--946ae-m-renumbers-remaining-items-firefox\test-failed-1.png
    ────────────────────────────────────────────────────────────────────────────────────────────────

    Error Context: test-results\app-functionality-toolbar--946ae-m-renumbers-remaining-items-firefox\error-context.md

  54) [firefox] › test\integration\app-functionality\toolbar\list.spec.js:335:1 › pasting multi-line markdown with list items creates correct nodes

    Test timeout of 5000ms exceeded.

    Error: locator.click: Target page, context or browser has been closed
    Call log:
      - waiting for locator('#editor [data-node-id]').first()


      340 |   // Focus the empty line
      341 |   const line = page.locator(`#editor [data-node-id]`).first();
    > 342 |   await line.click();
          |              ^
      343 |   await page.waitForTimeout(200);
      344 |
      345 |   // Write the full multi-line content to the clipboard and paste via Ctrl+V.
        at C:\Users\Mike\Documents\Git\projects\markdown editor\test\integration\app-functionality\toolbar\list.spec.js:342:14

    attachment #1: screenshot (image/png) ──────────────────────────────────────────────────────────
    test-results\app-functionality-toolbar--555cb-items-creates-correct-nodes-firefox\test-failed-1.png
    ────────────────────────────────────────────────────────────────────────────────────────────────

    Error Context: test-results\app-functionality-toolbar--555cb-items-creates-correct-nodes-firefox\error-context.md

  55) [firefox] › test\integration\app-functionality\toolbar\list.spec.js:372:1 › pasting multi-line markdown with CRLF line endings parses correctly

    Test timeout of 5000ms exceeded.

    Error: locator.click: Target page, context or browser has been closed
    Call log:
      - waiting for locator('#editor [data-node-id]').first()


      375 |
      376 |   const line = page.locator(`#editor [data-node-id]`).first();
    > 377 |   await line.click();
          |              ^
      378 |   await page.waitForTimeout(200);
      379 |
      380 |   // Use \r\n (Windows clipboard line endings)
        at C:\Users\Mike\Documents\Git\projects\markdown editor\test\integration\app-functionality\toolbar\list.spec.js:377:14

    attachment #1: screenshot (image/png) ──────────────────────────────────────────────────────────
    test-results\app-functionality-toolbar--6fc2f-ne-endings-parses-correctly-firefox\test-failed-1.png
    ────────────────────────────────────────────────────────────────────────────────────────────────

    Error Context: test-results\app-functionality-toolbar--6fc2f-ne-endings-parses-correctly-firefox\error-context.md

  56) [firefox] › test\integration\app-functionality\toolbar\strikethrough-button.spec.js:114:3 › Strikethrough first word, toggle off › strikethrough first word produces correct markdown

    Test timeout of 5000ms exceeded.

    Error: locator.innerText: Target page, context or browser has been closed
    Call log:
      - waiting for locator('#editor [data-node-id]').first()


      108 |  */
      109 | async function getSourceLineText(pg, index) {
    > 110 |   return pg.locator(`#editor [data-node-id]`).nth(index).innerText();
          |                                                          ^
      111 | }
      112 |
      113 | test.describe(`Strikethrough first word, toggle off`, () => {
        at getSourceLineText (C:\Users\Mike\Documents\Git\projects\markdown editor\test\integration\app-functionality\toolbar\strikethrough-button.spec.js:110:58)
        at C:\Users\Mike\Documents\Git\projects\markdown editor\test\integration\app-functionality\toolbar\strikethrough-button.spec.js:123:24

    attachment #1: screenshot (image/png) ──────────────────────────────────────────────────────────
    test-results\app-functionality-toolbar--2e88e-d-produces-correct-markdown-firefox\test-failed-1.png
    ────────────────────────────────────────────────────────────────────────────────────────────────

    Error Context: test-results\app-functionality-toolbar--2e88e-d-produces-correct-markdown-firefox\error-context.md

  57) [firefox] › test\integration\app-functionality\toolbar\strikethrough-button.spec.js:127:3 › Strikethrough first word, toggle off › toggling strikethrough off restores plain text

    Test timeout of 5000ms exceeded.

    Error: locator.innerText: Target page, context or browser has been closed
    Call log:
      - waiting for locator('#editor [data-node-id]').first()


      108 |  */
      109 | async function getSourceLineText(pg, index) {
    > 110 |   return pg.locator(`#editor [data-node-id]`).nth(index).innerText();
          |                                                          ^
      111 | }
      112 |
      113 | test.describe(`Strikethrough first word, toggle off`, () => {
        at getSourceLineText (C:\Users\Mike\Documents\Git\projects\markdown editor\test\integration\app-functionality\toolbar\strikethrough-button.spec.js:110:58)
        at C:\Users\Mike\Documents\Git\projects\markdown editor\test\integration\app-functionality\toolbar\strikethrough-button.spec.js:140:24

    attachment #1: screenshot (image/png) ──────────────────────────────────────────────────────────
    test-results\app-functionality-toolbar--a8d2d-ugh-off-restores-plain-text-firefox\test-failed-1.png
    ────────────────────────────────────────────────────────────────────────────────────────────────

    Error Context: test-results\app-functionality-toolbar--a8d2d-ugh-off-restores-plain-text-firefox\error-context.md

  58) [firefox] › test\integration\app-functionality\toolbar\strikethrough-button.spec.js:146:3 › Strikethrough middle word, paragraph 1 › strikethrough middle word produces correct markdown

    Test timeout of 5000ms exceeded.

    Error: locator.innerText: Target page, context or browser has been closed
    Call log:
      - waiting for locator('#editor [data-node-id]').first()


      108 |  */
      109 | async function getSourceLineText(pg, index) {
    > 110 |   return pg.locator(`#editor [data-node-id]`).nth(index).innerText();
          |                                                          ^
      111 | }
      112 |
      113 | test.describe(`Strikethrough first word, toggle off`, () => {
        at getSourceLineText (C:\Users\Mike\Documents\Git\projects\markdown editor\test\integration\app-functionality\toolbar\strikethrough-button.spec.js:110:58)
        at C:\Users\Mike\Documents\Git\projects\markdown editor\test\integration\app-functionality\toolbar\strikethrough-button.spec.js:155:24

    attachment #1: screenshot (image/png) ──────────────────────────────────────────────────────────
    test-results\app-functionality-toolbar--edeaf-d-produces-correct-markdown-firefox\test-failed-1.png
    ────────────────────────────────────────────────────────────────────────────────────────────────

    Error Context: test-results\app-functionality-toolbar--edeaf-d-produces-correct-markdown-firefox\error-context.md

  59) [firefox] › test\integration\app-functionality\toolbar\strikethrough-button.spec.js:159:3 › Strikethrough middle word, paragraph 1 › toggling strikethrough off middle word restores plain text

    Test timeout of 5000ms exceeded.

    Error: locator.innerText: Target page, context or browser has been closed
    Call log:
      - waiting for locator('#editor [data-node-id]').first()


      108 |  */
      109 | async function getSourceLineText(pg, index) {
    > 110 |   return pg.locator(`#editor [data-node-id]`).nth(index).innerText();
          |                                                          ^
      111 | }
      112 |
      113 | test.describe(`Strikethrough first word, toggle off`, () => {
        at getSourceLineText (C:\Users\Mike\Documents\Git\projects\markdown editor\test\integration\app-functionality\toolbar\strikethrough-button.spec.js:110:58)
        at C:\Users\Mike\Documents\Git\projects\markdown editor\test\integration\app-functionality\toolbar\strikethrough-button.spec.js:172:24

    attachment #1: screenshot (image/png) ──────────────────────────────────────────────────────────
    test-results\app-functionality-toolbar--4ca16-le-word-restores-plain-text-firefox\test-failed-1.png
    ────────────────────────────────────────────────────────────────────────────────────────────────

    Error Context: test-results\app-functionality-toolbar--4ca16-le-word-restores-plain-text-firefox\error-context.md

  60) [firefox] › test\integration\app-functionality\toolbar\strikethrough-button.spec.js:178:3 › Strikethrough first word, paragraph 2 › strikethrough first word of second paragraph produces correct markdown

    Test timeout of 5000ms exceeded.

    Error: locator.innerText: Target page, context or browser has been closed
    Call log:
      - waiting for locator('#editor [data-node-id]').first()


      108 |  */
      109 | async function getSourceLineText(pg, index) {
    > 110 |   return pg.locator(`#editor [data-node-id]`).nth(index).innerText();
          |                                                          ^
      111 | }
      112 |
      113 | test.describe(`Strikethrough first word, toggle off`, () => {
        at getSourceLineText (C:\Users\Mike\Documents\Git\projects\markdown editor\test\integration\app-functionality\toolbar\strikethrough-button.spec.js:110:58)
        at C:\Users\Mike\Documents\Git\projects\markdown editor\test\integration\app-functionality\toolbar\strikethrough-button.spec.js:187:25

    attachment #1: screenshot (image/png) ──────────────────────────────────────────────────────────
    test-results\app-functionality-toolbar--dd2b5-h-produces-correct-markdown-firefox\test-failed-1.png
    ────────────────────────────────────────────────────────────────────────────────────────────────

    Error Context: test-results\app-functionality-toolbar--dd2b5-h-produces-correct-markdown-firefox\error-context.md

  61) [firefox] › test\integration\app-functionality\toolbar\strikethrough-button.spec.js:195:3 › Strikethrough middle word, paragraph 2 › strikethrough middle word of second paragraph produces correct markdown

    Test timeout of 5000ms exceeded.

    Error: locator.innerText: Target page, context or browser has been closed
    Call log:
      - waiting for locator('#editor [data-node-id]').first()


      108 |  */
      109 | async function getSourceLineText(pg, index) {
    > 110 |   return pg.locator(`#editor [data-node-id]`).nth(index).innerText();
          |                                                          ^
      111 | }
      112 |
      113 | test.describe(`Strikethrough first word, toggle off`, () => {
        at getSourceLineText (C:\Users\Mike\Documents\Git\projects\markdown editor\test\integration\app-functionality\toolbar\strikethrough-button.spec.js:110:58)
        at C:\Users\Mike\Documents\Git\projects\markdown editor\test\integration\app-functionality\toolbar\strikethrough-button.spec.js:204:25

    attachment #1: screenshot (image/png) ──────────────────────────────────────────────────────────
    test-results\app-functionality-toolbar--4fb2c-h-produces-correct-markdown-firefox\test-failed-1.png
    ────────────────────────────────────────────────────────────────────────────────────────────────

    Error Context: test-results\app-functionality-toolbar--4fb2c-h-produces-correct-markdown-firefox\error-context.md

  62) [firefox] › test\integration\app-functionality\toolbar\strikethrough-button.spec.js:336:3 › Collapsed cursor — strikethrough word under caret › clicking strikethrough with cursor on a plain word applies strikethrough

    Test timeout of 5000ms exceeded.

    Error: locator.innerText: Target page, context or browser has been closed
    Call log:
      - waiting for locator('#editor [data-node-id]').first()


      108 |  */
      109 | async function getSourceLineText(pg, index) {
    > 110 |   return pg.locator(`#editor [data-node-id]`).nth(index).innerText();
          |                                                          ^
      111 | }
      112 |
      113 | test.describe(`Strikethrough first word, toggle off`, () => {
        at getSourceLineText (C:\Users\Mike\Documents\Git\projects\markdown editor\test\integration\app-functionality\toolbar\strikethrough-button.spec.js:110:58)
        at C:\Users\Mike\Documents\Git\projects\markdown editor\test\integration\app-functionality\toolbar\strikethrough-button.spec.js:345:24

    attachment #1: screenshot (image/png) ──────────────────────────────────────────────────────────
    test-results\app-functionality-toolbar--8de69--word-applies-strikethrough-firefox\test-failed-1.png
    ────────────────────────────────────────────────────────────────────────────────────────────────

    Error Context: test-results\app-functionality-toolbar--8de69--word-applies-strikethrough-firefox\error-context.md

  63) [firefox] › test\integration\app-functionality\toolbar\strikethrough-button.spec.js:349:3 › Collapsed cursor — strikethrough word under caret › clicking strikethrough with cursor inside struck-through text removes it

    Test timeout of 5000ms exceeded.

    Error: locator.innerText: Target page, context or browser has been closed
    Call log:
      - waiting for locator('#editor [data-node-id]').first()


      108 |  */
      109 | async function getSourceLineText(pg, index) {
    > 110 |   return pg.locator(`#editor [data-node-id]`).nth(index).innerText();
          |                                                          ^
      111 | }
      112 |
      113 | test.describe(`Strikethrough first word, toggle off`, () => {
        at getSourceLineText (C:\Users\Mike\Documents\Git\projects\markdown editor\test\integration\app-functionality\toolbar\strikethrough-button.spec.js:110:58)
        at C:\Users\Mike\Documents\Git\projects\markdown editor\test\integration\app-functionality\toolbar\strikethrough-button.spec.js:359:24

    attachment #1: screenshot (image/png) ──────────────────────────────────────────────────────────
    test-results\app-functionality-toolbar--5faa0-uck-through-text-removes-it-firefox\test-failed-1.png
    ────────────────────────────────────────────────────────────────────────────────────────────────

    Error Context: test-results\app-functionality-toolbar--5faa0-uck-through-text-removes-it-firefox\error-context.md

  64) [firefox] › test\integration\app-functionality\toolbar\subscript-button.spec.js:118:3 › Subscript first word, paragraph 1 › subscript first word produces correct markdown

    Test timeout of 5000ms exceeded.

    Error: locator.innerText: Target page, context or browser has been closed
    Call log:
      - waiting for locator('#editor [data-node-id]').first()


      112 |  */
      113 | async function getSourceLineText(pg, index) {
    > 114 |   return pg.locator(`#editor [data-node-id]`).nth(index).innerText();
          |                                                          ^
      115 | }
      116 |
      117 | test.describe(`Subscript first word, paragraph 1`, () => {
        at getSourceLineText (C:\Users\Mike\Documents\Git\projects\markdown editor\test\integration\app-functionality\toolbar\subscript-button.spec.js:114:58)
        at C:\Users\Mike\Documents\Git\projects\markdown editor\test\integration\app-functionality\toolbar\subscript-button.spec.js:127:24

    attachment #1: screenshot (image/png) ──────────────────────────────────────────────────────────
    test-results\app-functionality-toolbar--446a0-d-produces-correct-markdown-firefox\test-failed-1.png
    ────────────────────────────────────────────────────────────────────────────────────────────────

    Error Context: test-results\app-functionality-toolbar--446a0-d-produces-correct-markdown-firefox\error-context.md

  65) [firefox] › test\integration\app-functionality\toolbar\subscript-button.spec.js:133:3 › Subscript middle word, paragraph 1 › subscript middle word produces correct markdown

    Test timeout of 5000ms exceeded.

    Error: locator.innerText: Target page, context or browser has been closed
    Call log:
      - waiting for locator('#editor [data-node-id]').first()


      112 |  */
      113 | async function getSourceLineText(pg, index) {
    > 114 |   return pg.locator(`#editor [data-node-id]`).nth(index).innerText();
          |                                                          ^
      115 | }
      116 |
      117 | test.describe(`Subscript first word, paragraph 1`, () => {
        at getSourceLineText (C:\Users\Mike\Documents\Git\projects\markdown editor\test\integration\app-functionality\toolbar\subscript-button.spec.js:114:58)
        at C:\Users\Mike\Documents\Git\projects\markdown editor\test\integration\app-functionality\toolbar\subscript-button.spec.js:142:24

    attachment #1: screenshot (image/png) ──────────────────────────────────────────────────────────
    test-results\app-functionality-toolbar--e8900-d-produces-correct-markdown-firefox\test-failed-1.png
    ────────────────────────────────────────────────────────────────────────────────────────────────

    Error Context: test-results\app-functionality-toolbar--e8900-d-produces-correct-markdown-firefox\error-context.md

  66) [firefox] › test\integration\app-functionality\toolbar\subscript-button.spec.js:148:3 › Subscript first word, paragraph 2 › subscript first word of second paragraph produces correct markdown

    Test timeout of 5000ms exceeded.

    Error: locator.innerText: Target page, context or browser has been closed
    Call log:
      - waiting for locator('#editor [data-node-id]').first()


      112 |  */
      113 | async function getSourceLineText(pg, index) {
    > 114 |   return pg.locator(`#editor [data-node-id]`).nth(index).innerText();
          |                                                          ^
      115 | }
      116 |
      117 | test.describe(`Subscript first word, paragraph 1`, () => {
        at getSourceLineText (C:\Users\Mike\Documents\Git\projects\markdown editor\test\integration\app-functionality\toolbar\subscript-button.spec.js:114:58)
        at C:\Users\Mike\Documents\Git\projects\markdown editor\test\integration\app-functionality\toolbar\subscript-button.spec.js:157:25

    attachment #1: screenshot (image/png) ──────────────────────────────────────────────────────────
    test-results\app-functionality-toolbar--40f51-h-produces-correct-markdown-firefox\test-failed-1.png
    ────────────────────────────────────────────────────────────────────────────────────────────────

    Error Context: test-results\app-functionality-toolbar--40f51-h-produces-correct-markdown-firefox\error-context.md

  67) [firefox] › test\integration\app-functionality\toolbar\subscript-button.spec.js:165:3 › Subscript middle word, paragraph 2 › subscript middle word of second paragraph produces correct markdown

    Test timeout of 5000ms exceeded.

    Error: locator.innerText: Target page, context or browser has been closed
    Call log:
      - waiting for locator('#editor [data-node-id]').first()


      112 |  */
      113 | async function getSourceLineText(pg, index) {
    > 114 |   return pg.locator(`#editor [data-node-id]`).nth(index).innerText();
          |                                                          ^
      115 | }
      116 |
      117 | test.describe(`Subscript first word, paragraph 1`, () => {
        at getSourceLineText (C:\Users\Mike\Documents\Git\projects\markdown editor\test\integration\app-functionality\toolbar\subscript-button.spec.js:114:58)
        at C:\Users\Mike\Documents\Git\projects\markdown editor\test\integration\app-functionality\toolbar\subscript-button.spec.js:174:25

    attachment #1: screenshot (image/png) ──────────────────────────────────────────────────────────
    test-results\app-functionality-toolbar--0f6d7-h-produces-correct-markdown-firefox\test-failed-1.png
    ────────────────────────────────────────────────────────────────────────────────────────────────

    Error Context: test-results\app-functionality-toolbar--0f6d7-h-produces-correct-markdown-firefox\error-context.md

  68) [firefox] › test\integration\app-functionality\toolbar\subscript-button.spec.js:272:3 › Collapsed cursor — subscript word under caret › clicking subscript with cursor on a plain word applies subscript

    Test timeout of 5000ms exceeded.

    Error: locator.innerText: Target page, context or browser has been closed
    Call log:
      - waiting for locator('#editor [data-node-id]').first()


      112 |  */
      113 | async function getSourceLineText(pg, index) {
    > 114 |   return pg.locator(`#editor [data-node-id]`).nth(index).innerText();
          |                                                          ^
      115 | }
      116 |
      117 | test.describe(`Subscript first word, paragraph 1`, () => {
        at getSourceLineText (C:\Users\Mike\Documents\Git\projects\markdown editor\test\integration\app-functionality\toolbar\subscript-button.spec.js:114:58)
        at C:\Users\Mike\Documents\Git\projects\markdown editor\test\integration\app-functionality\toolbar\subscript-button.spec.js:281:24

    attachment #1: screenshot (image/png) ──────────────────────────────────────────────────────────
    test-results\app-functionality-toolbar--dad47-lain-word-applies-subscript-firefox\test-failed-1.png
    ────────────────────────────────────────────────────────────────────────────────────────────────

    Error Context: test-results\app-functionality-toolbar--dad47-lain-word-applies-subscript-firefox\error-context.md

  69) [firefox] › test\integration\app-functionality\toolbar\superscript-button.spec.js:118:3 › Superscript first word, paragraph 1 › superscript first word produces correct markdown

    Test timeout of 5000ms exceeded.

    Error: locator.innerText: Target page, context or browser has been closed
    Call log:
      - waiting for locator('#editor [data-node-id]').first()


      112 |  */
      113 | async function getSourceLineText(pg, index) {
    > 114 |   return pg.locator(`#editor [data-node-id]`).nth(index).innerText();
          |                                                          ^
      115 | }
      116 |
      117 | test.describe(`Superscript first word, paragraph 1`, () => {
        at getSourceLineText (C:\Users\Mike\Documents\Git\projects\markdown editor\test\integration\app-functionality\toolbar\superscript-button.spec.js:114:58)
        at C:\Users\Mike\Documents\Git\projects\markdown editor\test\integration\app-functionality\toolbar\superscript-button.spec.js:127:24

    attachment #1: screenshot (image/png) ──────────────────────────────────────────────────────────
    test-results\app-functionality-toolbar--d0faf-d-produces-correct-markdown-firefox\test-failed-1.png
    ────────────────────────────────────────────────────────────────────────────────────────────────

    Error Context: test-results\app-functionality-toolbar--d0faf-d-produces-correct-markdown-firefox\error-context.md

  70) [firefox] › test\integration\app-functionality\toolbar\superscript-button.spec.js:133:3 › Superscript middle word, paragraph 1 › superscript middle word produces correct markdown

    Test timeout of 5000ms exceeded.

    Error: locator.innerText: Target page, context or browser has been closed
    Call log:
      - waiting for locator('#editor [data-node-id]').first()


      112 |  */
      113 | async function getSourceLineText(pg, index) {
    > 114 |   return pg.locator(`#editor [data-node-id]`).nth(index).innerText();
          |                                                          ^
      115 | }
      116 |
      117 | test.describe(`Superscript first word, paragraph 1`, () => {
        at getSourceLineText (C:\Users\Mike\Documents\Git\projects\markdown editor\test\integration\app-functionality\toolbar\superscript-button.spec.js:114:58)
        at C:\Users\Mike\Documents\Git\projects\markdown editor\test\integration\app-functionality\toolbar\superscript-button.spec.js:142:24

    attachment #1: screenshot (image/png) ──────────────────────────────────────────────────────────
    test-results\app-functionality-toolbar--66e39-d-produces-correct-markdown-firefox\test-failed-1.png
    ────────────────────────────────────────────────────────────────────────────────────────────────

    Error Context: test-results\app-functionality-toolbar--66e39-d-produces-correct-markdown-firefox\error-context.md

  71) [firefox] › test\integration\app-functionality\toolbar\superscript-button.spec.js:148:3 › Superscript first word, paragraph 2 › superscript first word of second paragraph produces correct markdown

    Test timeout of 5000ms exceeded.

    Error: locator.innerText: Target page, context or browser has been closed
    Call log:
      - waiting for locator('#editor [data-node-id]').first()


      112 |  */
      113 | async function getSourceLineText(pg, index) {
    > 114 |   return pg.locator(`#editor [data-node-id]`).nth(index).innerText();
          |                                                          ^
      115 | }
      116 |
      117 | test.describe(`Superscript first word, paragraph 1`, () => {
        at getSourceLineText (C:\Users\Mike\Documents\Git\projects\markdown editor\test\integration\app-functionality\toolbar\superscript-button.spec.js:114:58)
        at C:\Users\Mike\Documents\Git\projects\markdown editor\test\integration\app-functionality\toolbar\superscript-button.spec.js:157:25

    attachment #1: screenshot (image/png) ──────────────────────────────────────────────────────────
    test-results\app-functionality-toolbar--f4e19-h-produces-correct-markdown-firefox\test-failed-1.png
    ────────────────────────────────────────────────────────────────────────────────────────────────

    Error Context: test-results\app-functionality-toolbar--f4e19-h-produces-correct-markdown-firefox\error-context.md

  72) [firefox] › test\integration\app-functionality\toolbar\superscript-button.spec.js:165:3 › Superscript middle word, paragraph 2 › superscript middle word of second paragraph produces correct markdown

    Test timeout of 5000ms exceeded.

    Error: locator.innerText: Target page, context or browser has been closed
    Call log:
      - waiting for locator('#editor [data-node-id]').first()


      112 |  */
      113 | async function getSourceLineText(pg, index) {
    > 114 |   return pg.locator(`#editor [data-node-id]`).nth(index).innerText();
          |                                                          ^
      115 | }
      116 |
      117 | test.describe(`Superscript first word, paragraph 1`, () => {
        at getSourceLineText (C:\Users\Mike\Documents\Git\projects\markdown editor\test\integration\app-functionality\toolbar\superscript-button.spec.js:114:58)
        at C:\Users\Mike\Documents\Git\projects\markdown editor\test\integration\app-functionality\toolbar\superscript-button.spec.js:174:25

    attachment #1: screenshot (image/png) ──────────────────────────────────────────────────────────
    test-results\app-functionality-toolbar--03734-h-produces-correct-markdown-firefox\test-failed-1.png
    ────────────────────────────────────────────────────────────────────────────────────────────────

    Error Context: test-results\app-functionality-toolbar--03734-h-produces-correct-markdown-firefox\error-context.md

  73) [firefox] › test\integration\app-functionality\toolbar\superscript-button.spec.js:272:3 › Collapsed cursor — superscript word under caret › clicking superscript with cursor on a plain word applies superscript

    Test timeout of 5000ms exceeded.

    Error: locator.innerText: Target page, context or browser has been closed
    Call log:
      - waiting for locator('#editor [data-node-id]').first()


      112 |  */
      113 | async function getSourceLineText(pg, index) {
    > 114 |   return pg.locator(`#editor [data-node-id]`).nth(index).innerText();
          |                                                          ^
      115 | }
      116 |
      117 | test.describe(`Superscript first word, paragraph 1`, () => {
        at getSourceLineText (C:\Users\Mike\Documents\Git\projects\markdown editor\test\integration\app-functionality\toolbar\superscript-button.spec.js:114:58)
        at C:\Users\Mike\Documents\Git\projects\markdown editor\test\integration\app-functionality\toolbar\superscript-button.spec.js:281:24

    attachment #1: screenshot (image/png) ──────────────────────────────────────────────────────────
    test-results\app-functionality-toolbar--98dab-in-word-applies-superscript-firefox\test-failed-1.png
    ────────────────────────────────────────────────────────────────────────────────────────────────

    Error Context: test-results\app-functionality-toolbar--98dab-in-word-applies-superscript-firefox\error-context.md

  74) [firefox] › test\integration\app-functionality\toolbar\toolbar-active.spec.js:268:1 › clicking bold button inside <strong> tag strips the tag

    Test timeout of 5000ms exceeded.

    Error: locator.innerText: Target page, context or browser has been closed
    Call log:
      - waiting for locator('#editor > [data-node-id]').nth(6)


      276 |
      277 |   await setSource2View(page);
    > 278 |   const line = await page.locator(`#editor > [data-node-id]`).nth(6).innerText();
          |                                                                      ^
      279 |   expect(line).toBe(`This is strong text here.`);
      280 | });
      281 |
        at C:\Users\Mike\Documents\Git\projects\markdown editor\test\integration\app-functionality\toolbar\toolbar-active.spec.js:278:70

    attachment #1: screenshot (image/png) ──────────────────────────────────────────────────────────
    test-results\app-functionality-toolbar--31e9c-e-strong-tag-strips-the-tag-firefox\test-failed-1.png
    ────────────────────────────────────────────────────────────────────────────────────────────────

    Error Context: test-results\app-functionality-toolbar--31e9c-e-strong-tag-strips-the-tag-firefox\error-context.md

  75) [firefox] › test\integration\app-functionality\toolbar\toolbar-active.spec.js:282:1 › clicking bold button inside <b> tag strips the tag

    Test timeout of 5000ms exceeded.

    Error: locator.innerText: Target page, context or browser has been closed
    Call log:
      - waiting for locator('#editor > [data-node-id]').nth(7)


      290 |
      291 |   await setSource2View(page);
    > 292 |   const line = await page.locator(`#editor > [data-node-id]`).nth(7).innerText();
          |                                                                      ^
      293 |   expect(line).toBe(`This is bold tag here.`);
      294 | });
      295 |
        at C:\Users\Mike\Documents\Git\projects\markdown editor\test\integration\app-functionality\toolbar\toolbar-active.spec.js:292:70

    attachment #1: screenshot (image/png) ──────────────────────────────────────────────────────────
    test-results\app-functionality-toolbar--2a45c-inside-b-tag-strips-the-tag-firefox\test-failed-1.png
    ────────────────────────────────────────────────────────────────────────────────────────────────

    Error Context: test-results\app-functionality-toolbar--2a45c-inside-b-tag-strips-the-tag-firefox\error-context.md

  76) [firefox] › test\integration\app-functionality\toolbar\toolbar-active.spec.js:296:1 › clicking italic button inside <em> tag strips the tag

    Test timeout of 5000ms exceeded.

    Error: locator.innerText: Target page, context or browser has been closed
    Call log:
      - waiting for locator('#editor > [data-node-id]').nth(8)


      304 |
      305 |   await setSource2View(page);
    > 306 |   const line = await page.locator(`#editor > [data-node-id]`).nth(8).innerText();
          |                                                                      ^
      307 |   expect(line).toBe(`This is emphasis text here.`);
      308 | });
      309 |
        at C:\Users\Mike\Documents\Git\projects\markdown editor\test\integration\app-functionality\toolbar\toolbar-active.spec.js:306:70

    attachment #1: screenshot (image/png) ──────────────────────────────────────────────────────────
    test-results\app-functionality-toolbar--6d0bb-nside-em-tag-strips-the-tag-firefox\test-failed-1.png
    ────────────────────────────────────────────────────────────────────────────────────────────────

    Error Context: test-results\app-functionality-toolbar--6d0bb-nside-em-tag-strips-the-tag-firefox\error-context.md

  77) [firefox] › test\integration\app-functionality\toolbar\toolbar-active.spec.js:310:1 › clicking italic button inside <i> tag strips the tag

    Test timeout of 5000ms exceeded.

    Error: locator.innerText: Target page, context or browser has been closed
    Call log:
      - waiting for locator('#editor > [data-node-id]').nth(9)


      318 |
      319 |   await setSource2View(page);
    > 320 |   const line = await page.locator(`#editor > [data-node-id]`).nth(9).innerText();
          |                                                                      ^
      321 |   expect(line).toBe(`This is italic tag here.`);
      322 | });
      323 |
        at C:\Users\Mike\Documents\Git\projects\markdown editor\test\integration\app-functionality\toolbar\toolbar-active.spec.js:320:70

    attachment #1: screenshot (image/png) ──────────────────────────────────────────────────────────
    test-results\app-functionality-toolbar--0d748-inside-i-tag-strips-the-tag-firefox\test-failed-1.png
    ────────────────────────────────────────────────────────────────────────────────────────────────

    Error Context: test-results\app-functionality-toolbar--0d748-inside-i-tag-strips-the-tag-firefox\error-context.md

  78) [firefox] › test\integration\app-functionality\toolbar\toolbar-active.spec.js:324:1 › clicking strikethrough button inside <del> tag strips the tag

    Test timeout of 5000ms exceeded.

    Error: locator.innerText: Target page, context or browser has been closed
    Call log:
      - waiting for locator('#editor > [data-node-id]').nth(10)


      332 |
      333 |   await setSource2View(page);
    > 334 |   const line = await page.locator(`#editor > [data-node-id]`).nth(10).innerText();
          |                                                                       ^
      335 |   expect(line).toBe(`This is deleted text here.`);
      336 | });
      337 |
        at C:\Users\Mike\Documents\Git\projects\markdown editor\test\integration\app-functionality\toolbar\toolbar-active.spec.js:334:71

    attachment #1: screenshot (image/png) ──────────────────────────────────────────────────────────
    test-results\app-functionality-toolbar--46c50-side-del-tag-strips-the-tag-firefox\test-failed-1.png
    ────────────────────────────────────────────────────────────────────────────────────────────────

    Error Context: test-results\app-functionality-toolbar--46c50-side-del-tag-strips-the-tag-firefox\error-context.md

  79) [firefox] › test\integration\app-functionality\toolbar\toolbar-active.spec.js:338:1 › clicking strikethrough button inside <s> tag strips the tag

    Test timeout of 5000ms exceeded.

    Error: locator.innerText: Target page, context or browser has been closed
    Call log:
      - waiting for locator('#editor > [data-node-id]').nth(11)


      346 |
      347 |   await setSource2View(page);
    > 348 |   const line = await page.locator(`#editor > [data-node-id]`).nth(11).innerText();
          |                                                                       ^
      349 |   expect(line).toBe(`This is struck tag here.`);
      350 | });
      351 |
        at C:\Users\Mike\Documents\Git\projects\markdown editor\test\integration\app-functionality\toolbar\toolbar-active.spec.js:348:71

    attachment #1: screenshot (image/png) ──────────────────────────────────────────────────────────
    test-results\app-functionality-toolbar--e6375-inside-s-tag-strips-the-tag-firefox\test-failed-1.png
    ────────────────────────────────────────────────────────────────────────────────────────────────

    Error Context: test-results\app-functionality-toolbar--e6375-inside-s-tag-strips-the-tag-firefox\error-context.md

  80) [firefox] › test\integration\user-interaction\content\code-block-enter.spec.js:148:3 › Code-block early conversion — source view › typing ``` + Enter creates an empty code block

    Test timeout of 5000ms exceeded.

    Error: expect(locator).toBeVisible() failed

    Locator: locator('#editor').locator('[data-node-id].md-code-block')
    Expected: visible
    Timeout: 5000ms
    Error: element(s) not found

    Call log:
      - Expect "toBeVisible" with timeout 5000ms
      - waiting for locator('#editor').locator('[data-node-id].md-code-block')


      158 |
      159 |     const codeBlock = editor.locator(`[data-node-id].md-code-block`);
    > 160 |     await expect(codeBlock).toBeVisible();
          |                             ^
      161 |
      162 |     const markdown = await page.evaluate(() => window.editorAPI?.getContent() ?? ``);
      163 |     expect(markdown).toContain(`\`\`\`\n`);
        at C:\Users\Mike\Documents\Git\projects\markdown editor\test\integration\user-interaction\content\code-block-enter.spec.js:160:29

    attachment #1: screenshot (image/png) ──────────────────────────────────────────────────────────
    test-results\user-interaction-content-c-d718b-creates-an-empty-code-block-firefox\test-failed-1.png
    ────────────────────────────────────────────────────────────────────────────────────────────────

    Error Context: test-results\user-interaction-content-c-d718b-creates-an-empty-code-block-firefox\error-context.md

  81) [firefox] › test\integration\user-interaction\content\code-block-enter.spec.js:166:3 › Code-block early conversion — source view › typing ```js + Enter creates a code block with language

    Test timeout of 5000ms exceeded.

    Error: expect(locator).toBeVisible() failed

    Locator: locator('#editor').locator('[data-node-id].md-code-block')
    Expected: visible
    Timeout: 5000ms
    Error: element(s) not found

    Call log:
      - Expect "toBeVisible" with timeout 5000ms
      - waiting for locator('#editor').locator('[data-node-id].md-code-block')


      176 |
      177 |     const codeBlock = editor.locator(`[data-node-id].md-code-block`);
    > 178 |     await expect(codeBlock).toBeVisible();
          |                             ^
      179 |
      180 |     const markdown = await page.evaluate(() => window.editorAPI?.getContent() ?? ``);
      181 |     expect(markdown).toContain(`\`\`\`js\n`);
        at C:\Users\Mike\Documents\Git\projects\markdown editor\test\integration\user-interaction\content\code-block-enter.spec.js:178:29

    attachment #1: screenshot (image/png) ──────────────────────────────────────────────────────────
    test-results\user-interaction-content-c-eac86--a-code-block-with-language-firefox\test-failed-1.png
    ────────────────────────────────────────────────────────────────────────────────────────────────

    Error Context: test-results\user-interaction-content-c-eac86--a-code-block-with-language-firefox\error-context.md

  82) [firefox] › test\integration\user-interaction\content\code-block-enter.spec.js:184:3 › Code-block early conversion — source view › typing ```` + Enter creates a code block with fenceCount 4

    Test timeout of 5000ms exceeded.

    Error: expect(locator).toBeVisible() failed

    Locator: locator('#editor').locator('[data-node-id].md-code-block')
    Expected: visible
    Timeout: 5000ms
    Error: element(s) not found

    Call log:
      - Expect "toBeVisible" with timeout 5000ms
      - waiting for locator('#editor').locator('[data-node-id].md-code-block')


      194 |
      195 |     const codeBlock = editor.locator(`[data-node-id].md-code-block`);
    > 196 |     await expect(codeBlock).toBeVisible();
          |                             ^
      197 |
      198 |     const markdown = await page.evaluate(() => window.editorAPI?.getContent() ?? ``);
      199 |     expect(markdown).toContain(`\`\`\`\`\n`);
        at C:\Users\Mike\Documents\Git\projects\markdown editor\test\integration\user-interaction\content\code-block-enter.spec.js:196:29

    attachment #1: screenshot (image/png) ──────────────────────────────────────────────────────────
    test-results\user-interaction-content-c-6cb8f-ode-block-with-fenceCount-4-firefox\test-failed-1.png
    ────────────────────────────────────────────────────────────────────────────────────────────────

    Error Context: test-results\user-interaction-content-c-6cb8f-ode-block-with-fenceCount-4-firefox\error-context.md

  83) [firefox] › test\integration\user-interaction\content\code-block-enter.spec.js:202:3 › Code-block early conversion — source view › typing ``````js + Enter creates a code block with fenceCount 6 and language

    Test timeout of 5000ms exceeded.

    Error: expect(locator).toBeVisible() failed

    Locator: locator('#editor').locator('[data-node-id].md-code-block')
    Expected: visible
    Timeout: 5000ms
    Error: element(s) not found

    Call log:
      - Expect "toBeVisible" with timeout 5000ms
      - waiting for locator('#editor').locator('[data-node-id].md-code-block')


      212 |
      213 |     const codeBlock = editor.locator(`[data-node-id].md-code-block`);
    > 214 |     await expect(codeBlock).toBeVisible();
          |                             ^
      215 |
      216 |     const markdown = await page.evaluate(() => window.editorAPI?.getContent() ?? ``);
      217 |     expect(markdown).toContain(`\`\`\`\`\`\`js\n`);
        at C:\Users\Mike\Documents\Git\projects\markdown editor\test\integration\user-interaction\content\code-block-enter.spec.js:214:29

    attachment #1: screenshot (image/png) ──────────────────────────────────────────────────────────
    test-results\user-interaction-content-c-9a211-h-fenceCount-6-and-language-firefox\test-failed-1.png
    ────────────────────────────────────────────────────────────────────────────────────────────────

    Error Context: test-results\user-interaction-content-c-9a211-h-fenceCount-6-and-language-firefox\error-context.md

  84) [firefox] › test\integration\user-interaction\content\code-block-enter.spec.js:220:3 › Code-block early conversion — source view › backtick fence text is not converted until Enter

    Test timeout of 5000ms exceeded.

    Error: expect(locator).toBeVisible() failed

    Locator: locator('#editor').locator('[data-node-id].md-paragraph')
    Expected: visible
    Timeout: 5000ms
    Error: element(s) not found

    Call log:
      - Expect "toBeVisible" with timeout 5000ms
      - waiting for locator('#editor').locator('[data-node-id].md-paragraph')


      229 |
      230 |     const paragraph = editor.locator(`[data-node-id].md-paragraph`);
    > 231 |     await expect(paragraph).toBeVisible();
          |                             ^
      232 |
      233 |     const codeBlock = editor.locator(`[data-node-id].md-code-block`);
      234 |     await expect(codeBlock).toHaveCount(0);
        at C:\Users\Mike\Documents\Git\projects\markdown editor\test\integration\user-interaction\content\code-block-enter.spec.js:231:29

    attachment #1: screenshot (image/png) ──────────────────────────────────────────────────────────
    test-results\user-interaction-content-c-0d338-s-not-converted-until-Enter-firefox\test-failed-1.png
    ────────────────────────────────────────────────────────────────────────────────────────────────

    Error Context: test-results\user-interaction-content-c-0d338-s-not-converted-until-Enter-firefox\error-context.md

  85) [firefox] › test\integration\user-interaction\content\code-block-language-tag.spec.js:171:3 › Code-block language tag dialog › cursor offset is correct in source view after changing language in writing view

    Test timeout of 5000ms exceeded.

    Error: page.evaluate: Target page, context or browser has been closed

      188 |     // offset of 0 should become sourceEditText-relative offset 10,
      189 |     // placing the cursor at the start of "code".
    > 190 |     const cursorInfo = await page.evaluate(() => {
          |                                   ^
      191 |       const sel = window.getSelection();
      192 |       if (!sel || sel.rangeCount === 0) return null;
      193 |       const range = sel.getRangeAt(0);
        at C:\Users\Mike\Documents\Git\projects\markdown editor\test\integration\user-interaction\content\code-block-language-tag.spec.js:190:35

    attachment #1: screenshot (image/png) ──────────────────────────────────────────────────────────
    test-results\user-interaction-content-c-71308-ng-language-in-writing-view-firefox\test-failed-1.png
    ────────────────────────────────────────────────────────────────────────────────────────────────

    Error Context: test-results\user-interaction-content-c-71308-ng-language-in-writing-view-firefox\error-context.md

  86) [firefox] › test\integration\user-interaction\content\cursor-typing-delimiters.spec.js:147:1 › typing ***word*** renders as bold inside italic in source view

    Test timeout of 5000ms exceeded.

    Error: locator.textContent: Target page, context or browser has been closed
    Call log:
      - waiting for locator('#editor [data-node-id]').first()


      160 |   await setSource2View(page);
      161 |   const srcLine = page.locator(`#editor [data-node-id]`).first();
    > 162 |   const srcText = await srcLine.textContent();
          |                                 ^
      163 |   expect(srcText).toContain(`***word***`);
      164 | });
      165 |
        at C:\Users\Mike\Documents\Git\projects\markdown editor\test\integration\user-interaction\content\cursor-typing-delimiters.spec.js:162:33

    attachment #1: screenshot (image/png) ──────────────────────────────────────────────────────────
    test-results\user-interaction-content-c-4963a-nside-italic-in-source-view-firefox\test-failed-1.png
    ────────────────────────────────────────────────────────────────────────────────────────────────

    Error Context: test-results\user-interaction-content-c-4963a-nside-italic-in-source-view-firefox\error-context.md

  87) [firefox] › test\integration\user-interaction\content\cursor-typing-delimiters.spec.js:172:1 › typing after closing * produces plain text, not italic

    Test timeout of 5000ms exceeded.

    Error: locator.textContent: Target page, context or browser has been closed
    Call log:
      - waiting for locator('#editor [data-node-id]').first()


      193 |   await setSource2View(page);
      194 |   const srcLine = page.locator(`#editor [data-node-id]`).first();
    > 195 |   const srcText = await srcLine.textContent();
          |                                 ^
      196 |   // The raw markdown should have " hello" outside the italic markers
      197 |   expect(srcText).toContain(`*test*`);
      198 |   expect(srcText).toContain(` hello`);
        at C:\Users\Mike\Documents\Git\projects\markdown editor\test\integration\user-interaction\content\cursor-typing-delimiters.spec.js:195:33

    attachment #1: screenshot (image/png) ──────────────────────────────────────────────────────────
    test-results\user-interaction-content-c-5302c-duces-plain-text-not-italic-firefox\test-failed-1.png
    ────────────────────────────────────────────────────────────────────────────────────────────────

    Error Context: test-results\user-interaction-content-c-5302c-duces-plain-text-not-italic-firefox\error-context.md

  88) [firefox] › test\integration\user-interaction\content\cursor-typing-delimiters.spec.js:203:1 › typing after closing ** produces plain text, not bold

    Test timeout of 5000ms exceeded.

    Error: locator.textContent: Target page, context or browser has been closed
    Call log:
      - waiting for locator('#editor [data-node-id]').first()


      220 |   await setSource2View(page);
      221 |   const srcLine = page.locator(`#editor [data-node-id]`).first();
    > 222 |   const srcText = await srcLine.textContent();
          |                                 ^
      223 |   expect(srcText).toMatch(/\*\*bold\*\* after/);
      224 | });
      225 |
        at C:\Users\Mike\Documents\Git\projects\markdown editor\test\integration\user-interaction\content\cursor-typing-delimiters.spec.js:222:33

    attachment #1: screenshot (image/png) ──────────────────────────────────────────────────────────
    test-results\user-interaction-content-c-942f1-roduces-plain-text-not-bold-firefox\test-failed-1.png
    ────────────────────────────────────────────────────────────────────────────────────────────────

    Error Context: test-results\user-interaction-content-c-942f1-roduces-plain-text-not-bold-firefox\error-context.md

  89) [firefox] › test\integration\user-interaction\content\cursor-typing-delimiters.spec.js:226:1 › typing after closing ~~ produces plain text, not strikethrough

    Test timeout of 5000ms exceeded.

    Error: locator.textContent: Target page, context or browser has been closed
    Call log:
      - waiting for locator('#editor [data-node-id]').first()


      243 |   await setSource2View(page);
      244 |   const srcLine = page.locator(`#editor [data-node-id]`).first();
    > 245 |   const srcText = await srcLine.textContent();
          |                                 ^
      246 |   expect(srcText).toMatch(/~~struck~~ after/);
      247 | });
      248 |
        at C:\Users\Mike\Documents\Git\projects\markdown editor\test\integration\user-interaction\content\cursor-typing-delimiters.spec.js:245:33

    attachment #1: screenshot (image/png) ──────────────────────────────────────────────────────────
    test-results\user-interaction-content-c-08d0b-lain-text-not-strikethrough-firefox\test-failed-1.png
    ────────────────────────────────────────────────────────────────────────────────────────────────

    Error Context: test-results\user-interaction-content-c-08d0b-lain-text-not-strikethrough-firefox\error-context.md

  90) [firefox] › test\integration\user-interaction\content\heading-input.spec.js:28:1 › typing "# main" letter by letter creates a heading with correct content

    Error: browserContext.close: Protocol error (Browser.removeBrowserContext): can't access property "_maybeDontRestoreTabs", this._windows[aWindow.__SSi] is undefined

    attachment #1: screenshot (image/png) ──────────────────────────────────────────────────────────
    test-results\user-interaction-content-h-6489a-eading-with-correct-content-firefox\test-failed-1.png
    ────────────────────────────────────────────────────────────────────────────────────────────────

  91) [firefox] › test\integration\user-interaction\content\inline-image.spec.js:74:1 › image syntax round-trips through source view correctly

    Test timeout of 5000ms exceeded.

    Error: expect(locator).toBeVisible() failed

    Locator: locator('#editor [data-node-id]').filter({ hasText: '![alt](img.png)' })
    Expected: visible
    Timeout: 5000ms
    Error: element(s) not found

    Call log:
      - Expect "toBeVisible" with timeout 5000ms
      - waiting for locator('#editor [data-node-id]').filter({ hasText: '![alt](img.png)' })


      85 |   await setSource2View(page);
      86 |   const srcLine = page.locator(`#editor [data-node-id]`, { hasText: `![alt](img.png)` });
    > 87 |   await expect(srcLine).toBeVisible();
         |                         ^
      88 |
      89 |   // Switch back to writing view — image should still render
      90 |   await setWritingView(page);
        at C:\Users\Mike\Documents\Git\projects\markdown editor\test\integration\user-interaction\content\inline-image.spec.js:87:25

    attachment #1: screenshot (image/png) ──────────────────────────────────────────────────────────
    test-results\user-interaction-content-i-ce365-rough-source-view-correctly-firefox\test-failed-1.png
    ────────────────────────────────────────────────────────────────────────────────────────────────

    Error Context: test-results\user-interaction-content-i-ce365-rough-source-view-correctly-firefox\error-context.md

  92) [firefox] › test\integration\user-interaction\content\inline-image.spec.js:95:1 › removing ! in source view converts inline image to link

    Test timeout of 5000ms exceeded.

    Error: expect(locator).toBeVisible() failed

    Locator: locator('#editor [data-node-id]').filter({ hasText: '![alt](url)' })
    Expected: visible
    Timeout: 5000ms
    Error: element(s) not found

    Call log:
      - Expect "toBeVisible" with timeout 5000ms
      - waiting for locator('#editor [data-node-id]').filter({ hasText: '![alt](url)' })


      110 |   // Click on the line and move to beginning, then delete the '!'
      111 |   const srcLine = page.locator(`#editor [data-node-id]`, { hasText: `![alt](url)` });
    > 112 |   await expect(srcLine).toBeVisible();
          |                         ^
      113 |   await srcLine.click();
      114 |   await page.keyboard.press(`Home`);
      115 |   await page.keyboard.press(`Delete`);
        at C:\Users\Mike\Documents\Git\projects\markdown editor\test\integration\user-interaction\content\inline-image.spec.js:112:25

    attachment #1: screenshot (image/png) ──────────────────────────────────────────────────────────
    test-results\user-interaction-content-i-03e6c-nverts-inline-image-to-link-firefox\test-failed-1.png
    ────────────────────────────────────────────────────────────────────────────────────────────────

    Error Context: test-results\user-interaction-content-i-03e6c-nverts-inline-image-to-link-firefox\error-context.md

  93) [firefox] › test\integration\user-interaction\content\source-view-prefix-edit.spec.js:119:3 › Heading1 prefix (# ) › insert in prefix

    Error: page.evaluate: Error: no element matching .md-heading1
        at eval (eval at evaluate (:290:30), <anonymous>:7:23)
        at UtilityScript.evaluate (<anonymous>:292:16)
        at UtilityScript.<anonymous> (<anonymous>:1:44)
        at eval (eval at evaluate (:290:30), <anonymous>:7:23)
        at UtilityScript.evaluate (<anonymous>:292:16)
        at UtilityScript.<anonymous> (<anonymous>:1:44)
        at setCursorInPrefix (C:\Users\Mike\Documents\Git\projects\markdown editor\test\integration\user-interaction\content\source-view-prefix-edit.spec.js:51:12)
        at C:\Users\Mike\Documents\Git\projects\markdown editor\test\integration\user-interaction\content\source-view-prefix-edit.spec.js:124:11

    attachment #1: screenshot (image/png) ──────────────────────────────────────────────────────────
    test-results\user-interaction-content-s-ec7cc-ng1-prefix-insert-in-prefix-firefox\test-failed-1.png
    ────────────────────────────────────────────────────────────────────────────────────────────────

    Error Context: test-results\user-interaction-content-s-ec7cc-ng1-prefix-insert-in-prefix-firefox\error-context.md

  94) [firefox] › test\integration\user-interaction\content\source-view-prefix-edit.spec.js:135:3 › Heading1 prefix (# ) › delete in prefix

    Error: page.evaluate: Error: no element matching .md-heading1
        at eval (eval at evaluate (:290:30), <anonymous>:7:23)
        at UtilityScript.evaluate (<anonymous>:292:16)
        at UtilityScript.<anonymous> (<anonymous>:1:44)
        at eval (eval at evaluate (:290:30), <anonymous>:7:23)
        at UtilityScript.evaluate (<anonymous>:292:16)
        at UtilityScript.<anonymous> (<anonymous>:1:44)
        at setCursorInPrefix (C:\Users\Mike\Documents\Git\projects\markdown editor\test\integration\user-interaction\content\source-view-prefix-edit.spec.js:51:12)
        at C:\Users\Mike\Documents\Git\projects\markdown editor\test\integration\user-interaction\content\source-view-prefix-edit.spec.js:140:11

    attachment #1: screenshot (image/png) ──────────────────────────────────────────────────────────
    test-results\user-interaction-content-s-b3ebe-ng1-prefix-delete-in-prefix-firefox\test-failed-1.png
    ────────────────────────────────────────────────────────────────────────────────────────────────

    Error Context: test-results\user-interaction-content-s-b3ebe-ng1-prefix-delete-in-prefix-firefox\error-context.md

  95) [firefox] › test\integration\user-interaction\content\source-view-prefix-edit.spec.js:151:3 › Heading1 prefix (# ) › backspace in prefix

    Error: page.evaluate: Error: no element matching .md-heading1
        at eval (eval at evaluate (:290:30), <anonymous>:7:23)
        at UtilityScript.evaluate (<anonymous>:292:16)
        at UtilityScript.<anonymous> (<anonymous>:1:44)
        at eval (eval at evaluate (:290:30), <anonymous>:7:23)
        at UtilityScript.evaluate (<anonymous>:292:16)
        at UtilityScript.<anonymous> (<anonymous>:1:44)
        at setCursorInPrefix (C:\Users\Mike\Documents\Git\projects\markdown editor\test\integration\user-interaction\content\source-view-prefix-edit.spec.js:51:12)
        at C:\Users\Mike\Documents\Git\projects\markdown editor\test\integration\user-interaction\content\source-view-prefix-edit.spec.js:156:11

    attachment #1: screenshot (image/png) ──────────────────────────────────────────────────────────
    test-results\user-interaction-content-s-91339--prefix-backspace-in-prefix-firefox\test-failed-1.png
    ────────────────────────────────────────────────────────────────────────────────────────────────

    Error Context: test-results\user-interaction-content-s-91339--prefix-backspace-in-prefix-firefox\error-context.md

  96) [firefox] › test\integration\user-interaction\content\source-view-prefix-edit.spec.js:169:3 › Heading2 prefix (## ) › insert in prefix

    Error: page.evaluate: Error: no element matching .md-heading2
        at eval (eval at evaluate (:290:30), <anonymous>:7:23)
        at UtilityScript.evaluate (<anonymous>:292:16)
        at UtilityScript.<anonymous> (<anonymous>:1:44)
        at eval (eval at evaluate (:290:30), <anonymous>:7:23)
        at UtilityScript.evaluate (<anonymous>:292:16)
        at UtilityScript.<anonymous> (<anonymous>:1:44)
        at setCursorInPrefix (C:\Users\Mike\Documents\Git\projects\markdown editor\test\integration\user-interaction\content\source-view-prefix-edit.spec.js:51:12)
        at C:\Users\Mike\Documents\Git\projects\markdown editor\test\integration\user-interaction\content\source-view-prefix-edit.spec.js:173:11

    attachment #1: screenshot (image/png) ──────────────────────────────────────────────────────────
    test-results\user-interaction-content-s-4b879-ng2-prefix-insert-in-prefix-firefox\test-failed-1.png
    ────────────────────────────────────────────────────────────────────────────────────────────────

    Error Context: test-results\user-interaction-content-s-4b879-ng2-prefix-insert-in-prefix-firefox\error-context.md

  97) [firefox] › test\integration\user-interaction\content\source-view-prefix-edit.spec.js:183:3 › Heading2 prefix (## ) › delete in prefix

    Error: page.evaluate: Error: no element matching .md-heading2
        at eval (eval at evaluate (:290:30), <anonymous>:7:23)
        at UtilityScript.evaluate (<anonymous>:292:16)
        at UtilityScript.<anonymous> (<anonymous>:1:44)
        at eval (eval at evaluate (:290:30), <anonymous>:7:23)
        at UtilityScript.evaluate (<anonymous>:292:16)
        at UtilityScript.<anonymous> (<anonymous>:1:44)
        at setCursorInPrefix (C:\Users\Mike\Documents\Git\projects\markdown editor\test\integration\user-interaction\content\source-view-prefix-edit.spec.js:51:12)
        at C:\Users\Mike\Documents\Git\projects\markdown editor\test\integration\user-interaction\content\source-view-prefix-edit.spec.js:187:11

    attachment #1: screenshot (image/png) ──────────────────────────────────────────────────────────
    test-results\user-interaction-content-s-594f7-ng2-prefix-delete-in-prefix-firefox\test-failed-1.png
    ────────────────────────────────────────────────────────────────────────────────────────────────

    Error Context: test-results\user-interaction-content-s-594f7-ng2-prefix-delete-in-prefix-firefox\error-context.md

  98) [firefox] › test\integration\user-interaction\content\source-view-prefix-edit.spec.js:197:3 › Heading2 prefix (## ) › backspace in prefix

    Error: page.evaluate: Error: no element matching .md-heading2
        at eval (eval at evaluate (:290:30), <anonymous>:7:23)
        at UtilityScript.evaluate (<anonymous>:292:16)
        at UtilityScript.<anonymous> (<anonymous>:1:44)
        at eval (eval at evaluate (:290:30), <anonymous>:7:23)
        at UtilityScript.evaluate (<anonymous>:292:16)
        at UtilityScript.<anonymous> (<anonymous>:1:44)
        at setCursorInPrefix (C:\Users\Mike\Documents\Git\projects\markdown editor\test\integration\user-interaction\content\source-view-prefix-edit.spec.js:51:12)
        at C:\Users\Mike\Documents\Git\projects\markdown editor\test\integration\user-interaction\content\source-view-prefix-edit.spec.js:201:11

    attachment #1: screenshot (image/png) ──────────────────────────────────────────────────────────
    test-results\user-interaction-content-s-c00c2--prefix-backspace-in-prefix-firefox\test-failed-1.png
    ────────────────────────────────────────────────────────────────────────────────────────────────

    Error Context: test-results\user-interaction-content-s-c00c2--prefix-backspace-in-prefix-firefox\error-context.md

  99) [firefox] › test\integration\user-interaction\content\source-view-prefix-edit.spec.js:213:3 › Blockquote prefix (> ) › insert in prefix

    Error: page.evaluate: Error: no element matching .md-blockquote
        at eval (eval at evaluate (:290:30), <anonymous>:7:23)
        at UtilityScript.evaluate (<anonymous>:292:16)
        at UtilityScript.<anonymous> (<anonymous>:1:44)
        at eval (eval at evaluate (:290:30), <anonymous>:7:23)
        at UtilityScript.evaluate (<anonymous>:292:16)
        at UtilityScript.<anonymous> (<anonymous>:1:44)
        at setCursorInPrefix (C:\Users\Mike\Documents\Git\projects\markdown editor\test\integration\user-interaction\content\source-view-prefix-edit.spec.js:51:12)
        at C:\Users\Mike\Documents\Git\projects\markdown editor\test\integration\user-interaction\content\source-view-prefix-edit.spec.js:217:11

    attachment #1: screenshot (image/png) ──────────────────────────────────────────────────────────
    test-results\user-interaction-content-s-38e8e-ote-prefix-insert-in-prefix-firefox\test-failed-1.png
    ────────────────────────────────────────────────────────────────────────────────────────────────

    Error Context: test-results\user-interaction-content-s-38e8e-ote-prefix-insert-in-prefix-firefox\error-context.md

  100) [firefox] › test\integration\user-interaction\content\source-view-prefix-edit.spec.js:227:3 › Blockquote prefix (> ) › delete in prefix

    Error: page.evaluate: Error: no element matching .md-blockquote
        at eval (eval at evaluate (:290:30), <anonymous>:7:23)
        at UtilityScript.evaluate (<anonymous>:292:16)
        at UtilityScript.<anonymous> (<anonymous>:1:44)
        at eval (eval at evaluate (:290:30), <anonymous>:7:23)
        at UtilityScript.evaluate (<anonymous>:292:16)
        at UtilityScript.<anonymous> (<anonymous>:1:44)
        at setCursorInPrefix (C:\Users\Mike\Documents\Git\projects\markdown editor\test\integration\user-interaction\content\source-view-prefix-edit.spec.js:51:12)
        at C:\Users\Mike\Documents\Git\projects\markdown editor\test\integration\user-interaction\content\source-view-prefix-edit.spec.js:231:11

    attachment #1: screenshot (image/png) ──────────────────────────────────────────────────────────
    test-results\user-interaction-content-s-e8cec-ote-prefix-delete-in-prefix-firefox\test-failed-1.png
    ────────────────────────────────────────────────────────────────────────────────────────────────

    Error Context: test-results\user-interaction-content-s-e8cec-ote-prefix-delete-in-prefix-firefox\error-context.md

  101) [firefox] › test\integration\user-interaction\content\source-view-prefix-edit.spec.js:241:3 › Blockquote prefix (> ) › backspace in prefix

    Error: page.evaluate: Error: no element matching .md-blockquote
        at eval (eval at evaluate (:290:30), <anonymous>:7:23)
        at UtilityScript.evaluate (<anonymous>:292:16)
        at UtilityScript.<anonymous> (<anonymous>:1:44)
        at eval (eval at evaluate (:290:30), <anonymous>:7:23)
        at UtilityScript.evaluate (<anonymous>:292:16)
        at UtilityScript.<anonymous> (<anonymous>:1:44)
        at setCursorInPrefix (C:\Users\Mike\Documents\Git\projects\markdown editor\test\integration\user-interaction\content\source-view-prefix-edit.spec.js:51:12)
        at C:\Users\Mike\Documents\Git\projects\markdown editor\test\integration\user-interaction\content\source-view-prefix-edit.spec.js:245:11

    attachment #1: screenshot (image/png) ──────────────────────────────────────────────────────────
    test-results\user-interaction-content-s-637d2--prefix-backspace-in-prefix-firefox\test-failed-1.png
    ────────────────────────────────────────────────────────────────────────────────────────────────

    Error Context: test-results\user-interaction-content-s-637d2--prefix-backspace-in-prefix-firefox\error-context.md

  102) [firefox] › test\integration\user-interaction\content\source-view-prefix-edit.spec.js:257:3 › Unordered list prefix (- ) › insert in prefix

    Error: page.evaluate: Error: no element matching .md-list-item
        at eval (eval at evaluate (:290:30), <anonymous>:7:23)
        at UtilityScript.evaluate (<anonymous>:292:16)
        at UtilityScript.<anonymous> (<anonymous>:1:44)
        at eval (eval at evaluate (:290:30), <anonymous>:7:23)
        at UtilityScript.evaluate (<anonymous>:292:16)
        at UtilityScript.<anonymous> (<anonymous>:1:44)
        at setCursorInPrefix (C:\Users\Mike\Documents\Git\projects\markdown editor\test\integration\user-interaction\content\source-view-prefix-edit.spec.js:51:12)
        at C:\Users\Mike\Documents\Git\projects\markdown editor\test\integration\user-interaction\content\source-view-prefix-edit.spec.js:261:11

    attachment #1: screenshot (image/png) ──────────────────────────────────────────────────────────
    test-results\user-interaction-content-s-411b0-t-prefix---insert-in-prefix-firefox\test-failed-1.png
    ────────────────────────────────────────────────────────────────────────────────────────────────

    Error Context: test-results\user-interaction-content-s-411b0-t-prefix---insert-in-prefix-firefox\error-context.md

  103) [firefox] › test\integration\user-interaction\content\source-view-prefix-edit.spec.js:271:3 › Unordered list prefix (- ) › delete in prefix

    Error: page.evaluate: Error: no element matching .md-list-item
        at eval (eval at evaluate (:290:30), <anonymous>:7:23)
        at UtilityScript.evaluate (<anonymous>:292:16)
        at UtilityScript.<anonymous> (<anonymous>:1:44)
        at eval (eval at evaluate (:290:30), <anonymous>:7:23)
        at UtilityScript.evaluate (<anonymous>:292:16)
        at UtilityScript.<anonymous> (<anonymous>:1:44)
        at setCursorInPrefix (C:\Users\Mike\Documents\Git\projects\markdown editor\test\integration\user-interaction\content\source-view-prefix-edit.spec.js:51:12)
        at C:\Users\Mike\Documents\Git\projects\markdown editor\test\integration\user-interaction\content\source-view-prefix-edit.spec.js:275:11

    attachment #1: screenshot (image/png) ──────────────────────────────────────────────────────────
    test-results\user-interaction-content-s-a9035-t-prefix---delete-in-prefix-firefox\test-failed-1.png
    ────────────────────────────────────────────────────────────────────────────────────────────────

    Error Context: test-results\user-interaction-content-s-a9035-t-prefix---delete-in-prefix-firefox\error-context.md

  104) [firefox] › test\integration\user-interaction\content\source-view-prefix-edit.spec.js:285:3 › Unordered list prefix (- ) › backspace in prefix

    Error: page.evaluate: Error: no element matching .md-list-item
        at eval (eval at evaluate (:290:30), <anonymous>:7:23)
        at UtilityScript.evaluate (<anonymous>:292:16)
        at UtilityScript.<anonymous> (<anonymous>:1:44)
        at eval (eval at evaluate (:290:30), <anonymous>:7:23)
        at UtilityScript.evaluate (<anonymous>:292:16)
        at UtilityScript.<anonymous> (<anonymous>:1:44)
        at setCursorInPrefix (C:\Users\Mike\Documents\Git\projects\markdown editor\test\integration\user-interaction\content\source-view-prefix-edit.spec.js:51:12)
        at C:\Users\Mike\Documents\Git\projects\markdown editor\test\integration\user-interaction\content\source-view-prefix-edit.spec.js:289:11

    attachment #1: screenshot (image/png) ──────────────────────────────────────────────────────────
    test-results\user-interaction-content-s-786fc-refix---backspace-in-prefix-firefox\test-failed-1.png
    ────────────────────────────────────────────────────────────────────────────────────────────────

    Error Context: test-results\user-interaction-content-s-786fc-refix---backspace-in-prefix-firefox\error-context.md

  105) [firefox] › test\integration\user-interaction\content\source-view-prefix-edit.spec.js:301:3 › Ordered list prefix (1. ) › insert in prefix

    Error: page.evaluate: Error: no element matching .md-list-item
        at eval (eval at evaluate (:290:30), <anonymous>:7:23)
        at UtilityScript.evaluate (<anonymous>:292:16)
        at UtilityScript.<anonymous> (<anonymous>:1:44)
        at eval (eval at evaluate (:290:30), <anonymous>:7:23)
        at UtilityScript.evaluate (<anonymous>:292:16)
        at UtilityScript.<anonymous> (<anonymous>:1:44)
        at setCursorInPrefix (C:\Users\Mike\Documents\Git\projects\markdown editor\test\integration\user-interaction\content\source-view-prefix-edit.spec.js:51:12)
        at C:\Users\Mike\Documents\Git\projects\markdown editor\test\integration\user-interaction\content\source-view-prefix-edit.spec.js:305:11

    attachment #1: screenshot (image/png) ──────────────────────────────────────────────────────────
    test-results\user-interaction-content-s-d7d7d-t-prefix-1-insert-in-prefix-firefox\test-failed-1.png
    ────────────────────────────────────────────────────────────────────────────────────────────────

    Error Context: test-results\user-interaction-content-s-d7d7d-t-prefix-1-insert-in-prefix-firefox\error-context.md

  106) [firefox] › test\integration\user-interaction\content\source-view-prefix-edit.spec.js:315:3 › Ordered list prefix (1. ) › delete in prefix

    Error: page.evaluate: Error: no element matching .md-list-item
        at eval (eval at evaluate (:290:30), <anonymous>:7:23)
        at UtilityScript.evaluate (<anonymous>:292:16)
        at UtilityScript.<anonymous> (<anonymous>:1:44)
        at eval (eval at evaluate (:290:30), <anonymous>:7:23)
        at UtilityScript.evaluate (<anonymous>:292:16)
        at UtilityScript.<anonymous> (<anonymous>:1:44)
        at setCursorInPrefix (C:\Users\Mike\Documents\Git\projects\markdown editor\test\integration\user-interaction\content\source-view-prefix-edit.spec.js:51:12)
        at C:\Users\Mike\Documents\Git\projects\markdown editor\test\integration\user-interaction\content\source-view-prefix-edit.spec.js:319:11

    attachment #1: screenshot (image/png) ──────────────────────────────────────────────────────────
    test-results\user-interaction-content-s-a442c-t-prefix-1-delete-in-prefix-firefox\test-failed-1.png
    ────────────────────────────────────────────────────────────────────────────────────────────────

    Error Context: test-results\user-interaction-content-s-a442c-t-prefix-1-delete-in-prefix-firefox\error-context.md

  107) [firefox] › test\integration\user-interaction\content\source-view-prefix-edit.spec.js:329:3 › Ordered list prefix (1. ) › backspace in prefix

    Error: page.evaluate: Error: no element matching .md-list-item
        at eval (eval at evaluate (:290:30), <anonymous>:7:23)
        at UtilityScript.evaluate (<anonymous>:292:16)
        at UtilityScript.<anonymous> (<anonymous>:1:44)
        at eval (eval at evaluate (:290:30), <anonymous>:7:23)
        at UtilityScript.evaluate (<anonymous>:292:16)
        at UtilityScript.<anonymous> (<anonymous>:1:44)
        at setCursorInPrefix (C:\Users\Mike\Documents\Git\projects\markdown editor\test\integration\user-interaction\content\source-view-prefix-edit.spec.js:51:12)
        at C:\Users\Mike\Documents\Git\projects\markdown editor\test\integration\user-interaction\content\source-view-prefix-edit.spec.js:333:11

    attachment #1: screenshot (image/png) ──────────────────────────────────────────────────────────
    test-results\user-interaction-content-s-fd47b-refix-1-backspace-in-prefix-firefox\test-failed-1.png
    ────────────────────────────────────────────────────────────────────────────────────────────────

    Error Context: test-results\user-interaction-content-s-fd47b-refix-1-backspace-in-prefix-firefox\error-context.md

  108) [firefox] › test\integration\user-interaction\content\source-view-prefix-edit.spec.js:345:3 › Checklist prefix (- [ ] ) › insert in prefix

    Error: page.evaluate: Error: no element matching .md-list-item
        at eval (eval at evaluate (:290:30), <anonymous>:7:23)
        at UtilityScript.evaluate (<anonymous>:292:16)
        at UtilityScript.<anonymous> (<anonymous>:1:44)
        at eval (eval at evaluate (:290:30), <anonymous>:7:23)
        at UtilityScript.evaluate (<anonymous>:292:16)
        at UtilityScript.<anonymous> (<anonymous>:1:44)
        at setCursorInPrefix (C:\Users\Mike\Documents\Git\projects\markdown editor\test\integration\user-interaction\content\source-view-prefix-edit.spec.js:51:12)
        at C:\Users\Mike\Documents\Git\projects\markdown editor\test\integration\user-interaction\content\source-view-prefix-edit.spec.js:350:11

    attachment #1: screenshot (image/png) ──────────────────────────────────────────────────────────
    test-results\user-interaction-content-s-98e38-t-prefix---insert-in-prefix-firefox\test-failed-1.png
    ────────────────────────────────────────────────────────────────────────────────────────────────

    Error Context: test-results\user-interaction-content-s-98e38-t-prefix---insert-in-prefix-firefox\error-context.md

  109) [firefox] › test\integration\user-interaction\content\source-view-prefix-edit.spec.js:360:3 › Checklist prefix (- [ ] ) › delete in prefix

    Error: page.evaluate: Error: no element matching .md-list-item
        at eval (eval at evaluate (:290:30), <anonymous>:7:23)
        at UtilityScript.evaluate (<anonymous>:292:16)
        at UtilityScript.<anonymous> (<anonymous>:1:44)
        at eval (eval at evaluate (:290:30), <anonymous>:7:23)
        at UtilityScript.evaluate (<anonymous>:292:16)
        at UtilityScript.<anonymous> (<anonymous>:1:44)
        at setCursorInPrefix (C:\Users\Mike\Documents\Git\projects\markdown editor\test\integration\user-interaction\content\source-view-prefix-edit.spec.js:51:12)
        at C:\Users\Mike\Documents\Git\projects\markdown editor\test\integration\user-interaction\content\source-view-prefix-edit.spec.js:365:11

    attachment #1: screenshot (image/png) ──────────────────────────────────────────────────────────
    test-results\user-interaction-content-s-eabe7-t-prefix---delete-in-prefix-firefox\test-failed-1.png
    ────────────────────────────────────────────────────────────────────────────────────────────────

    Error Context: test-results\user-interaction-content-s-eabe7-t-prefix---delete-in-prefix-firefox\error-context.md

  110) [firefox] › test\integration\user-interaction\content\source-view-prefix-edit.spec.js:375:3 › Checklist prefix (- [ ] ) › backspace in prefix

    Error: page.evaluate: Error: no element matching .md-list-item
        at eval (eval at evaluate (:290:30), <anonymous>:7:23)
        at UtilityScript.evaluate (<anonymous>:292:16)
        at UtilityScript.<anonymous> (<anonymous>:1:44)
        at eval (eval at evaluate (:290:30), <anonymous>:7:23)
        at UtilityScript.evaluate (<anonymous>:292:16)
        at UtilityScript.<anonymous> (<anonymous>:1:44)
        at setCursorInPrefix (C:\Users\Mike\Documents\Git\projects\markdown editor\test\integration\user-interaction\content\source-view-prefix-edit.spec.js:51:12)
        at C:\Users\Mike\Documents\Git\projects\markdown editor\test\integration\user-interaction\content\source-view-prefix-edit.spec.js:380:11

    attachment #1: screenshot (image/png) ──────────────────────────────────────────────────────────
    test-results\user-interaction-content-s-b16ed-refix---backspace-in-prefix-firefox\test-failed-1.png
    ────────────────────────────────────────────────────────────────────────────────────────────────

    Error Context: test-results\user-interaction-content-s-b16ed-refix---backspace-in-prefix-firefox\error-context.md

  111) [firefox] › test\integration\user-interaction\content\source-view-prefix-edit.spec.js:392:3 › Code fence — three ticks, no language › insert on opening fence

    Error: page.evaluate: Error: no .md-code-block .md-content found
        at eval (eval at evaluate (:290:30), <anonymous>:6:28)
        at UtilityScript.evaluate (<anonymous>:292:16)
        at UtilityScript.<anonymous> (<anonymous>:1:44)
        at eval (eval at evaluate (:290:30), <anonymous>:6:28)
        at UtilityScript.evaluate (<anonymous>:292:16)
        at UtilityScript.<anonymous> (<anonymous>:1:44)
        at setCursorInCodeBlock (C:\Users\Mike\Documents\Git\projects\markdown editor\test\integration\user-interaction\content\source-view-prefix-edit.spec.js:90:12)
        at C:\Users\Mike\Documents\Git\projects\markdown editor\test\integration\user-interaction\content\source-view-prefix-edit.spec.js:397:11

    attachment #1: screenshot (image/png) ──────────────────────────────────────────────────────────
    test-results\user-interaction-content-s-f9b1c-age-insert-on-opening-fence-firefox\test-failed-1.png
    ────────────────────────────────────────────────────────────────────────────────────────────────

    Error Context: test-results\user-interaction-content-s-f9b1c-age-insert-on-opening-fence-firefox\error-context.md

  112) [firefox] › test\integration\user-interaction\content\source-view-prefix-edit.spec.js:406:3 › Code fence — three ticks, no language › delete on opening fence

    Error: page.evaluate: Error: no .md-code-block .md-content found
        at eval (eval at evaluate (:290:30), <anonymous>:6:28)
        at UtilityScript.evaluate (<anonymous>:292:16)
        at UtilityScript.<anonymous> (<anonymous>:1:44)
        at eval (eval at evaluate (:290:30), <anonymous>:6:28)
        at UtilityScript.evaluate (<anonymous>:292:16)
        at UtilityScript.<anonymous> (<anonymous>:1:44)
        at setCursorInCodeBlock (C:\Users\Mike\Documents\Git\projects\markdown editor\test\integration\user-interaction\content\source-view-prefix-edit.spec.js:90:12)
        at C:\Users\Mike\Documents\Git\projects\markdown editor\test\integration\user-interaction\content\source-view-prefix-edit.spec.js:410:11

    attachment #1: screenshot (image/png) ──────────────────────────────────────────────────────────
    test-results\user-interaction-content-s-e86fa-age-delete-on-opening-fence-firefox\test-failed-1.png
    ────────────────────────────────────────────────────────────────────────────────────────────────

    Error Context: test-results\user-interaction-content-s-e86fa-age-delete-on-opening-fence-firefox\error-context.md

  113) [firefox] › test\integration\user-interaction\content\source-view-prefix-edit.spec.js:419:3 › Code fence — three ticks, no language › backspace on opening fence

    Error: page.evaluate: Error: no .md-code-block .md-content found
        at eval (eval at evaluate (:290:30), <anonymous>:6:28)
        at UtilityScript.evaluate (<anonymous>:292:16)
        at UtilityScript.<anonymous> (<anonymous>:1:44)
        at eval (eval at evaluate (:290:30), <anonymous>:6:28)
        at UtilityScript.evaluate (<anonymous>:292:16)
        at UtilityScript.<anonymous> (<anonymous>:1:44)
        at setCursorInCodeBlock (C:\Users\Mike\Documents\Git\projects\markdown editor\test\integration\user-interaction\content\source-view-prefix-edit.spec.js:90:12)
        at C:\Users\Mike\Documents\Git\projects\markdown editor\test\integration\user-interaction\content\source-view-prefix-edit.spec.js:423:11

    attachment #1: screenshot (image/png) ──────────────────────────────────────────────────────────
    test-results\user-interaction-content-s-b0bdd--backspace-on-opening-fence-firefox\test-failed-1.png
    ────────────────────────────────────────────────────────────────────────────────────────────────

    Error Context: test-results\user-interaction-content-s-b0bdd--backspace-on-opening-fence-firefox\error-context.md

  114) [firefox] › test\integration\user-interaction\content\source-view-prefix-edit.spec.js:434:3 › Code fence — three ticks, with language › insert in language tag

    Error: page.evaluate: Error: no .md-code-block .md-content found
        at eval (eval at evaluate (:290:30), <anonymous>:6:28)
        at UtilityScript.evaluate (<anonymous>:292:16)
        at UtilityScript.<anonymous> (<anonymous>:1:44)
        at eval (eval at evaluate (:290:30), <anonymous>:6:28)
        at UtilityScript.evaluate (<anonymous>:292:16)
        at UtilityScript.<anonymous> (<anonymous>:1:44)
        at setCursorInCodeBlock (C:\Users\Mike\Documents\Git\projects\markdown editor\test\integration\user-interaction\content\source-view-prefix-edit.spec.js:90:12)
        at C:\Users\Mike\Documents\Git\projects\markdown editor\test\integration\user-interaction\content\source-view-prefix-edit.spec.js:439:11

    attachment #1: screenshot (image/png) ──────────────────────────────────────────────────────────
    test-results\user-interaction-content-s-7e88c-uage-insert-in-language-tag-firefox\test-failed-1.png
    ────────────────────────────────────────────────────────────────────────────────────────────────

    Error Context: test-results\user-interaction-content-s-7e88c-uage-insert-in-language-tag-firefox\error-context.md

  115) [firefox] › test\integration\user-interaction\content\source-view-prefix-edit.spec.js:448:3 › Code fence — three ticks, with language › delete in language tag

    Error: page.evaluate: Error: no .md-code-block .md-content found
        at eval (eval at evaluate (:290:30), <anonymous>:6:28)
        at UtilityScript.evaluate (<anonymous>:292:16)
        at UtilityScript.<anonymous> (<anonymous>:1:44)
        at eval (eval at evaluate (:290:30), <anonymous>:6:28)
        at UtilityScript.evaluate (<anonymous>:292:16)
        at UtilityScript.<anonymous> (<anonymous>:1:44)
        at setCursorInCodeBlock (C:\Users\Mike\Documents\Git\projects\markdown editor\test\integration\user-interaction\content\source-view-prefix-edit.spec.js:90:12)
        at C:\Users\Mike\Documents\Git\projects\markdown editor\test\integration\user-interaction\content\source-view-prefix-edit.spec.js:453:11

    attachment #1: screenshot (image/png) ──────────────────────────────────────────────────────────
    test-results\user-interaction-content-s-ecc00-uage-delete-in-language-tag-firefox\test-failed-1.png
    ────────────────────────────────────────────────────────────────────────────────────────────────

    Error Context: test-results\user-interaction-content-s-ecc00-uage-delete-in-language-tag-firefox\error-context.md

  116) [firefox] › test\integration\user-interaction\content\source-view-prefix-edit.spec.js:462:3 › Code fence — three ticks, with language › backspace in language tag

    Error: page.evaluate: Error: no .md-code-block .md-content found
        at eval (eval at evaluate (:290:30), <anonymous>:6:28)
        at UtilityScript.evaluate (<anonymous>:292:16)
        at UtilityScript.<anonymous> (<anonymous>:1:44)
        at eval (eval at evaluate (:290:30), <anonymous>:6:28)
        at UtilityScript.evaluate (<anonymous>:292:16)
        at UtilityScript.<anonymous> (<anonymous>:1:44)
        at setCursorInCodeBlock (C:\Users\Mike\Documents\Git\projects\markdown editor\test\integration\user-interaction\content\source-view-prefix-edit.spec.js:90:12)
        at C:\Users\Mike\Documents\Git\projects\markdown editor\test\integration\user-interaction\content\source-view-prefix-edit.spec.js:467:11

    attachment #1: screenshot (image/png) ──────────────────────────────────────────────────────────
    test-results\user-interaction-content-s-e6d2d-e-backspace-in-language-tag-firefox\test-failed-1.png
    ────────────────────────────────────────────────────────────────────────────────────────────────

    Error Context: test-results\user-interaction-content-s-e6d2d-e-backspace-in-language-tag-firefox\error-context.md

  117) [firefox] › test\integration\user-interaction\content\source-view-prefix-edit.spec.js:478:3 › Code fence — eight ticks, no language › insert on opening fence

    Error: page.evaluate: Error: no .md-code-block .md-content found
        at eval (eval at evaluate (:290:30), <anonymous>:6:28)
        at UtilityScript.evaluate (<anonymous>:292:16)
        at UtilityScript.<anonymous> (<anonymous>:1:44)
        at eval (eval at evaluate (:290:30), <anonymous>:6:28)
        at UtilityScript.evaluate (<anonymous>:292:16)
        at UtilityScript.<anonymous> (<anonymous>:1:44)
        at setCursorInCodeBlock (C:\Users\Mike\Documents\Git\projects\markdown editor\test\integration\user-interaction\content\source-view-prefix-edit.spec.js:90:12)
        at C:\Users\Mike\Documents\Git\projects\markdown editor\test\integration\user-interaction\content\source-view-prefix-edit.spec.js:483:11

    attachment #1: screenshot (image/png) ──────────────────────────────────────────────────────────
    test-results\user-interaction-content-s-e5320-age-insert-on-opening-fence-firefox\test-failed-1.png
    ────────────────────────────────────────────────────────────────────────────────────────────────

    Error Context: test-results\user-interaction-content-s-e5320-age-insert-on-opening-fence-firefox\error-context.md

  118) [firefox] › test\integration\user-interaction\content\source-view-prefix-edit.spec.js:494:3 › Code fence — eight ticks, no language › delete on opening fence

    Error: page.evaluate: Error: no .md-code-block .md-content found
        at eval (eval at evaluate (:290:30), <anonymous>:6:28)
        at UtilityScript.evaluate (<anonymous>:292:16)
        at UtilityScript.<anonymous> (<anonymous>:1:44)
        at eval (eval at evaluate (:290:30), <anonymous>:6:28)
        at UtilityScript.evaluate (<anonymous>:292:16)
        at UtilityScript.<anonymous> (<anonymous>:1:44)
        at setCursorInCodeBlock (C:\Users\Mike\Documents\Git\projects\markdown editor\test\integration\user-interaction\content\source-view-prefix-edit.spec.js:90:12)
        at C:\Users\Mike\Documents\Git\projects\markdown editor\test\integration\user-interaction\content\source-view-prefix-edit.spec.js:499:11

    attachment #1: screenshot (image/png) ──────────────────────────────────────────────────────────
    test-results\user-interaction-content-s-e2dbc-age-delete-on-opening-fence-firefox\test-failed-1.png
    ────────────────────────────────────────────────────────────────────────────────────────────────

    Error Context: test-results\user-interaction-content-s-e2dbc-age-delete-on-opening-fence-firefox\error-context.md

  119) [firefox] › test\integration\user-interaction\content\source-view-prefix-edit.spec.js:509:3 › Code fence — eight ticks, no language › backspace on opening fence

    Error: page.evaluate: Error: no .md-code-block .md-content found
        at eval (eval at evaluate (:290:30), <anonymous>:6:28)
        at UtilityScript.evaluate (<anonymous>:292:16)
        at UtilityScript.<anonymous> (<anonymous>:1:44)
        at eval (eval at evaluate (:290:30), <anonymous>:6:28)
        at UtilityScript.evaluate (<anonymous>:292:16)
        at UtilityScript.<anonymous> (<anonymous>:1:44)
        at setCursorInCodeBlock (C:\Users\Mike\Documents\Git\projects\markdown editor\test\integration\user-interaction\content\source-view-prefix-edit.spec.js:90:12)
        at C:\Users\Mike\Documents\Git\projects\markdown editor\test\integration\user-interaction\content\source-view-prefix-edit.spec.js:514:11

    attachment #1: screenshot (image/png) ──────────────────────────────────────────────────────────
    test-results\user-interaction-content-s-b69cd--backspace-on-opening-fence-firefox\test-failed-1.png
    ────────────────────────────────────────────────────────────────────────────────────────────────

    Error Context: test-results\user-interaction-content-s-b69cd--backspace-on-opening-fence-firefox\error-context.md

  120) [firefox] › test\integration\user-interaction\content\source-view-prefix-edit.spec.js:525:3 › Code fence — eight ticks, with language › insert in language tag

    Error: page.evaluate: Error: no .md-code-block .md-content found
        at eval (eval at evaluate (:290:30), <anonymous>:6:28)
        at UtilityScript.evaluate (<anonymous>:292:16)
        at UtilityScript.<anonymous> (<anonymous>:1:44)
        at eval (eval at evaluate (:290:30), <anonymous>:6:28)
        at UtilityScript.evaluate (<anonymous>:292:16)
        at UtilityScript.<anonymous> (<anonymous>:1:44)
        at setCursorInCodeBlock (C:\Users\Mike\Documents\Git\projects\markdown editor\test\integration\user-interaction\content\source-view-prefix-edit.spec.js:90:12)
        at C:\Users\Mike\Documents\Git\projects\markdown editor\test\integration\user-interaction\content\source-view-prefix-edit.spec.js:531:11

    attachment #1: screenshot (image/png) ──────────────────────────────────────────────────────────
    test-results\user-interaction-content-s-78100-uage-insert-in-language-tag-firefox\test-failed-1.png
    ────────────────────────────────────────────────────────────────────────────────────────────────

    Error Context: test-results\user-interaction-content-s-78100-uage-insert-in-language-tag-firefox\error-context.md

  121) [firefox] › test\integration\user-interaction\content\source-view-prefix-edit.spec.js:540:3 › Code fence — eight ticks, with language › delete in language tag

    Error: page.evaluate: Error: no .md-code-block .md-content found
        at eval (eval at evaluate (:290:30), <anonymous>:6:28)
        at UtilityScript.evaluate (<anonymous>:292:16)
        at UtilityScript.<anonymous> (<anonymous>:1:44)
        at eval (eval at evaluate (:290:30), <anonymous>:6:28)
        at UtilityScript.evaluate (<anonymous>:292:16)
        at UtilityScript.<anonymous> (<anonymous>:1:44)
        at setCursorInCodeBlock (C:\Users\Mike\Documents\Git\projects\markdown editor\test\integration\user-interaction\content\source-view-prefix-edit.spec.js:90:12)
        at C:\Users\Mike\Documents\Git\projects\markdown editor\test\integration\user-interaction\content\source-view-prefix-edit.spec.js:545:11

    attachment #1: screenshot (image/png) ──────────────────────────────────────────────────────────
    test-results\user-interaction-content-s-3b375-uage-delete-in-language-tag-firefox\test-failed-1.png
    ────────────────────────────────────────────────────────────────────────────────────────────────

    Error Context: test-results\user-interaction-content-s-3b375-uage-delete-in-language-tag-firefox\error-context.md

  122) [firefox] › test\integration\user-interaction\content\source-view-prefix-edit.spec.js:554:3 › Code fence — eight ticks, with language › backspace in language tag

    Error: page.evaluate: Error: no .md-code-block .md-content found
        at eval (eval at evaluate (:290:30), <anonymous>:6:28)
        at UtilityScript.evaluate (<anonymous>:292:16)
        at UtilityScript.<anonymous> (<anonymous>:1:44)
        at eval (eval at evaluate (:290:30), <anonymous>:6:28)
        at UtilityScript.evaluate (<anonymous>:292:16)
        at UtilityScript.<anonymous> (<anonymous>:1:44)
        at setCursorInCodeBlock (C:\Users\Mike\Documents\Git\projects\markdown editor\test\integration\user-interaction\content\source-view-prefix-edit.spec.js:90:12)
        at C:\Users\Mike\Documents\Git\projects\markdown editor\test\integration\user-interaction\content\source-view-prefix-edit.spec.js:559:11

    attachment #1: screenshot (image/png) ──────────────────────────────────────────────────────────
    test-results\user-interaction-content-s-9a827-e-backspace-in-language-tag-firefox\test-failed-1.png
    ────────────────────────────────────────────────────────────────────────────────────────────────

    Error Context: test-results\user-interaction-content-s-9a827-e-backspace-in-language-tag-firefox\error-context.md

  123) [firefox] › test\integration\user-interaction\content\source-view-summary-edit.spec.js:42:1 › typing a character on the summary line in source view inserts it without rewriting the line

    Error: should have exactly one summary line before edit

    expect(received).toBe(expected) // Object.is equality

    Expected: 1
    Received: 0

      60 |   const summaryLine = page.locator(`#editor [data-node-id].md-paragraph:has(.md-html-tag)`);
      61 |   const lineCountBefore = await summaryLine.count();
    > 62 |   expect(lineCountBefore, `should have exactly one summary line before edit`).toBe(1);
         |                                                                               ^
      63 |
      64 |   const textBefore = await summaryLine.innerText();
      65 |   expect(textBefore).toContain(`<summary>`);
        at C:\Users\Mike\Documents\Git\projects\markdown editor\test\integration\user-interaction\content\source-view-summary-edit.spec.js:62:79

    attachment #1: screenshot (image/png) ──────────────────────────────────────────────────────────
    test-results\user-interaction-content-s-8faae--without-rewriting-the-line-firefox\test-failed-1.png
    ────────────────────────────────────────────────────────────────────────────────────────────────

    Error Context: test-results\user-interaction-content-s-8faae--without-rewriting-the-line-firefox\error-context.md

  124) [firefox] › test\integration\user-interaction\interaction\click-outside-defocus.spec.js:122:1 › defocus is a no-op in source view

    Test timeout of 5000ms exceeded.

    Error: locator.boundingBox: Target page, context or browser has been closed
    Call log:
      - waiting for locator('#editor [data-node-id]').first()


       at test-utils.js:144

      142 |  */
      143 | export async function clickInEditor(page, locator) {
    > 144 |   const box = await locator.boundingBox();
          |                             ^
      145 |   if (!box) throw new Error(`clickInEditor: element not visible`);
      146 |   await page.mouse.click(box.x + box.width / 2, box.y + box.height / 2);
      147 | }
        at clickInEditor (C:\Users\Mike\Documents\Git\projects\markdown editor\test\integration\test-utils.js:144:29)
        at C:\Users\Mike\Documents\Git\projects\markdown editor\test\integration\user-interaction\interaction\click-outside-defocus.spec.js:129:9

    attachment #1: screenshot (image/png) ──────────────────────────────────────────────────────────
    test-results\user-interaction-interacti-14cff-s-is-a-no-op-in-source-view-firefox\test-failed-1.png
    ────────────────────────────────────────────────────────────────────────────────────────────────

    Error Context: test-results\user-interaction-interacti-14cff-s-is-a-no-op-in-source-view-firefox\error-context.md

  125) [firefox] › test\integration\user-interaction\interaction\cursor-sync.spec.js:47:1 › cursors sync after typing text

    Test timeout of 5000ms exceeded.

    Error: page.waitForSelector: Target page, context or browser has been closed
    Call log:
      - waiting for locator('#editor [data-node-id]') to be visible


       at test-utils.js:109

      107 |   }, fixtureContent);
      108 |   // Wait for the editor to re-render.
    > 109 |   await page.waitForSelector(`#editor [data-node-id]`);
          |              ^
      110 | }
      111 |
      112 | /**
        at loadContent (C:\Users\Mike\Documents\Git\projects\markdown editor\test\integration\test-utils.js:109:14)
        at C:\Users\Mike\Documents\Git\projects\markdown editor\test\integration\user-interaction\interaction\cursor-sync.spec.js:48:3

    attachment #1: screenshot (image/png) ──────────────────────────────────────────────────────────
    test-results\user-interaction-interacti-13496-sors-sync-after-typing-text-firefox\test-failed-1.png
    ────────────────────────────────────────────────────────────────────────────────────────────────

    Error Context: test-results\user-interaction-interacti-13496-sors-sync-after-typing-text-firefox\error-context.md

  126) [firefox] › test\integration\user-interaction\interaction\cursor-sync.spec.js:79:1 › cursors sync after backspace

    Test timeout of 5000ms exceeded.

    Error: page.waitForSelector: Target page, context or browser has been closed
    Call log:
      - waiting for locator('#editor [data-node-id]') to be visible


       at test-utils.js:109

      107 |   }, fixtureContent);
      108 |   // Wait for the editor to re-render.
    > 109 |   await page.waitForSelector(`#editor [data-node-id]`);
          |              ^
      110 | }
      111 |
      112 | /**
        at loadContent (C:\Users\Mike\Documents\Git\projects\markdown editor\test\integration\test-utils.js:109:14)
        at C:\Users\Mike\Documents\Git\projects\markdown editor\test\integration\user-interaction\interaction\cursor-sync.spec.js:80:3

    attachment #1: screenshot (image/png) ──────────────────────────────────────────────────────────
    test-results\user-interaction-interacti-37b3f-ursors-sync-after-backspace-firefox\test-failed-1.png
    ────────────────────────────────────────────────────────────────────────────────────────────────

    Error Context: test-results\user-interaction-interacti-37b3f-ursors-sync-after-backspace-firefox\error-context.md

  127) [firefox] › test\integration\user-interaction\interaction\cursor-sync.spec.js:115:1 › cursors sync after Enter splits a paragraph

    Test timeout of 5000ms exceeded.

    Error: page.waitForSelector: Target page, context or browser has been closed
    Call log:
      - waiting for locator('#editor [data-node-id]') to be visible


       at test-utils.js:109

      107 |   }, fixtureContent);
      108 |   // Wait for the editor to re-render.
    > 109 |   await page.waitForSelector(`#editor [data-node-id]`);
          |              ^
      110 | }
      111 |
      112 | /**
        at loadContent (C:\Users\Mike\Documents\Git\projects\markdown editor\test\integration\test-utils.js:109:14)
        at C:\Users\Mike\Documents\Git\projects\markdown editor\test\integration\user-interaction\interaction\cursor-sync.spec.js:116:3

    attachment #1: screenshot (image/png) ──────────────────────────────────────────────────────────
    test-results\user-interaction-interacti-2fc12-er-Enter-splits-a-paragraph-firefox\test-failed-1.png
    ────────────────────────────────────────────────────────────────────────────────────────────────

    Error Context: test-results\user-interaction-interacti-2fc12-er-Enter-splits-a-paragraph-firefox\error-context.md

  128) [firefox] › test\integration\user-interaction\interaction\cursor-sync.spec.js:136:1 › cursors sync after backspace merges paragraphs

    Test timeout of 5000ms exceeded.

    Error: locator.boundingBox: Target page, context or browser has been closed
    Call log:
      - waiting for locator('#editor').locator('[data-node-id]:nth-child(2)')


       at test-utils.js:144

      142 |  */
      143 | export async function clickInEditor(page, locator) {
    > 144 |   const box = await locator.boundingBox();
          |                             ^
      145 |   if (!box) throw new Error(`clickInEditor: element not visible`);
      146 |   await page.mouse.click(box.x + box.width / 2, box.y + box.height / 2);
      147 | }
        at clickInEditor (C:\Users\Mike\Documents\Git\projects\markdown editor\test\integration\test-utils.js:144:29)
        at C:\Users\Mike\Documents\Git\projects\markdown editor\test\integration\user-interaction\interaction\cursor-sync.spec.js:145:9

    attachment #1: screenshot (image/png) ──────────────────────────────────────────────────────────
    test-results\user-interaction-interacti-47dcc-backspace-merges-paragraphs-firefox\test-failed-1.png
    ────────────────────────────────────────────────────────────────────────────────────────────────

    Error Context: test-results\user-interaction-interacti-47dcc-backspace-merges-paragraphs-firefox\error-context.md

  129) [firefox] › test\integration\user-interaction\interaction\cursor-sync.spec.js:157:1 › cursors sync after clicking a different node

    Test timeout of 5000ms exceeded.

    Error: locator.boundingBox: Target page, context or browser has been closed
    Call log:
      - waiting for locator('#editor .md-heading1')


       at test-utils.js:144

      142 |  */
      143 | export async function clickInEditor(page, locator) {
    > 144 |   const box = await locator.boundingBox();
          |                             ^
      145 |   if (!box) throw new Error(`clickInEditor: element not visible`);
      146 |   await page.mouse.click(box.x + box.width / 2, box.y + box.height / 2);
      147 | }
        at clickInEditor (C:\Users\Mike\Documents\Git\projects\markdown editor\test\integration\test-utils.js:144:29)
        at C:\Users\Mike\Documents\Git\projects\markdown editor\test\integration\user-interaction\interaction\cursor-sync.spec.js:163:9

    attachment #1: screenshot (image/png) ──────────────────────────────────────────────────────────
    test-results\user-interaction-interacti-ebe31-r-clicking-a-different-node-firefox\test-failed-1.png
    ────────────────────────────────────────────────────────────────────────────────────────────────

    Error Context: test-results\user-interaction-interacti-ebe31-r-clicking-a-different-node-firefox\error-context.md

  130) [firefox] › test\integration\user-interaction\interaction\cursor-sync.spec.js:238:1 › cursors sync after creating and exiting a list item

    Test timeout of 5000ms exceeded.

    Error: page.waitForSelector: Target page, context or browser has been closed
    Call log:
      - waiting for locator('#editor [data-node-id]') to be visible


       at test-utils.js:109

      107 |   }, fixtureContent);
      108 |   // Wait for the editor to re-render.
    > 109 |   await page.waitForSelector(`#editor [data-node-id]`);
          |              ^
      110 | }
      111 |
      112 | /**
        at loadContent (C:\Users\Mike\Documents\Git\projects\markdown editor\test\integration\test-utils.js:109:14)
        at C:\Users\Mike\Documents\Git\projects\markdown editor\test\integration\user-interaction\interaction\cursor-sync.spec.js:239:3

    attachment #1: screenshot (image/png) ──────────────────────────────────────────────────────────
    test-results\user-interaction-interacti-6d91f-ing-and-exiting-a-list-item-firefox\test-failed-1.png
    ────────────────────────────────────────────────────────────────────────────────────────────────

    Error Context: test-results\user-interaction-interacti-6d91f-ing-and-exiting-a-list-item-firefox\error-context.md

  131) [firefox] › test\integration\user-interaction\interaction\cursor-sync.spec.js:290:1 › treeCursor persists after blur in writing view

    Test timeout of 5000ms exceeded.

    Error: page.waitForSelector: Target page, context or browser has been closed
    Call log:
      - waiting for locator('#editor [data-node-id]') to be visible


       at test-utils.js:109

      107 |   }, fixtureContent);
      108 |   // Wait for the editor to re-render.
    > 109 |   await page.waitForSelector(`#editor [data-node-id]`);
          |              ^
      110 | }
      111 |
      112 | /**
        at loadContent (C:\Users\Mike\Documents\Git\projects\markdown editor\test\integration\test-utils.js:109:14)
        at C:\Users\Mike\Documents\Git\projects\markdown editor\test\integration\user-interaction\interaction\cursor-sync.spec.js:291:3

    attachment #1: screenshot (image/png) ──────────────────────────────────────────────────────────
    test-results\user-interaction-interacti-84029--after-blur-in-writing-view-firefox\test-failed-1.png
    ────────────────────────────────────────────────────────────────────────────────────────────────

    Error Context: test-results\user-interaction-interacti-84029--after-blur-in-writing-view-firefox\error-context.md

  132) [firefox] › test\integration\user-interaction\interaction\paste.spec.js:61:3 › Paste in source view › single-line paste inserts text at cursor

    Test timeout of 5000ms exceeded.

    Error: locator.boundingBox: Target page, context or browser has been closed
    Call log:
      - waiting for locator('#editor [data-node-id]').first()


       at test-utils.js:144

      142 |  */
      143 | export async function clickInEditor(page, locator) {
    > 144 |   const box = await locator.boundingBox();
          |                             ^
      145 |   if (!box) throw new Error(`clickInEditor: element not visible`);
      146 |   await page.mouse.click(box.x + box.width / 2, box.y + box.height / 2);
      147 | }
        at clickInEditor (C:\Users\Mike\Documents\Git\projects\markdown editor\test\integration\test-utils.js:144:29)
        at C:\Users\Mike\Documents\Git\projects\markdown editor\test\integration\user-interaction\interaction\paste.spec.js:66:11

    attachment #1: screenshot (image/png) ──────────────────────────────────────────────────────────
    test-results\user-interaction-interacti-1d795-aste-inserts-text-at-cursor-firefox\test-failed-1.png
    ────────────────────────────────────────────────────────────────────────────────────────────────

    Error Context: test-results\user-interaction-interacti-1d795-aste-inserts-text-at-cursor-firefox\error-context.md

  133) [firefox] › test\integration\user-interaction\interaction\range-handling.spec.js:443:3 › Writing-view copy › cross-node copy produces markdown with block prefixes

    "afterAll" hook timeout of 5000ms exceeded.

      20 | });
      21 |
    > 22 | test.afterAll(async () => {
         |      ^
      23 |   await stopServer(server);
      24 | });
      25 |
        at C:\Users\Mike\Documents\Git\projects\markdown editor\test\integration\user-interaction\interaction\range-handling.spec.js:22:6

  133 failed
    [firefox] › test\integration\app-functionality\app\search.spec.js:104:1 › plain text search highlights matches in source view
    [firefox] › test\integration\app-functionality\app\search.spec.js:127:1 › plain text search is case insensitive by default
    [firefox] › test\integration\app-functionality\app\search.spec.js:164:1 › regex search finds pattern matches
    [firefox] › test\integration\app-functionality\app\search.spec.js:218:1 › Shift+Enter navigates to previous match
    [firefox] › test\integration\app-functionality\app\search.spec.js:287:1 › source view search matches markdown syntax
    [firefox] › test\integration\app-functionality\app\search.spec.js:301:1 › highlights are removed when search bar closes
    [firefox] › test\integration\app-functionality\app\search.spec.js:342:1 › regex can match across element boundaries
    [firefox] › test\integration\app-functionality\app\search.spec.js:380:1 › regex search still works with single character
    [firefox] › test\integration\app-functionality\app\search.spec.js:397:1 › initial match is closest to cursor position
    [firefox] › test\integration\app-functionality\app\session-save.spec.js:151:1 › reopening the app restores cursor position and ToC heading
    [firefox] › test\integration\app-functionality\document\view-mode-dropdown.spec.js:95:1 › toggle stays in sync when view mode changes via menu
    [firefox] › test\integration\app-functionality\toolbar\bold-button.spec.js:124:3 › Problem 1 — bold first word, toggle off › bolding first word produces correct markdown
    [firefox] › test\integration\app-functionality\toolbar\bold-button.spec.js:137:3 › Problem 1 — bold first word, toggle off › toggling bold off restores plain text
    [firefox] › test\integration\app-functionality\toolbar\bold-button.spec.js:160:3 › Problem 2 — bold middle word, paragraph 1 › bolding middle word produces correct markdown
    [firefox] › test\integration\app-functionality\toolbar\bold-button.spec.js:173:3 › Problem 2 — bold middle word, paragraph 1 › toggling bold off middle word restores plain text
    [firefox] › test\integration\app-functionality\toolbar\bold-button.spec.js:194:3 › Problem 3 — bold first word, paragraph 2 › bolding first word of second paragraph produces correct markdown
    [firefox] › test\integration\app-functionality\toolbar\bold-button.spec.js:214:3 › Problem 4 — bold middle word, paragraph 2 › bolding middle word of second paragraph produces correct markdown
    [firefox] › test\integration\app-functionality\toolbar\bold-button.spec.js:367:3 › Collapsed cursor — bold word under caret › clicking bold with cursor on a plain word bolds that word
    [firefox] › test\integration\app-functionality\toolbar\bold-button.spec.js:382:3 › Collapsed cursor — bold word under caret › clicking bold with cursor inside bold text removes bold
    [firefox] › test\integration\app-functionality\toolbar\checklist.spec.js:40:1 › source view renders checklist prefix for unchecked item
    [firefox] › test\integration\app-functionality\toolbar\checklist.spec.js:49:1 › source view renders checklist prefix for checked item
    [firefox] › test\integration\app-functionality\toolbar\checklist.spec.js:76:1 › clicking checklist button converts paragraph to checklist item
    [firefox] › test\integration\app-functionality\toolbar\checklist.spec.js:94:1 › clicking checklist button on checklist item toggles back to paragraph
    [firefox] › test\integration\app-functionality\toolbar\checklist.spec.js:112:1 › clicking bullet button on checklist item switches to bullet list
    [firefox] › test\integration\app-functionality\toolbar\checklist.spec.js:132:1 › clicking ordered button on checklist item switches to ordered list
    [firefox] › test\integration\app-functionality\toolbar\checklist.spec.js:150:1 › clicking checklist button on bullet list switches to checklist
    [firefox] › test\integration\app-functionality\toolbar\checklist.spec.js:168:1 › clicking checklist button on ordered list switches to checklist
    [firefox] › test\integration\app-functionality\toolbar\checklist.spec.js:186:1 › clicking checkbox in writing view toggles checked state
    [firefox] › test\integration\app-functionality\toolbar\checklist.spec.js:219:1 › Enter key in checklist item creates new unchecked checklist item
    [firefox] › test\integration\app-functionality\toolbar\checklist.spec.js:244:1 › Enter on empty checklist item exits to paragraph
    [firefox] › test\integration\app-functionality\toolbar\checklist.spec.js:266:1 › switching entire contiguous checklist run to bullet via toolbar
    [firefox] › test\integration\app-functionality\toolbar\checklist.spec.js:383:1 › multi-select across html-block converts all nodes to checklist after confirm
    [firefox] › test\integration\app-functionality\toolbar\checklist.spec.js:465:1 › typing x into checkbox brackets in source view checks the item
    [firefox] › test\integration\app-functionality\toolbar\italic-button.spec.js:114:3 › Italic first word, toggle off › italicizing first word produces correct markdown
    [firefox] › test\integration\app-functionality\toolbar\italic-button.spec.js:127:3 › Italic first word, toggle off › toggling italic off restores plain text
    [firefox] › test\integration\app-functionality\toolbar\italic-button.spec.js:146:3 › Italic middle word, paragraph 1 › italicizing middle word produces correct markdown
    [firefox] › test\integration\app-functionality\toolbar\italic-button.spec.js:159:3 › Italic middle word, paragraph 1 › toggling italic off middle word restores plain text
    [firefox] › test\integration\app-functionality\toolbar\italic-button.spec.js:178:3 › Italic first word, paragraph 2 › italicizing first word of second paragraph produces correct markdown
    [firefox] › test\integration\app-functionality\toolbar\italic-button.spec.js:195:3 › Italic middle word, paragraph 2 › italicizing middle word of second paragraph produces correct markdown
    [firefox] › test\integration\app-functionality\toolbar\italic-button.spec.js:337:3 › Collapsed cursor — italic word under caret › clicking italic with cursor on a plain word italicizes that word
    [firefox] › test\integration\app-functionality\toolbar\italic-button.spec.js:350:3 › Collapsed cursor — italic word under caret › clicking italic with cursor inside italic text removes italic
    [firefox] › test\integration\app-functionality\toolbar\list.spec.js:45:1 › clicking bullet list button converts paragraph to unordered list item
    [firefox] › test\integration\app-functionality\toolbar\list.spec.js:67:1 › clicking numbered list button converts paragraph to ordered list item
    [firefox] › test\integration\app-functionality\toolbar\list.spec.js:88:1 › clicking bullet list button on bullet list item toggles back to paragraph
    [firefox] › test\integration\app-functionality\toolbar\list.spec.js:107:1 › clicking numbered list button on bullet list item switches to ordered
    [firefox] › test\integration\app-functionality\toolbar\list.spec.js:126:1 › Enter key in a list item creates a new list item
    [firefox] › test\integration\app-functionality\toolbar\list.spec.js:155:1 › Enter on empty list item exits the list to a paragraph
    [firefox] › test\integration\app-functionality\toolbar\list.spec.js:177:1 › heading button on list item converts to heading
    [firefox] › test\integration\app-functionality\toolbar\list.spec.js:201:1 › Enter in ordered list creates item with incremented number
    [firefox] › test\integration\app-functionality\toolbar\list.spec.js:230:1 › source view: Enter between marker and content splits into empty item and new item
    [firefox] › test\integration\app-functionality\toolbar\list.spec.js:262:1 › toggling off a list item converts the entire contiguous list to paragraphs
    [firefox] › test\integration\app-functionality\toolbar\list.spec.js:286:1 › switching list type converts the entire contiguous list
    [firefox] › test\integration\app-functionality\toolbar\list.spec.js:310:1 › Enter on empty middle ordered item renumbers remaining items
    [firefox] › test\integration\app-functionality\toolbar\list.spec.js:335:1 › pasting multi-line markdown with list items creates correct nodes
    [firefox] › test\integration\app-functionality\toolbar\list.spec.js:372:1 › pasting multi-line markdown with CRLF line endings parses correctly
    [firefox] › test\integration\app-functionality\toolbar\strikethrough-button.spec.js:114:3 › Strikethrough first word, toggle off › strikethrough first word produces correct markdown
    [firefox] › test\integration\app-functionality\toolbar\strikethrough-button.spec.js:127:3 › Strikethrough first word, toggle off › toggling strikethrough off restores plain text
    [firefox] › test\integration\app-functionality\toolbar\strikethrough-button.spec.js:146:3 › Strikethrough middle word, paragraph 1 › strikethrough middle word produces correct markdown
    [firefox] › test\integration\app-functionality\toolbar\strikethrough-button.spec.js:159:3 › Strikethrough middle word, paragraph 1 › toggling strikethrough off middle word restores plain text
    [firefox] › test\integration\app-functionality\toolbar\strikethrough-button.spec.js:178:3 › Strikethrough first word, paragraph 2 › strikethrough first word of second paragraph produces correct markdown
    [firefox] › test\integration\app-functionality\toolbar\strikethrough-button.spec.js:195:3 › Strikethrough middle word, paragraph 2 › strikethrough middle word of second paragraph produces correct markdown
    [firefox] › test\integration\app-functionality\toolbar\strikethrough-button.spec.js:336:3 › Collapsed cursor — strikethrough word under caret › clicking strikethrough with cursor on a plain word applies strikethrough
    [firefox] › test\integration\app-functionality\toolbar\strikethrough-button.spec.js:349:3 › Collapsed cursor — strikethrough word under caret › clicking strikethrough with cursor inside struck-through text removes it
    [firefox] › test\integration\app-functionality\toolbar\subscript-button.spec.js:118:3 › Subscript first word, paragraph 1 › subscript first word produces correct markdown
    [firefox] › test\integration\app-functionality\toolbar\subscript-button.spec.js:133:3 › Subscript middle word, paragraph 1 › subscript middle word produces correct markdown
    [firefox] › test\integration\app-functionality\toolbar\subscript-button.spec.js:148:3 › Subscript first word, paragraph 2 › subscript first word of second paragraph produces correct markdown
    [firefox] › test\integration\app-functionality\toolbar\subscript-button.spec.js:165:3 › Subscript middle word, paragraph 2 › subscript middle word of second paragraph produces correct markdown
    [firefox] › test\integration\app-functionality\toolbar\subscript-button.spec.js:272:3 › Collapsed cursor — subscript word under caret › clicking subscript with cursor on a plain word applies subscript
    [firefox] › test\integration\app-functionality\toolbar\superscript-button.spec.js:118:3 › Superscript first word, paragraph 1 › superscript first word produces correct markdown
    [firefox] › test\integration\app-functionality\toolbar\superscript-button.spec.js:133:3 › Superscript middle word, paragraph 1 › superscript middle word produces correct markdown
    [firefox] › test\integration\app-functionality\toolbar\superscript-button.spec.js:148:3 › Superscript first word, paragraph 2 › superscript first word of second paragraph produces correct markdown
    [firefox] › test\integration\app-functionality\toolbar\superscript-button.spec.js:165:3 › Superscript middle word, paragraph 2 › superscript middle word of second paragraph produces correct markdown
    [firefox] › test\integration\app-functionality\toolbar\superscript-button.spec.js:272:3 › Collapsed cursor — superscript word under caret › clicking superscript with cursor on a plain word applies superscript
    [firefox] › test\integration\app-functionality\toolbar\toolbar-active.spec.js:268:1 › clicking bold button inside <strong> tag strips the tag
    [firefox] › test\integration\app-functionality\toolbar\toolbar-active.spec.js:282:1 › clicking bold button inside <b> tag strips the tag
    [firefox] › test\integration\app-functionality\toolbar\toolbar-active.spec.js:296:1 › clicking italic button inside <em> tag strips the tag
    [firefox] › test\integration\app-functionality\toolbar\toolbar-active.spec.js:310:1 › clicking italic button inside <i> tag strips the tag
    [firefox] › test\integration\app-functionality\toolbar\toolbar-active.spec.js:324:1 › clicking strikethrough button inside <del> tag strips the tag
    [firefox] › test\integration\app-functionality\toolbar\toolbar-active.spec.js:338:1 › clicking strikethrough button inside <s> tag strips the tag
    [firefox] › test\integration\user-interaction\content\code-block-enter.spec.js:148:3 › Code-block early conversion — source view › typing ``` + Enter creates an empty code block
    [firefox] › test\integration\user-interaction\content\code-block-enter.spec.js:166:3 › Code-block early conversion — source view › typing ```js + Enter creates a code block with language
    [firefox] › test\integration\user-interaction\content\code-block-enter.spec.js:184:3 › Code-block early conversion — source view › typing ```` + Enter creates a code block with fenceCount 4
    [firefox] › test\integration\user-interaction\content\code-block-enter.spec.js:202:3 › Code-block early conversion — source view › typing ``````js + Enter creates a code block with fenceCount 6 and language
    [firefox] › test\integration\user-interaction\content\code-block-enter.spec.js:220:3 › Code-block early conversion — source view › backtick fence text is not converted until Enter
    [firefox] › test\integration\user-interaction\content\code-block-language-tag.spec.js:171:3 › Code-block language tag dialog › cursor offset is correct in source view after changing language in writing view
    [firefox] › test\integration\user-interaction\content\cursor-typing-delimiters.spec.js:147:1 › typing ***word*** renders as bold inside italic in source view
    [firefox] › test\integration\user-interaction\content\cursor-typing-delimiters.spec.js:172:1 › typing after closing * produces plain text, not italic
    [firefox] › test\integration\user-interaction\content\cursor-typing-delimiters.spec.js:203:1 › typing after closing ** produces plain text, not bold
    [firefox] › test\integration\user-interaction\content\cursor-typing-delimiters.spec.js:226:1 › typing after closing ~~ produces plain text, not strikethrough
    [firefox] › test\integration\user-interaction\content\heading-input.spec.js:28:1 › typing "# main" letter by letter creates a heading with correct content
    [firefox] › test\integration\user-interaction\content\inline-image.spec.js:74:1 › image syntax round-trips through source view correctly
    [firefox] › test\integration\user-interaction\content\inline-image.spec.js:95:1 › removing ! in source view converts inline image to link
    [firefox] › test\integration\user-interaction\content\source-view-prefix-edit.spec.js:119:3 › Heading1 prefix (# ) › insert in prefix
    [firefox] › test\integration\user-interaction\content\source-view-prefix-edit.spec.js:135:3 › Heading1 prefix (# ) › delete in prefix
    [firefox] › test\integration\user-interaction\content\source-view-prefix-edit.spec.js:151:3 › Heading1 prefix (# ) › backspace in prefix
    [firefox] › test\integration\user-interaction\content\source-view-prefix-edit.spec.js:169:3 › Heading2 prefix (## ) › insert in prefix
    [firefox] › test\integration\user-interaction\content\source-view-prefix-edit.spec.js:183:3 › Heading2 prefix (## ) › delete in prefix
    [firefox] › test\integration\user-interaction\content\source-view-prefix-edit.spec.js:197:3 › Heading2 prefix (## ) › backspace in prefix
    [firefox] › test\integration\user-interaction\content\source-view-prefix-edit.spec.js:213:3 › Blockquote prefix (> ) › insert in prefix
    [firefox] › test\integration\user-interaction\content\source-view-prefix-edit.spec.js:227:3 › Blockquote prefix (> ) › delete in prefix
    [firefox] › test\integration\user-interaction\content\source-view-prefix-edit.spec.js:241:3 › Blockquote prefix (> ) › backspace in prefix
    [firefox] › test\integration\user-interaction\content\source-view-prefix-edit.spec.js:257:3 › Unordered list prefix (- ) › insert in prefix
    [firefox] › test\integration\user-interaction\content\source-view-prefix-edit.spec.js:271:3 › Unordered list prefix (- ) › delete in prefix
    [firefox] › test\integration\user-interaction\content\source-view-prefix-edit.spec.js:285:3 › Unordered list prefix (- ) › backspace in prefix
    [firefox] › test\integration\user-interaction\content\source-view-prefix-edit.spec.js:301:3 › Ordered list prefix (1. ) › insert in prefix
    [firefox] › test\integration\user-interaction\content\source-view-prefix-edit.spec.js:315:3 › Ordered list prefix (1. ) › delete in prefix
    [firefox] › test\integration\user-interaction\content\source-view-prefix-edit.spec.js:329:3 › Ordered list prefix (1. ) › backspace in prefix
    [firefox] › test\integration\user-interaction\content\source-view-prefix-edit.spec.js:345:3 › Checklist prefix (- [ ] ) › insert in prefix
    [firefox] › test\integration\user-interaction\content\source-view-prefix-edit.spec.js:360:3 › Checklist prefix (- [ ] ) › delete in prefix
    [firefox] › test\integration\user-interaction\content\source-view-prefix-edit.spec.js:375:3 › Checklist prefix (- [ ] ) › backspace in prefix
    [firefox] › test\integration\user-interaction\content\source-view-prefix-edit.spec.js:392:3 › Code fence — three ticks, no language › insert on opening fence
    [firefox] › test\integration\user-interaction\content\source-view-prefix-edit.spec.js:406:3 › Code fence — three ticks, no language › delete on opening fence
    [firefox] › test\integration\user-interaction\content\source-view-prefix-edit.spec.js:419:3 › Code fence — three ticks, no language › backspace on opening fence
    [firefox] › test\integration\user-interaction\content\source-view-prefix-edit.spec.js:434:3 › Code fence — three ticks, with language › insert in language tag
    [firefox] › test\integration\user-interaction\content\source-view-prefix-edit.spec.js:448:3 › Code fence — three ticks, with language › delete in language tag
    [firefox] › test\integration\user-interaction\content\source-view-prefix-edit.spec.js:462:3 › Code fence — three ticks, with language › backspace in language tag
    [firefox] › test\integration\user-interaction\content\source-view-prefix-edit.spec.js:478:3 › Code fence — eight ticks, no language › insert on opening fence
    [firefox] › test\integration\user-interaction\content\source-view-prefix-edit.spec.js:494:3 › Code fence — eight ticks, no language › delete on opening fence
    [firefox] › test\integration\user-interaction\content\source-view-prefix-edit.spec.js:509:3 › Code fence — eight ticks, no language › backspace on opening fence
    [firefox] › test\integration\user-interaction\content\source-view-prefix-edit.spec.js:525:3 › Code fence — eight ticks, with language › insert in language tag
    [firefox] › test\integration\user-interaction\content\source-view-prefix-edit.spec.js:540:3 › Code fence — eight ticks, with language › delete in language tag
    [firefox] › test\integration\user-interaction\content\source-view-prefix-edit.spec.js:554:3 › Code fence — eight ticks, with language › backspace in language tag
    [firefox] › test\integration\user-interaction\content\source-view-summary-edit.spec.js:42:1 › typing a character on the summary line in source view inserts it without rewriting the line
    [firefox] › test\integration\user-interaction\interaction\click-outside-defocus.spec.js:122:1 › defocus is a no-op in source view
    [firefox] › test\integration\user-interaction\interaction\cursor-sync.spec.js:47:1 › cursors sync after typing text
    [firefox] › test\integration\user-interaction\interaction\cursor-sync.spec.js:79:1 › cursors sync after backspace
    [firefox] › test\integration\user-interaction\interaction\cursor-sync.spec.js:115:1 › cursors sync after Enter splits a paragraph
    [firefox] › test\integration\user-interaction\interaction\cursor-sync.spec.js:136:1 › cursors sync after backspace merges paragraphs
    [firefox] › test\integration\user-interaction\interaction\cursor-sync.spec.js:157:1 › cursors sync after clicking a different node
    [firefox] › test\integration\user-interaction\interaction\cursor-sync.spec.js:238:1 › cursors sync after creating and exiting a list item
    [firefox] › test\integration\user-interaction\interaction\cursor-sync.spec.js:290:1 › treeCursor persists after blur in writing view
    [firefox] › test\integration\user-interaction\interaction\paste.spec.js:61:3 › Paste in source view › single-line paste inserts text at cursor
    [firefox] › test\integration\user-interaction\interaction\range-handling.spec.js:443:3 › Writing-view copy › cross-node copy produces markdown with block prefixes
  2 skipped
  12 did not run
  300 passed (3.3m)
